
════════════════════════════════════════════════════════
    RITUAL OJOS — Beru rango MULTI (lineal USDT)
    Santos: 1 · manos OFF · bridge PROPIO por Santo
    A
    FASE: HIERRO | SIM=True
    Oído: tratos públicos ON (mecha trato a trato) · libros OFF
════════════════════════════════════════════════════════

[RANGO] Levantando 1 puentes independientes (sin fila compartida)…
[RANGO] Flota multi 1 · cada uno pide a la API · sin disparos. Ctrl+C sella.

[2026-09-01 20:13:17] [BERU_RANGO] WAKE: RANGO_A_c67a7f16 0=0.073730 Vacío ±1.2% → trailing Oz 0.2% · masa $0.20 · Red→$0.
[BERU_RANGO] WAKE RANGO_A_c67a7f16 0=0.07373 precio=0.07373 masa_usd=0.2
[RANGO] Wake A 0=0.07373 · manos=OFF · bridge=PROPIO · pid=6220
[TANK] Trinidad 22 activos | pentiverso ['LTC', 'BTC'] | beru ['ETHUSDT_SPOT'] | ref: BTC (HIERRO).
[2026-09-01 20:13:17] [OKX_BRIDGE] OJOS: WS tickers SWAP · 1 inst · bases=A
[RANGO] AUSDT_LINEAL last=0.07373 · río=WS · estado=ACECHANDO · manos=OFF · pid=6220 · bridge=PROPIO
[RANGO] AUSDT_LINEAL last=0.07373 · río=WS · estado=ACECHANDO · manos=OFF · pid=6220 · bridge=PROPIO
[RANGO] AUSDT_LINEAL last=0.07373 · río=WS · estado=ACECHANDO · manos=OFF · pid=6220 · bridge=PROPIO
[RANGO] AUSDT_LINEAL last=0.07373 · río=WS · estado=ACECHANDO · manos=OFF · pid=6220 · bridge=PROPIO
[RANGO] AUSDT_LINEAL last=0.07373 · río=WS · estado=ACECHANDO · manos=OFF · pid=6220 · bridge=PROPIO
[RANGO] AUSDT_LINEAL last=0.07373 · río=WS · estado=ACECHANDO · manos=OFF · pid=6220 · bridge=PROPIO
[RANGO] AUSDT_LINEAL last=0.07373 · río=WS · estado=ACECHANDO · manos=OFF · pid=6220 · bridge=PROPIO
[RANGO] AUSDT_LINEAL last=0.07373 · río=WS · estado=ACECHANDO · manos=OFF · pid=6220 · bridge=PROPIO
[RANGO] AUSDT_LINEAL last=0.07373 · río=WS · estado=ACECHANDO · manos=OFF · pid=6220 · bridge=PROPIO
[RANGO] AUSDT_LINEAL last=0.0738 · río=WS · estado=ACECHANDO · manos=OFF · pid=6220 · bridge=PROPIO
[RANGO] AUSDT_LINEAL last=0.0738 · río=WS · estado=ACECHANDO · manos=OFF · pid=6220 · bridge=PROPIO
[RANGO] AUSDT_LINEAL last=0.0738 · río=WS · estado=ACECHANDO · manos=OFF · pid=6220 · bridge=PROPIO
[RANGO] AUSDT_LINEAL last=0.0738 · río=WS · estado=ACECHANDO · manos=OFF · pid=6220 · bridge=PROPIO
[RANGO] AUSDT_LINEAL last=0.0739 · río=WS · estado=ACECHANDO · manos=OFF · pid=6220 · bridge=PROPIO
[RANGO] AUSDT_LINEAL last=0.0739 · río=WS · estado=ACECHANDO · manos=OFF · pid=6220 · bridge=PROPIO
[RANGO] AUSDT_LINEAL last=0.0739 · río=WS · estado=ACECHANDO · manos=OFF · pid=6220 · bridge=PROPIO
[RANGO] AUSDT_LINEAL last=0.0739 · río=WS · estado=ACECHANDO · manos=OFF · pid=6220 · bridge=PROPIO
[RANGO] AUSDT_LINEAL last=0.0739 · río=WS · estado=ACECHANDO · manos=OFF · pid=6220 · bridge=PROPIO
[RANGO] AUSDT_LINEAL last=0.0739 · río=WS · estado=ACECHANDO · manos=OFF · pid=6220 · bridge=PROPIO
[RANGO] AUSDT_LINEAL last=0.0739 · río=WS · estado=ACECHANDO · manos=OFF · pid=6220 · bridge=PROPIO
[RANGO] AUSDT_LINEAL last=0.07393 · río=WS · estado=ACECHANDO · manos=OFF · pid=6220 · bridge=PROPIO
[RANGO] AUSDT_LINEAL last=0.07393 · río=WS · estado=ACECHANDO · manos=OFF · pid=6220 · bridge=PROPIO
[RANGO] AUSDT_LINEAL last=0.07393 · río=WS · estado=ACECHANDO · manos=OFF · pid=6220 · bridge=PROPIO
[RANGO] AUSDT_LINEAL last=0.07393 · río=WS · estado=ACECHANDO · manos=OFF · pid=6220 · bridge=PROPIO
[RANGO] AUSDT_LINEAL last=0.07393 · río=WS · estado=ACECHANDO · manos=OFF · pid=6220 · bridge=PROPIO
[RANGO] AUSDT_LINEAL last=0.07405 · río=WS · estado=ACECHANDO · manos=OFF · pid=6220 · bridge=PROPIO
[RANGO] AUSDT_LINEAL last=0.07405 · río=WS · estado=ACECHANDO · manos=OFF · pid=6220 · bridge=PROPIO
[RANGO] AUSDT_LINEAL last=0.07405 · río=WS · estado=ACECHANDO · manos=OFF · pid=6220 · bridge=PROPIO
[RANGO] AUSDT_LINEAL last=0.07405 · río=WS · estado=ACECHANDO · manos=OFF · pid=6220 · bridge=PROPIO
[RANGO] AUSDT_LINEAL last=0.07405 · río=WS · estado=ACECHANDO · manos=OFF · pid=6220 · bridge=PROPIO
[RANGO] AUSDT_LINEAL last=0.07405 · río=WS · estado=ACECHANDO · manos=OFF · pid=6220 · bridge=PROPIO
[RANGO] AUSDT_LINEAL last=0.07405 · río=WS · estado=ACECHANDO · manos=OFF · pid=6220 · bridge=PROPIO
[RANGO] AUSDT_LINEAL last=0.07405 · río=WS · estado=ACECHANDO · manos=OFF · pid=6220 · bridge=PROPIO
[RANGO] AUSDT_LINEAL last=0.07405 · río=WS · estado=ACECHANDO · manos=OFF · pid=6220 · bridge=PROPIO
[RANGO] AUSDT_LINEAL last=0.07405 · río=WS · estado=ACECHANDO · manos=OFF · pid=6220 · bridge=PROPIO
[RANGO] AUSDT_LINEAL last=0.07405 · río=WS · estado=ACECHANDO · manos=OFF · pid=6220 · bridge=PROPIO
[RANGO] AUSDT_LINEAL last=0.07405 · río=WS · estado=ACECHANDO · manos=OFF · pid=6220 · bridge=PROPIO
[RANGO] AUSDT_LINEAL last=0.07405 · río=WS · estado=ACECHANDO · manos=OFF · pid=6220 · bridge=PROPIO
[RANGO] AUSDT_LINEAL last=0.07405 · río=WS · estado=ACECHANDO · manos=OFF · pid=6220 · bridge=PROPIO
[RANGO] AUSDT_LINEAL last=0.07405 · río=WS · estado=ACECHANDO · manos=OFF · pid=6220 · bridge=PROPIO
[RANGO] AUSDT_LINEAL last=0.07405 · río=WS · estado=ACECHANDO · manos=OFF · pid=6220 · bridge=PROPIO
[RANGO] AUSDT_LINEAL last=0.07405 · río=WS · estado=ACECHANDO · manos=OFF · pid=6220 · bridge=PROPIO
[RANGO] AUSDT_LINEAL last=0.07405 · río=WS · estado=ACECHANDO · manos=OFF · pid=6220 · bridge=PROPIO
[RANGO] AUSDT_LINEAL last=0.07405 · río=WS · estado=ACECHANDO · manos=OFF · pid=6220 · bridge=PROPIO
[RANGO] AUSDT_LINEAL last=0.07405 · río=WS · estado=ACECHANDO · manos=OFF · pid=6220 · bridge=PROPIO
[RANGO] AUSDT_LINEAL last=0.07405 · río=WS · estado=ACECHANDO · manos=OFF · pid=6220 · bridge=PROPIO
[RANGO] AUSDT_LINEAL last=0.07405 · río=WS · estado=ACECHANDO · manos=OFF · pid=6220 · bridge=PROPIO
[RANGO] AUSDT_LINEAL last=0.07421 · río=WS · estado=ACECHANDO · manos=OFF · pid=6220 · bridge=PROPIO
[RANGO] AUSDT_LINEAL last=0.07421 · río=WS · estado=ACECHANDO · manos=OFF · pid=6220 · bridge=PROPIO
[RANGO] AUSDT_LINEAL last=0.07421 · río=WS · estado=ACECHANDO · manos=OFF · pid=6220 · bridge=PROPIO
[RANGO] AUSDT_LINEAL last=0.07421 · río=WS · estado=ACECHANDO · manos=OFF · pid=6220 · bridge=PROPIO
[RANGO] AUSDT_LINEAL last=0.07421 · río=WS · estado=ACECHANDO · manos=OFF · pid=6220 · bridge=PROPIO
[RANGO] AUSDT_LINEAL last=0.07415 · río=WS · estado=ACECHANDO · manos=OFF · pid=6220 · bridge=PROPIO
[RANGO] AUSDT_LINEAL last=0.07415 · río=WS · estado=ACECHANDO · manos=OFF · pid=6220 · bridge=PROPIO
[RANGO] AUSDT_LINEAL last=0.07415 · río=WS · estado=ACECHANDO · manos=OFF · pid=6220 · bridge=PROPIO
[RANGO] AUSDT_LINEAL last=0.07422 · río=WS · estado=ACECHANDO · manos=OFF · pid=6220 · bridge=PROPIO
[RANGO] AUSDT_LINEAL last=0.07422 · río=WS · estado=ACECHANDO · manos=OFF · pid=6220 · bridge=PROPIO
[RANGO] AUSDT_LINEAL last=0.07422 · río=WS · estado=ACECHANDO · manos=OFF · pid=6220 · bridge=PROPIO
[RANGO] AUSDT_LINEAL last=0.07422 · río=WS · estado=ACECHANDO · manos=OFF · pid=6220 · bridge=PROPIO
[RANGO] AUSDT_LINEAL last=0.0743 · río=WS · estado=ACECHANDO · manos=OFF · pid=6220 · bridge=PROPIO
[RANGO] AUSDT_LINEAL last=0.0743 · río=WS · estado=ACECHANDO · manos=OFF · pid=6220 · bridge=PROPIO
[RANGO] AUSDT_LINEAL last=0.0743 · río=WS · estado=ACECHANDO · manos=OFF · pid=6220 · bridge=PROPIO
[RANGO] AUSDT_LINEAL last=0.0743 · río=WS · estado=ACECHANDO · manos=OFF · pid=6220 · bridge=PROPIO
[RANGO] AUSDT_LINEAL last=0.0743 · río=WS · estado=ACECHANDO · manos=OFF · pid=6220 · bridge=PROPIO
[RANGO] AUSDT_LINEAL last=0.0743 · río=WS · estado=ACECHANDO · manos=OFF · pid=6220 · bridge=PROPIO
[RANGO] AUSDT_LINEAL last=0.0743 · río=WS · estado=ACECHANDO · manos=OFF · pid=6220 · bridge=PROPIO
[RANGO] AUSDT_LINEAL last=0.0743 · río=WS · estado=ACECHANDO · manos=OFF · pid=6220 · bridge=PROPIO
[RANGO] AUSDT_LINEAL last=0.0743 · río=WS · estado=ACECHANDO · manos=OFF · pid=6220 · bridge=PROPIO
[RANGO] AUSDT_LINEAL last=0.0743 · río=WS · estado=ACECHANDO · manos=OFF · pid=6220 · bridge=PROPIO
[RANGO] AUSDT_LINEAL last=0.0743 · río=WS · estado=ACECHANDO · manos=OFF · pid=6220 · bridge=PROPIO
[RANGO] AUSDT_LINEAL last=0.0743 · río=WS · estado=ACECHANDO · manos=OFF · pid=6220 · bridge=PROPIO
[RANGO] AUSDT_LINEAL last=0.0743 · río=WS · estado=ACECHANDO · manos=OFF · pid=6220 · bridge=PROPIO
[RANGO] AUSDT_LINEAL last=0.0743 · río=WS · estado=ACECHANDO · manos=OFF · pid=6220 · bridge=PROPIO
[RANGO] AUSDT_LINEAL last=0.07431 · río=WS · estado=ACECHANDO · manos=OFF · pid=6220 · bridge=PROPIO
[RANGO] AUSDT_LINEAL last=0.07431 · río=WS · estado=ACECHANDO · manos=OFF · pid=6220 · bridge=PROPIO
[RANGO] AUSDT_LINEAL last=0.07431 · río=WS · estado=ACECHANDO · manos=OFF · pid=6220 · bridge=PROPIO
[RANGO] AUSDT_LINEAL last=0.07431 · río=WS · estado=ACECHANDO · manos=OFF · pid=6220 · bridge=PROPIO
[RANGO] AUSDT_LINEAL last=0.07431 · río=WS · estado=ACECHANDO · manos=OFF · pid=6220 · bridge=PROPIO
[RANGO] AUSDT_LINEAL last=0.07431 · río=WS · estado=ACECHANDO · manos=OFF · pid=6220 · bridge=PROPIO
[RANGO] AUSDT_LINEAL last=0.07431 · río=WS · estado=ACECHANDO · manos=OFF · pid=6220 · bridge=PROPIO
[RANGO] AUSDT_LINEAL last=0.07431 · río=WS · estado=ACECHANDO · manos=OFF · pid=6220 · bridge=PROPIO
[RANGO] AUSDT_LINEAL last=0.07431 · río=WS · estado=ACECHANDO · manos=OFF · pid=6220 · bridge=PROPIO
[RANGO] AUSDT_LINEAL last=0.07431 · río=WS · estado=ACECHANDO · manos=OFF · pid=6220 · bridge=PROPIO
[RANGO] AUSDT_LINEAL last=0.07439 · río=WS · estado=ACECHANDO · manos=OFF · pid=6220 · bridge=PROPIO
[RANGO] AUSDT_LINEAL last=0.07439 · río=WS · estado=ACECHANDO · manos=OFF · pid=6220 · bridge=PROPIO
[RANGO] AUSDT_LINEAL last=0.07439 · río=WS · estado=ACECHANDO · manos=OFF · pid=6220 · bridge=PROPIO
[RANGO] AUSDT_LINEAL last=0.07439 · río=WS · estado=ACECHANDO · manos=OFF · pid=6220 · bridge=PROPIO
[RANGO] AUSDT_LINEAL last=0.07439 · río=WS · estado=ACECHANDO · manos=OFF · pid=6220 · bridge=PROPIO
[RANGO] AUSDT_LINEAL last=0.07439 · río=WS · estado=ACECHANDO · manos=OFF · pid=6220 · bridge=PROPIO
[RANGO] AUSDT_LINEAL last=0.07439 · río=WS · estado=ACECHANDO · manos=OFF · pid=6220 · bridge=PROPIO
[RANGO] AUSDT_LINEAL last=0.07439 · río=WS · estado=ACECHANDO · manos=OFF · pid=6220 · bridge=PROPIO
[RANGO] AUSDT_LINEAL last=0.07444 · río=WS · estado=ACECHANDO · manos=OFF · pid=6220 · bridge=PROPIO
[RANGO] AUSDT_LINEAL last=0.07442 · río=WS · estado=ACECHANDO · manos=OFF · pid=6220 · bridge=PROPIO
[RANGO] AUSDT_LINEAL last=0.07442 · río=WS · estado=ACECHANDO · manos=OFF · pid=6220 · bridge=PROPIO
[RANGO] AUSDT_LINEAL last=0.07442 · río=WS · estado=ACECHANDO · manos=OFF · pid=6220 · bridge=PROPIO
[RANGO] AUSDT_LINEAL last=0.07442 · río=WS · estado=ACECHANDO · manos=OFF · pid=6220 · bridge=PROPIO
[RANGO] AUSDT_LINEAL last=0.07442 · río=WS · estado=ACECHANDO · manos=OFF · pid=6220 · bridge=PROPIO
[RANGO] AUSDT_LINEAL last=0.07442 · río=WS · estado=ACECHANDO · manos=OFF · pid=6220 · bridge=PROPIO
[RANGO] AUSDT_LINEAL last=0.07442 · río=WS · estado=ACECHANDO · manos=OFF · pid=6220 · bridge=PROPIO
[RANGO] AUSDT_LINEAL last=0.07444 · río=WS · estado=ACECHANDO · manos=OFF · pid=6220 · bridge=PROPIO
[RANGO] AUSDT_LINEAL last=0.07444 · río=WS · estado=ACECHANDO · manos=OFF · pid=6220 · bridge=PROPIO
[RANGO] AUSDT_LINEAL last=0.07444 · río=WS · estado=ACECHANDO · manos=OFF · pid=6220 · bridge=PROPIO
[RANGO] AUSDT_LINEAL last=0.07444 · río=WS · estado=ACECHANDO · manos=OFF · pid=6220 · bridge=PROPIO
[RANGO] AUSDT_LINEAL last=0.07444 · río=WS · estado=ACECHANDO · manos=OFF · pid=6220 · bridge=PROPIO
[RANGO] AUSDT_LINEAL last=0.07444 · río=WS · estado=ACECHANDO · manos=OFF · pid=6220 · bridge=PROPIO
[RANGO] AUSDT_LINEAL last=0.07444 · río=WS · estado=ACECHANDO · manos=OFF · pid=6220 · bridge=PROPIO
[RANGO] AUSDT_LINEAL last=0.07444 · río=WS · estado=ACECHANDO · manos=OFF · pid=6220 · bridge=PROPIO
[RANGO] AUSDT_LINEAL last=0.07439 · río=WS · estado=ACECHANDO · manos=OFF · pid=6220 · bridge=PROPIO
[RANGO] AUSDT_LINEAL last=0.07439 · río=WS · estado=ACECHANDO · manos=OFF · pid=6220 · bridge=PROPIO
[RANGO] AUSDT_LINEAL last=0.07439 · río=WS · estado=ACECHANDO · manos=OFF · pid=6220 · bridge=PROPIO
[RANGO] AUSDT_LINEAL last=0.07439 · río=WS · estado=ACECHANDO · manos=OFF · pid=6220 · bridge=PROPIO
[RANGO] AUSDT_LINEAL last=0.07439 · río=WS · estado=ACECHANDO · manos=OFF · pid=6220 · bridge=PROPIO
[RANGO] AUSDT_LINEAL last=0.07439 · río=WS · estado=ACECHANDO · manos=OFF · pid=6220 · bridge=PROPIO
[RANGO] AUSDT_LINEAL last=0.07439 · río=WS · estado=ACECHANDO · manos=OFF · pid=6220 · bridge=PROPIO
[RANGO] AUSDT_LINEAL last=0.07439 · río=WS · estado=ACECHANDO · manos=OFF · pid=6220 · bridge=PROPIO
[RANGO] AUSDT_LINEAL last=0.07439 · río=WS · estado=ACECHANDO · manos=OFF · pid=6220 · bridge=PROPIO
[RANGO] AUSDT_LINEAL last=0.07439 · río=WS · estado=ACECHANDO · manos=OFF · pid=6220 · bridge=PROPIO
[RANGO] AUSDT_LINEAL last=0.07439 · río=WS · estado=ACECHANDO · manos=OFF · pid=6220 · bridge=PROPIO
[RANGO] AUSDT_LINEAL last=0.07432 · río=WS · estado=ACECHANDO · manos=OFF · pid=6220 · bridge=PROPIO
[RANGO] AUSDT_LINEAL last=0.07432 · río=WS · estado=ACECHANDO · manos=OFF · pid=6220 · bridge=PROPIO
[RANGO] AUSDT_LINEAL last=0.07432 · río=WS · estado=ACECHANDO · manos=OFF · pid=6220 · bridge=PROPIO
[RANGO] AUSDT_LINEAL last=0.07432 · río=WS · estado=ACECHANDO · manos=OFF · pid=6220 · bridge=PROPIO
[RANGO] AUSDT_LINEAL last=0.07432 · río=WS · estado=ACECHANDO · manos=OFF · pid=6220 · bridge=PROPIO
[RANGO] AUSDT_LINEAL last=0.0744 · río=WS · estado=ACECHANDO · manos=OFF · pid=6220 · bridge=PROPIO
[RANGO] AUSDT_LINEAL last=0.0744 · río=WS · estado=ACECHANDO · manos=OFF · pid=6220 · bridge=PROPIO
[RANGO] AUSDT_LINEAL last=0.0744 · río=WS · estado=ACECHANDO · manos=OFF · pid=6220 · bridge=PROPIO
[RANGO] AUSDT_LINEAL last=0.07434 · río=WS · estado=ACECHANDO · manos=OFF · pid=6220 · bridge=PROPIO
[RANGO] AUSDT_LINEAL last=0.07441 · río=WS · estado=ACECHANDO · manos=OFF · pid=6220 · bridge=PROPIO
[RANGO] AUSDT_LINEAL last=0.07436 · río=WS · estado=ACECHANDO · manos=OFF · pid=6220 · bridge=PROPIO
[RANGO] AUSDT_LINEAL last=0.07436 · río=WS · estado=ACECHANDO · manos=OFF · pid=6220 · bridge=PROPIO
[RANGO] AUSDT_LINEAL last=0.07436 · río=WS · estado=ACECHANDO · manos=OFF · pid=6220 · bridge=PROPIO
[RANGO] AUSDT_LINEAL last=0.07439 · río=WS · estado=ACECHANDO · manos=OFF · pid=6220 · bridge=PROPIO
[RANGO] AUSDT_LINEAL last=0.07439 · río=WS · estado=ACECHANDO · manos=OFF · pid=6220 · bridge=PROPIO
[RANGO] AUSDT_LINEAL last=0.07439 · río=WS · estado=ACECHANDO · manos=OFF · pid=6220 · bridge=PROPIO
[RANGO] AUSDT_LINEAL last=0.07439 · río=WS · estado=ACECHANDO · manos=OFF · pid=6220 · bridge=PROPIO
[RANGO] AUSDT_LINEAL last=0.07441 · río=WS · estado=ACECHANDO · manos=OFF · pid=6220 · bridge=PROPIO
[RANGO] AUSDT_LINEAL last=0.07441 · río=WS · estado=ACECHANDO · manos=OFF · pid=6220 · bridge=PROPIO
[RANGO] AUSDT_LINEAL last=0.07441 · río=WS · estado=ACECHANDO · manos=OFF · pid=6220 · bridge=PROPIO
[RANGO] AUSDT_LINEAL last=0.07441 · río=WS · estado=ACECHANDO · manos=OFF · pid=6220 · bridge=PROPIO
[RANGO] AUSDT_LINEAL last=0.07442 · río=WS · estado=ACECHANDO · manos=OFF · pid=6220 · bridge=PROPIO
[RANGO] AUSDT_LINEAL last=0.07442 · río=WS · estado=ACECHANDO · manos=OFF · pid=6220 · bridge=PROPIO
[RANGO] AUSDT_LINEAL last=0.07442 · río=WS · estado=ACECHANDO · manos=OFF · pid=6220 · bridge=PROPIO
[RANGO] AUSDT_LINEAL last=0.07442 · río=WS · estado=ACECHANDO · manos=OFF · pid=6220 · bridge=PROPIO
[RANGO] AUSDT_LINEAL last=0.07441 · río=WS · estado=ACECHANDO · manos=OFF · pid=6220 · bridge=PROPIO
[RANGO] AUSDT_LINEAL last=0.07441 · río=WS · estado=ACECHANDO · manos=OFF · pid=6220 · bridge=PROPIO
[RANGO] AUSDT_LINEAL last=0.07441 · río=WS · estado=ACECHANDO · manos=OFF · pid=6220 · bridge=PROPIO
[RANGO] AUSDT_LINEAL last=0.07441 · río=WS · estado=ACECHANDO · manos=OFF · pid=6220 · bridge=PROPIO
[RANGO] AUSDT_LINEAL last=0.07441 · río=WS · estado=ACECHANDO · manos=OFF · pid=6220 · bridge=PROPIO
[RANGO] AUSDT_LINEAL last=0.07441 · río=WS · estado=ACECHANDO · manos=OFF · pid=6220 · bridge=PROPIO
[RANGO] AUSDT_LINEAL last=0.07441 · río=WS · estado=ACECHANDO · manos=OFF · pid=6220 · bridge=PROPIO
[RANGO] AUSDT_LINEAL last=0.07441 · río=WS · estado=ACECHANDO · manos=OFF · pid=6220 · bridge=PROPIO
[RANGO] AUSDT_LINEAL last=0.07441 · río=WS · estado=ACECHANDO · manos=OFF · pid=6220 · bridge=PROPIO
[RANGO] AUSDT_LINEAL last=0.07441 · río=WS · estado=ACECHANDO · manos=OFF · pid=6220 · bridge=PROPIO
[RANGO] AUSDT_LINEAL last=0.07441 · río=WS · estado=ACECHANDO · manos=OFF · pid=6220 · bridge=PROPIO
[RANGO] AUSDT_LINEAL last=0.07427 · río=WS · estado=ACECHANDO · manos=OFF · pid=6220 · bridge=PROPIO
[RANGO] AUSDT_LINEAL last=0.07437 · río=WS · estado=ACECHANDO · manos=OFF · pid=6220 · bridge=PROPIO
[RANGO] AUSDT_LINEAL last=0.07437 · río=WS · estado=ACECHANDO · manos=OFF · pid=6220 · bridge=PROPIO
[RANGO] AUSDT_LINEAL last=0.07432 · río=WS · estado=ACECHANDO · manos=OFF · pid=6220 · bridge=PROPIO
[RANGO] AUSDT_LINEAL last=0.07432 · río=WS · estado=ACECHANDO · manos=OFF · pid=6220 · bridge=PROPIO
[RANGO] AUSDT_LINEAL last=0.07436 · río=WS · estado=ACECHANDO · manos=OFF · pid=6220 · bridge=PROPIO
[RANGO] AUSDT_LINEAL last=0.07436 · río=WS · estado=ACECHANDO · manos=OFF · pid=6220 · bridge=PROPIO
[RANGO] AUSDT_LINEAL last=0.07436 · río=WS · estado=ACECHANDO · manos=OFF · pid=6220 · bridge=PROPIO
[RANGO] AUSDT_LINEAL last=0.07436 · río=WS · estado=ACECHANDO · manos=OFF · pid=6220 · bridge=PROPIO
[RANGO] AUSDT_LINEAL last=0.07436 · río=WS · estado=ACECHANDO · manos=OFF · pid=6220 · bridge=PROPIO
[RANGO] AUSDT_LINEAL last=0.07436 · río=WS · estado=ACECHANDO · manos=OFF · pid=6220 · bridge=PROPIO
[RANGO] AUSDT_LINEAL last=0.07441 · río=WS · estado=ACECHANDO · manos=OFF · pid=6220 · bridge=PROPIO
[RANGO] AUSDT_LINEAL last=0.07441 · río=WS · estado=ACECHANDO · manos=OFF · pid=6220 · bridge=PROPIO
[RANGO] AUSDT_LINEAL last=0.07441 · río=WS · estado=ACECHANDO · manos=OFF · pid=6220 · bridge=PROPIO
[RANGO] AUSDT_LINEAL last=0.07441 · río=WS · estado=ACECHANDO · manos=OFF · pid=6220 · bridge=PROPIO
[RANGO] AUSDT_LINEAL last=0.07441 · río=WS · estado=ACECHANDO · manos=OFF · pid=6220 · bridge=PROPIO
[RANGO] AUSDT_LINEAL last=0.07441 · río=WS · estado=ACECHANDO · manos=OFF · pid=6220 · bridge=PROPIO
[RANGO] AUSDT_LINEAL last=0.07441 · río=WS · estado=ACECHANDO · manos=OFF · pid=6220 · bridge=PROPIO
[RANGO] AUSDT_LINEAL last=0.07441 · río=WS · estado=ACECHANDO · manos=OFF · pid=6220 · bridge=PROPIO
[RANGO] AUSDT_LINEAL last=0.0744 · río=WS · estado=ACECHANDO · manos=OFF · pid=6220 · bridge=PROPIO
[RANGO] AUSDT_LINEAL last=0.0744 · río=WS · estado=ACECHANDO · manos=OFF · pid=6220 · bridge=PROPIO
[RANGO] AUSDT_LINEAL last=0.0744 · río=WS · estado=ACECHANDO · manos=OFF · pid=6220 · bridge=PROPIO
[RANGO] AUSDT_LINEAL last=0.0744 · río=WS · estado=ACECHANDO · manos=OFF · pid=6220 · bridge=PROPIO
[RANGO] AUSDT_LINEAL last=0.0744 · río=WS · estado=ACECHANDO · manos=OFF · pid=6220 · bridge=PROPIO
[RANGO] AUSDT_LINEAL last=0.0744 · río=WS · estado=ACECHANDO · manos=OFF · pid=6220 · bridge=PROPIO
[RANGO] AUSDT_LINEAL last=0.0744 · río=WS · estado=ACECHANDO · manos=OFF · pid=6220 · bridge=PROPIO
[RANGO] AUSDT_LINEAL last=0.0744 · río=WS · estado=ACECHANDO · manos=OFF · pid=6220 · bridge=PROPIO
[RANGO] AUSDT_LINEAL last=0.0744 · río=WS · estado=ACECHANDO · manos=OFF · pid=6220 · bridge=PROPIO
[RANGO] AUSDT_LINEAL last=0.0744 · río=WS · estado=ACECHANDO · manos=OFF · pid=6220 · bridge=PROPIO
[RANGO] AUSDT_LINEAL last=0.0744 · río=WS · estado=ACECHANDO · manos=OFF · pid=6220 · bridge=PROPIO
[RANGO] AUSDT_LINEAL last=0.0744 · río=WS · estado=ACECHANDO · manos=OFF · pid=6220 · bridge=PROPIO
[RANGO] AUSDT_LINEAL last=0.0744 · río=WS · estado=ACECHANDO · manos=OFF · pid=6220 · bridge=PROPIO
[RANGO] AUSDT_LINEAL last=0.0744 · río=WS · estado=ACECHANDO · manos=OFF · pid=6220 · bridge=PROPIO
[RANGO] AUSDT_LINEAL last=0.0744 · río=WS · estado=ACECHANDO · manos=OFF · pid=6220 · bridge=PROPIO
[RANGO] AUSDT_LINEAL last=0.0744 · río=WS · estado=ACECHANDO · manos=OFF · pid=6220 · bridge=PROPIO
[RANGO] AUSDT_LINEAL last=0.0744 · río=WS · estado=ACECHANDO · manos=OFF · pid=6220 · bridge=PROPIO
[RANGO] AUSDT_LINEAL last=0.0744 · río=WS · estado=ACECHANDO · manos=OFF · pid=6220 · bridge=PROPIO
[RANGO] AUSDT_LINEAL last=0.0744 · río=WS · estado=ACECHANDO · manos=OFF · pid=6220 · bridge=PROPIO
[RANGO] AUSDT_LINEAL last=0.0744 · río=WS · estado=ACECHANDO · manos=OFF · pid=6220 · bridge=PROPIO
[RANGO] AUSDT_LINEAL last=0.07455 · río=WS · estado=ACECHANDO · manos=OFF · pid=6220 · bridge=PROPIO
[RANGO] AUSDT_LINEAL last=0.07455 · río=WS · estado=ACECHANDO · manos=OFF · pid=6220 · bridge=PROPIO
[RANGO] AUSDT_LINEAL last=0.07459 · río=WS · estado=ACECHANDO · manos=OFF · pid=6220 · bridge=PROPIO
[RANGO] AUSDT_LINEAL last=0.07451 · río=WS · estado=ACECHANDO · manos=OFF · pid=6220 · bridge=PROPIO
[RANGO] AUSDT_LINEAL last=0.07451 · río=WS · estado=ACECHANDO · manos=OFF · pid=6220 · bridge=PROPIO
[RANGO] AUSDT_LINEAL last=0.07451 · río=WS · estado=ACECHANDO · manos=OFF · pid=6220 · bridge=PROPIO
[RANGO] AUSDT_LINEAL last=0.07454 · río=WS · estado=ACECHANDO · manos=OFF · pid=6220 · bridge=PROPIO
[RANGO] AUSDT_LINEAL last=0.07454 · río=WS · estado=ACECHANDO · manos=OFF · pid=6220 · bridge=PROPIO
[RANGO] AUSDT_LINEAL last=0.07454 · río=WS · estado=ACECHANDO · manos=OFF · pid=6220 · bridge=PROPIO
[RANGO] AUSDT_LINEAL last=0.07454 · río=WS · estado=ACECHANDO · manos=OFF · pid=6220 · bridge=PROPIO
[2026-09-01 21:04:00] [BERU_RANGO] ARMAR: RANGO_A_c67a7f16 VACIO_ARRIBA → trailing SHORT Oz @0.074391 (0,2 detrás de extremo 0.074540) Red @0.000000 ($0.20).
[BERU_RANGO] ARMAR RANGO_A_c67a7f16 VACIO_ARRIBA direccion=SHORT oz_adan=0.07439092 red_adan=0.0 masa_usd=0.2 trail_extremo=0.07454
[RANGO] A → ARMAR_ARRIBA
[RANGO] AUSDT_LINEAL last=0.07463 · río=WS · estado=CAZANDO · manos=OFF · pid=6220 · bridge=PROPIO
[RANGO] AUSDT_LINEAL last=0.07463 · río=WS · estado=CAZANDO · manos=OFF · pid=6220 · bridge=PROPIO
[RANGO] AUSDT_LINEAL last=0.07463 · río=WS · estado=CAZANDO · manos=OFF · pid=6220 · bridge=PROPIO
[RANGO] AUSDT_LINEAL last=0.07463 · río=WS · estado=CAZANDO · manos=OFF · pid=6220 · bridge=PROPIO
[RANGO] AUSDT_LINEAL last=0.07463 · río=WS · estado=CAZANDO · manos=OFF · pid=6220 · bridge=PROPIO
[RANGO] AUSDT_LINEAL last=0.07463 · río=WS · estado=CAZANDO · manos=OFF · pid=6220 · bridge=PROPIO
[RANGO] AUSDT_LINEAL last=0.07463 · río=WS · estado=CAZANDO · manos=OFF · pid=6220 · bridge=PROPIO
[RANGO] AUSDT_LINEAL last=0.07463 · río=WS · estado=CAZANDO · manos=OFF · pid=6220 · bridge=PROPIO
[RANGO] AUSDT_LINEAL last=0.07463 · río=WS · estado=CAZANDO · manos=OFF · pid=6220 · bridge=PROPIO
[RANGO] AUSDT_LINEAL last=0.0746 · río=WS · estado=CAZANDO · manos=OFF · pid=6220 · bridge=PROPIO
[RANGO] AUSDT_LINEAL last=0.0746 · río=WS · estado=CAZANDO · manos=OFF · pid=6220 · bridge=PROPIO
[RANGO] AUSDT_LINEAL last=0.0746 · río=WS · estado=CAZANDO · manos=OFF · pid=6220 · bridge=PROPIO
[RANGO] AUSDT_LINEAL last=0.0746 · río=WS · estado=CAZANDO · manos=OFF · pid=6220 · bridge=PROPIO
[RANGO] AUSDT_LINEAL last=0.0746 · río=WS · estado=CAZANDO · manos=OFF · pid=6220 · bridge=PROPIO
[RANGO] AUSDT_LINEAL last=0.0746 · río=WS · estado=CAZANDO · manos=OFF · pid=6220 · bridge=PROPIO
[RANGO] AUSDT_LINEAL last=0.0746 · río=WS · estado=CAZANDO · manos=OFF · pid=6220 · bridge=PROPIO
[RANGO] AUSDT_LINEAL last=0.07469 · río=WS · estado=CAZANDO · manos=OFF · pid=6220 · bridge=PROPIO
[RANGO] AUSDT_LINEAL last=0.07469 · río=WS · estado=CAZANDO · manos=OFF · pid=6220 · bridge=PROPIO
[RANGO] AUSDT_LINEAL last=0.07459 · río=WS · estado=CAZANDO · manos=OFF · pid=6220 · bridge=PROPIO
[RANGO] AUSDT_LINEAL last=0.07459 · río=WS · estado=CAZANDO · manos=OFF · pid=6220 · bridge=PROPIO
[RANGO] AUSDT_LINEAL last=0.07459 · río=WS · estado=CAZANDO · manos=OFF · pid=6220 · bridge=PROPIO
[RANGO] AUSDT_LINEAL last=0.07459 · río=WS · estado=CAZANDO · manos=OFF · pid=6220 · bridge=PROPIO
[RANGO] AUSDT_LINEAL last=0.07459 · río=WS · estado=CAZANDO · manos=OFF · pid=6220 · bridge=PROPIO
[2026-09-01 21:09:54] [BERU_RANGO] OZ_COSECHA: RANGO_A_c67a7f16 Oz peldaño @0.074541 fill @0.074541 · wake=0.073730 · sangre act. ABAJO 1.2% · Red trailing act. @0.075137 (callback 0.2% · $0) · extremo=0.074690.
[BERU_RANGO] OZ_COSECHA RANGO_A_c67a7f16 wake=0.07373 oz=0.07454062 fill=0.07454062 sangre=ABAJO red=0.07513694496000001 extremo=0.07469 precio=0.07454062 masa_usd=0.41000000000000003
[RANGO] A → OZ_COSECHA
[RANGO] AUSDT_LINEAL last=0.07453 · río=WS · estado=ACECHANDO · manos=OFF · pid=6220 · bridge=PROPIO
[RANGO] AUSDT_LINEAL last=0.07457 · río=WS · estado=ACECHANDO · manos=OFF · pid=6220 · bridge=PROPIO
[RANGO] AUSDT_LINEAL last=0.07457 · río=WS · estado=ACECHANDO · manos=OFF · pid=6220 · bridge=PROPIO
[RANGO] AUSDT_LINEAL last=0.07457 · río=WS · estado=ACECHANDO · manos=OFF · pid=6220 · bridge=PROPIO
[RANGO] AUSDT_LINEAL last=0.0746 · río=WS · estado=ACECHANDO · manos=OFF · pid=6220 · bridge=PROPIO
[RANGO] AUSDT_LINEAL last=0.07466 · río=WS · estado=ACECHANDO · manos=OFF · pid=6220 · bridge=PROPIO
[RANGO] AUSDT_LINEAL last=0.07473 · río=WS · estado=ACECHANDO · manos=OFF · pid=6220 · bridge=PROPIO
[RANGO] AUSDT_LINEAL last=0.07473 · río=WS · estado=ACECHANDO · manos=OFF · pid=6220 · bridge=PROPIO
[RANGO] AUSDT_LINEAL last=0.0748 · río=WS · estado=ACECHANDO · manos=OFF · pid=6220 · bridge=PROPIO
[RANGO] AUSDT_LINEAL last=0.07472 · río=WS · estado=ACECHANDO · manos=OFF · pid=6220 · bridge=PROPIO
[RANGO] AUSDT_LINEAL last=0.07472 · río=WS · estado=ACECHANDO · manos=OFF · pid=6220 · bridge=PROPIO
[RANGO] AUSDT_LINEAL last=0.07472 · río=WS · estado=ACECHANDO · manos=OFF · pid=6220 · bridge=PROPIO
[RANGO] AUSDT_LINEAL last=0.07472 · río=WS · estado=ACECHANDO · manos=OFF · pid=6220 · bridge=PROPIO
[RANGO] AUSDT_LINEAL last=0.07472 · río=WS · estado=ACECHANDO · manos=OFF · pid=6220 · bridge=PROPIO
[RANGO] AUSDT_LINEAL last=0.07472 · río=WS · estado=ACECHANDO · manos=OFF · pid=6220 · bridge=PROPIO
[RANGO] AUSDT_LINEAL last=0.07472 · río=WS · estado=ACECHANDO · manos=OFF · pid=6220 · bridge=PROPIO
[RANGO] AUSDT_LINEAL last=0.07472 · río=WS · estado=ACECHANDO · manos=OFF · pid=6220 · bridge=PROPIO
[RANGO] AUSDT_LINEAL last=0.07472 · río=WS · estado=ACECHANDO · manos=OFF · pid=6220 · bridge=PROPIO
[RANGO] AUSDT_LINEAL last=0.07472 · río=WS · estado=ACECHANDO · manos=OFF · pid=6220 · bridge=PROPIO
[RANGO] AUSDT_LINEAL last=0.07472 · río=WS · estado=ACECHANDO · manos=OFF · pid=6220 · bridge=PROPIO
[RANGO] AUSDT_LINEAL last=0.07472 · río=WS · estado=ACECHANDO · manos=OFF · pid=6220 · bridge=PROPIO
[RANGO] AUSDT_LINEAL last=0.07472 · río=WS · estado=ACECHANDO · manos=OFF · pid=6220 · bridge=PROPIO
[RANGO] AUSDT_LINEAL last=0.07472 · río=WS · estado=ACECHANDO · manos=OFF · pid=6220 · bridge=PROPIO
[RANGO] AUSDT_LINEAL last=0.07472 · río=WS · estado=ACECHANDO · manos=OFF · pid=6220 · bridge=PROPIO
[RANGO] AUSDT_LINEAL last=0.07472 · río=WS · estado=ACECHANDO · manos=OFF · pid=6220 · bridge=PROPIO
[RANGO] AUSDT_LINEAL last=0.07472 · río=WS · estado=ACECHANDO · manos=OFF · pid=6220 · bridge=PROPIO
[RANGO] AUSDT_LINEAL last=0.0747 · río=WS · estado=ACECHANDO · manos=OFF · pid=6220 · bridge=PROPIO
[RANGO] AUSDT_LINEAL last=0.0747 · río=WS · estado=ACECHANDO · manos=OFF · pid=6220 · bridge=PROPIO
[RANGO] AUSDT_LINEAL last=0.0747 · río=WS · estado=ACECHANDO · manos=OFF · pid=6220 · bridge=PROPIO
[RANGO] AUSDT_LINEAL last=0.0747 · río=WS · estado=ACECHANDO · manos=OFF · pid=6220 · bridge=PROPIO
[RANGO] AUSDT_LINEAL last=0.0747 · río=WS · estado=ACECHANDO · manos=OFF · pid=6220 · bridge=PROPIO
[RANGO] AUSDT_LINEAL last=0.0747 · río=WS · estado=ACECHANDO · manos=OFF · pid=6220 · bridge=PROPIO
[RANGO] AUSDT_LINEAL last=0.0747 · río=WS · estado=ACECHANDO · manos=OFF · pid=6220 · bridge=PROPIO
[RANGO] AUSDT_LINEAL last=0.0747 · río=WS · estado=ACECHANDO · manos=OFF · pid=6220 · bridge=PROPIO
[RANGO] AUSDT_LINEAL last=0.0747 · río=WS · estado=ACECHANDO · manos=OFF · pid=6220 · bridge=PROPIO
[RANGO] AUSDT_LINEAL last=0.0747 · río=WS · estado=ACECHANDO · manos=OFF · pid=6220 · bridge=PROPIO
[RANGO] AUSDT_LINEAL last=0.0747 · río=WS · estado=ACECHANDO · manos=OFF · pid=6220 · bridge=PROPIO
[RANGO] AUSDT_LINEAL last=0.0747 · río=WS · estado=ACECHANDO · manos=OFF · pid=6220 · bridge=PROPIO
[RANGO] AUSDT_LINEAL last=0.0747 · río=WS · estado=ACECHANDO · manos=OFF · pid=6220 · bridge=PROPIO
[RANGO] AUSDT_LINEAL last=0.07472 · río=WS · estado=ACECHANDO · manos=OFF · pid=6220 · bridge=PROPIO
[RANGO] AUSDT_LINEAL last=0.07472 · río=WS · estado=ACECHANDO · manos=OFF · pid=6220 · bridge=PROPIO
[RANGO] AUSDT_LINEAL last=0.07472 · río=WS · estado=ACECHANDO · manos=OFF · pid=6220 · bridge=PROPIO
[RANGO] AUSDT_LINEAL last=0.07472 · río=WS · estado=ACECHANDO · manos=OFF · pid=6220 · bridge=PROPIO
[RANGO] AUSDT_LINEAL last=0.07472 · río=WS · estado=ACECHANDO · manos=OFF · pid=6220 · bridge=PROPIO
[RANGO] AUSDT_LINEAL last=0.07472 · río=WS · estado=ACECHANDO · manos=OFF · pid=6220 · bridge=PROPIO
[RANGO] AUSDT_LINEAL last=0.07472 · río=WS · estado=ACECHANDO · manos=OFF · pid=6220 · bridge=PROPIO
[RANGO] AUSDT_LINEAL last=0.07472 · río=WS · estado=ACECHANDO · manos=OFF · pid=6220 · bridge=PROPIO
[RANGO] AUSDT_LINEAL last=0.07472 · río=WS · estado=ACECHANDO · manos=OFF · pid=6220 · bridge=PROPIO
[RANGO] AUSDT_LINEAL last=0.07472 · río=WS · estado=ACECHANDO · manos=OFF · pid=6220 · bridge=PROPIO
[RANGO] AUSDT_LINEAL last=0.07472 · río=WS · estado=ACECHANDO · manos=OFF · pid=6220 · bridge=PROPIO
[RANGO] AUSDT_LINEAL last=0.07472 · río=WS · estado=ACECHANDO · manos=OFF · pid=6220 · bridge=PROPIO
[RANGO] AUSDT_LINEAL last=0.07472 · río=WS · estado=ACECHANDO · manos=OFF · pid=6220 · bridge=PROPIO
[RANGO] AUSDT_LINEAL last=0.07472 · río=WS · estado=ACECHANDO · manos=OFF · pid=6220 · bridge=PROPIO
[RANGO] AUSDT_LINEAL last=0.07472 · río=WS · estado=ACECHANDO · manos=OFF · pid=6220 · bridge=PROPIO
[RANGO] AUSDT_LINEAL last=0.07472 · río=WS · estado=ACECHANDO · manos=OFF · pid=6220 · bridge=PROPIO
[RANGO] AUSDT_LINEAL last=0.07472 · río=WS · estado=ACECHANDO · manos=OFF · pid=6220 · bridge=PROPIO
[RANGO] AUSDT_LINEAL last=0.07472 · río=WS · estado=ACECHANDO · manos=OFF · pid=6220 · bridge=PROPIO
[RANGO] AUSDT_LINEAL last=0.07472 · río=WS · estado=ACECHANDO · manos=OFF · pid=6220 · bridge=PROPIO
[RANGO] AUSDT_LINEAL last=0.07472 · río=WS · estado=ACECHANDO · manos=OFF · pid=6220 · bridge=PROPIO
[RANGO] AUSDT_LINEAL last=0.07472 · río=WS · estado=ACECHANDO · manos=OFF · pid=6220 · bridge=PROPIO
[RANGO] AUSDT_LINEAL last=0.07472 · río=WS · estado=ACECHANDO · manos=OFF · pid=6220 · bridge=PROPIO
[RANGO] AUSDT_LINEAL last=0.07472 · río=WS · estado=ACECHANDO · manos=OFF · pid=6220 · bridge=PROPIO
[RANGO] AUSDT_LINEAL last=0.07472 · río=WS · estado=ACECHANDO · manos=OFF · pid=6220 · bridge=PROPIO
[RANGO] AUSDT_LINEAL last=0.07472 · río=WS · estado=ACECHANDO · manos=OFF · pid=6220 · bridge=PROPIO
[RANGO] AUSDT_LINEAL last=0.07485 · río=WS · estado=ACECHANDO · manos=OFF · pid=6220 · bridge=PROPIO
[RANGO] AUSDT_LINEAL last=0.07485 · río=WS · estado=ACECHANDO · manos=OFF · pid=6220 · bridge=PROPIO
[RANGO] AUSDT_LINEAL last=0.07483 · río=WS · estado=ACECHANDO · manos=OFF · pid=6220 · bridge=PROPIO
[RANGO] AUSDT_LINEAL last=0.07483 · río=WS · estado=ACECHANDO · manos=OFF · pid=6220 · bridge=PROPIO
[RANGO] AUSDT_LINEAL last=0.07483 · río=WS · estado=ACECHANDO · manos=OFF · pid=6220 · bridge=PROPIO
[RANGO] AUSDT_LINEAL last=0.07483 · río=WS · estado=ACECHANDO · manos=OFF · pid=6220 · bridge=PROPIO
[RANGO] AUSDT_LINEAL last=0.07483 · río=WS · estado=ACECHANDO · manos=OFF · pid=6220 · bridge=PROPIO
[RANGO] AUSDT_LINEAL last=0.07483 · río=WS · estado=ACECHANDO · manos=OFF · pid=6220 · bridge=PROPIO
[RANGO] AUSDT_LINEAL last=0.07492 · río=WS · estado=ACECHANDO · manos=OFF · pid=6220 · bridge=PROPIO
[RANGO] AUSDT_LINEAL last=0.07492 · río=WS · estado=ACECHANDO · manos=OFF · pid=6220 · bridge=PROPIO
[RANGO] AUSDT_LINEAL last=0.07492 · río=WS · estado=ACECHANDO · manos=OFF · pid=6220 · bridge=PROPIO
[RANGO] AUSDT_LINEAL last=0.07492 · río=WS · estado=ACECHANDO · manos=OFF · pid=6220 · bridge=PROPIO
[RANGO] AUSDT_LINEAL last=0.07492 · río=WS · estado=ACECHANDO · manos=OFF · pid=6220 · bridge=PROPIO
[RANGO] AUSDT_LINEAL last=0.07478 · río=WS · estado=ACECHANDO · manos=OFF · pid=6220 · bridge=PROPIO
[RANGO] AUSDT_LINEAL last=0.07478 · río=WS · estado=ACECHANDO · manos=OFF · pid=6220 · bridge=PROPIO
[RANGO] AUSDT_LINEAL last=0.07478 · río=WS · estado=ACECHANDO · manos=OFF · pid=6220 · bridge=PROPIO
[RANGO] AUSDT_LINEAL last=0.07478 · río=WS · estado=ACECHANDO · manos=OFF · pid=6220 · bridge=PROPIO
[RANGO] AUSDT_LINEAL last=0.07478 · río=WS · estado=ACECHANDO · manos=OFF · pid=6220 · bridge=PROPIO
[RANGO] AUSDT_LINEAL last=0.07474 · río=WS · estado=ACECHANDO · manos=OFF · pid=6220 · bridge=PROPIO
[RANGO] AUSDT_LINEAL last=0.07474 · río=WS · estado=ACECHANDO · manos=OFF · pid=6220 · bridge=PROPIO
[RANGO] AUSDT_LINEAL last=0.07474 · río=WS · estado=ACECHANDO · manos=OFF · pid=6220 · bridge=PROPIO
[RANGO] AUSDT_LINEAL last=0.07474 · río=WS · estado=ACECHANDO · manos=OFF · pid=6220 · bridge=PROPIO
[RANGO] AUSDT_LINEAL last=0.07474 · río=WS · estado=ACECHANDO · manos=OFF · pid=6220 · bridge=PROPIO
[RANGO] AUSDT_LINEAL last=0.07474 · río=WS · estado=ACECHANDO · manos=OFF · pid=6220 · bridge=PROPIO
[RANGO] AUSDT_LINEAL last=0.07469 · río=WS · estado=ACECHANDO · manos=OFF · pid=6220 · bridge=PROPIO
[RANGO] AUSDT_LINEAL last=0.07469 · río=WS · estado=ACECHANDO · manos=OFF · pid=6220 · bridge=PROPIO
[RANGO] AUSDT_LINEAL last=0.07469 · río=WS · estado=ACECHANDO · manos=OFF · pid=6220 · bridge=PROPIO
[RANGO] AUSDT_LINEAL last=0.07469 · río=WS · estado=ACECHANDO · manos=OFF · pid=6220 · bridge=PROPIO
[RANGO] AUSDT_LINEAL last=0.07469 · río=WS · estado=ACECHANDO · manos=OFF · pid=6220 · bridge=PROPIO
[RANGO] AUSDT_LINEAL last=0.07469 · río=WS · estado=ACECHANDO · manos=OFF · pid=6220 · bridge=PROPIO
[RANGO] AUSDT_LINEAL last=0.07469 · río=WS · estado=ACECHANDO · manos=OFF · pid=6220 · bridge=PROPIO
[RANGO] AUSDT_LINEAL last=0.07469 · río=WS · estado=ACECHANDO · manos=OFF · pid=6220 · bridge=PROPIO
[RANGO] AUSDT_LINEAL last=0.07469 · río=WS · estado=ACECHANDO · manos=OFF · pid=6220 · bridge=PROPIO
[RANGO] AUSDT_LINEAL last=0.07466 · río=WS · estado=ACECHANDO · manos=OFF · pid=6220 · bridge=PROPIO
[RANGO] AUSDT_LINEAL last=0.07466 · río=WS · estado=ACECHANDO · manos=OFF · pid=6220 · bridge=PROPIO
[RANGO] AUSDT_LINEAL last=0.07466 · río=WS · estado=ACECHANDO · manos=OFF · pid=6220 · bridge=PROPIO
[RANGO] AUSDT_LINEAL last=0.07466 · río=WS · estado=ACECHANDO · manos=OFF · pid=6220 · bridge=PROPIO
[RANGO] AUSDT_LINEAL last=0.07463 · río=WS · estado=ACECHANDO · manos=OFF · pid=6220 · bridge=PROPIO
[RANGO] AUSDT_LINEAL last=0.07463 · río=WS · estado=ACECHANDO · manos=OFF · pid=6220 · bridge=PROPIO
[RANGO] AUSDT_LINEAL last=0.07463 · río=WS · estado=ACECHANDO · manos=OFF · pid=6220 · bridge=PROPIO
[RANGO] AUSDT_LINEAL last=0.07463 · río=WS · estado=ACECHANDO · manos=OFF · pid=6220 · bridge=PROPIO
[RANGO] AUSDT_LINEAL last=0.07463 · río=WS · estado=ACECHANDO · manos=OFF · pid=6220 · bridge=PROPIO
[RANGO] AUSDT_LINEAL last=0.07463 · río=WS · estado=ACECHANDO · manos=OFF · pid=6220 · bridge=PROPIO
[RANGO] AUSDT_LINEAL last=0.07463 · río=WS · estado=ACECHANDO · manos=OFF · pid=6220 · bridge=PROPIO
[RANGO] AUSDT_LINEAL last=0.07463 · río=WS · estado=ACECHANDO · manos=OFF · pid=6220 · bridge=PROPIO
[RANGO] AUSDT_LINEAL last=0.0746 · río=WS · estado=ACECHANDO · manos=OFF · pid=6220 · bridge=PROPIO
[RANGO] AUSDT_LINEAL last=0.0746 · río=WS · estado=ACECHANDO · manos=OFF · pid=6220 · bridge=PROPIO
[RANGO] AUSDT_LINEAL last=0.0746 · río=WS · estado=ACECHANDO · manos=OFF · pid=6220 · bridge=PROPIO
[RANGO] AUSDT_LINEAL last=0.0746 · río=WS · estado=ACECHANDO · manos=OFF · pid=6220 · bridge=PROPIO
[RANGO] AUSDT_LINEAL last=0.07465 · río=WS · estado=ACECHANDO · manos=OFF · pid=6220 · bridge=PROPIO
[RANGO] AUSDT_LINEAL last=0.07465 · río=WS · estado=ACECHANDO · manos=OFF · pid=6220 · bridge=PROPIO
[RANGO] AUSDT_LINEAL last=0.07465 · río=WS · estado=ACECHANDO · manos=OFF · pid=6220 · bridge=PROPIO
[RANGO] AUSDT_LINEAL last=0.07465 · río=WS · estado=ACECHANDO · manos=OFF · pid=6220 · bridge=PROPIO
[RANGO] AUSDT_LINEAL last=0.07465 · río=WS · estado=ACECHANDO · manos=OFF · pid=6220 · bridge=PROPIO
[RANGO] AUSDT_LINEAL last=0.07465 · río=WS · estado=ACECHANDO · manos=OFF · pid=6220 · bridge=PROPIO
[RANGO] AUSDT_LINEAL last=0.07465 · río=WS · estado=ACECHANDO · manos=OFF · pid=6220 · bridge=PROPIO
[RANGO] AUSDT_LINEAL last=0.07465 · río=WS · estado=ACECHANDO · manos=OFF · pid=6220 · bridge=PROPIO
[RANGO] AUSDT_LINEAL last=0.07465 · río=WS · estado=ACECHANDO · manos=OFF · pid=6220 · bridge=PROPIO
[RANGO] AUSDT_LINEAL last=0.07465 · río=WS · estado=ACECHANDO · manos=OFF · pid=6220 · bridge=PROPIO
[RANGO] AUSDT_LINEAL last=0.07465 · río=WS · estado=ACECHANDO · manos=OFF · pid=6220 · bridge=PROPIO
[RANGO] AUSDT_LINEAL last=0.07467 · río=WS · estado=ACECHANDO · manos=OFF · pid=6220 · bridge=PROPIO
[RANGO] AUSDT_LINEAL last=0.07467 · río=WS · estado=ACECHANDO · manos=OFF · pid=6220 · bridge=PROPIO
[RANGO] AUSDT_LINEAL last=0.07467 · río=WS · estado=ACECHANDO · manos=OFF · pid=6220 · bridge=PROPIO
[RANGO] AUSDT_LINEAL last=0.07467 · río=WS · estado=ACECHANDO · manos=OFF · pid=6220 · bridge=PROPIO
[RANGO] AUSDT_LINEAL last=0.07467 · río=WS · estado=ACECHANDO · manos=OFF · pid=6220 · bridge=PROPIO
[RANGO] AUSDT_LINEAL last=0.07467 · río=WS · estado=ACECHANDO · manos=OFF · pid=6220 · bridge=PROPIO
[RANGO] AUSDT_LINEAL last=0.07467 · río=WS · estado=ACECHANDO · manos=OFF · pid=6220 · bridge=PROPIO
[RANGO] AUSDT_LINEAL last=0.07467 · río=WS · estado=ACECHANDO · manos=OFF · pid=6220 · bridge=PROPIO
[RANGO] AUSDT_LINEAL last=0.07467 · río=WS · estado=ACECHANDO · manos=OFF · pid=6220 · bridge=PROPIO
[RANGO] AUSDT_LINEAL last=0.07467 · río=WS · estado=ACECHANDO · manos=OFF · pid=6220 · bridge=PROPIO
[RANGO] AUSDT_LINEAL last=0.07467 · río=WS · estado=ACECHANDO · manos=OFF · pid=6220 · bridge=PROPIO
[RANGO] AUSDT_LINEAL last=0.07467 · río=WS · estado=ACECHANDO · manos=OFF · pid=6220 · bridge=PROPIO
[RANGO] AUSDT_LINEAL last=0.07467 · río=WS · estado=ACECHANDO · manos=OFF · pid=6220 · bridge=PROPIO
[RANGO] AUSDT_LINEAL last=0.07467 · río=WS · estado=ACECHANDO · manos=OFF · pid=6220 · bridge=PROPIO
[RANGO] AUSDT_LINEAL last=0.07467 · río=WS · estado=ACECHANDO · manos=OFF · pid=6220 · bridge=PROPIO
[RANGO] AUSDT_LINEAL last=0.07467 · río=WS · estado=ACECHANDO · manos=OFF · pid=6220 · bridge=PROPIO
[RANGO] AUSDT_LINEAL last=0.07467 · río=WS · estado=ACECHANDO · manos=OFF · pid=6220 · bridge=PROPIO
[RANGO] AUSDT_LINEAL last=0.07467 · río=WS · estado=ACECHANDO · manos=OFF · pid=6220 · bridge=PROPIO
[RANGO] AUSDT_LINEAL last=0.07467 · río=WS · estado=ACECHANDO · manos=OFF · pid=6220 · bridge=PROPIO
[RANGO] AUSDT_LINEAL last=0.07467 · río=WS · estado=ACECHANDO · manos=OFF · pid=6220 · bridge=PROPIO
[RANGO] AUSDT_LINEAL last=0.07467 · río=WS · estado=ACECHANDO · manos=OFF · pid=6220 · bridge=PROPIO
[RANGO] AUSDT_LINEAL last=0.07467 · río=WS · estado=ACECHANDO · manos=OFF · pid=6220 · bridge=PROPIO
[RANGO] AUSDT_LINEAL last=0.07467 · río=WS · estado=ACECHANDO · manos=OFF · pid=6220 · bridge=PROPIO
[RANGO] AUSDT_LINEAL last=0.07467 · río=WS · estado=ACECHANDO · manos=OFF · pid=6220 · bridge=PROPIO
[RANGO] AUSDT_LINEAL last=0.07467 · río=WS · estado=ACECHANDO · manos=OFF · pid=6220 · bridge=PROPIO
[RANGO] AUSDT_LINEAL last=0.07467 · río=WS · estado=ACECHANDO · manos=OFF · pid=6220 · bridge=PROPIO
[RANGO] AUSDT_LINEAL last=0.07467 · río=WS · estado=ACECHANDO · manos=OFF · pid=6220 · bridge=PROPIO
[RANGO] AUSDT_LINEAL last=0.07467 · río=WS · estado=ACECHANDO · manos=OFF · pid=6220 · bridge=PROPIO
[RANGO] AUSDT_LINEAL last=0.07467 · río=WS · estado=ACECHANDO · manos=OFF · pid=6220 · bridge=PROPIO
[RANGO] AUSDT_LINEAL last=0.07467 · río=WS · estado=ACECHANDO · manos=OFF · pid=6220 · bridge=PROPIO
[RANGO] AUSDT_LINEAL last=0.07467 · río=WS · estado=ACECHANDO · manos=OFF · pid=6220 · bridge=PROPIO
[RANGO] AUSDT_LINEAL last=0.07467 · río=WS · estado=ACECHANDO · manos=OFF · pid=6220 · bridge=PROPIO
[RANGO] AUSDT_LINEAL last=0.07467 · río=WS · estado=ACECHANDO · manos=OFF · pid=6220 · bridge=PROPIO
[RANGO] AUSDT_LINEAL last=0.07467 · río=WS · estado=ACECHANDO · manos=OFF · pid=6220 · bridge=PROPIO
[RANGO] AUSDT_LINEAL last=0.07467 · río=WS · estado=ACECHANDO · manos=OFF · pid=6220 · bridge=PROPIO
[RANGO] AUSDT_LINEAL last=0.07467 · río=WS · estado=ACECHANDO · manos=OFF · pid=6220 · bridge=PROPIO
[RANGO] AUSDT_LINEAL last=0.07467 · río=WS · estado=ACECHANDO · manos=OFF · pid=6220 · bridge=PROPIO
[RANGO] AUSDT_LINEAL last=0.07465 · río=WS · estado=ACECHANDO · manos=OFF · pid=6220 · bridge=PROPIO
[RANGO] AUSDT_LINEAL last=0.07465 · río=WS · estado=ACECHANDO · manos=OFF · pid=6220 · bridge=PROPIO
[RANGO] AUSDT_LINEAL last=0.07465 · río=WS · estado=ACECHANDO · manos=OFF · pid=6220 · bridge=PROPIO
[RANGO] AUSDT_LINEAL last=0.07465 · río=WS · estado=ACECHANDO · manos=OFF · pid=6220 · bridge=PROPIO
[RANGO] AUSDT_LINEAL last=0.07464 · río=WS · estado=ACECHANDO · manos=OFF · pid=6220 · bridge=PROPIO
[RANGO] AUSDT_LINEAL last=0.07464 · río=WS · estado=ACECHANDO · manos=OFF · pid=6220 · bridge=PROPIO
[RANGO] AUSDT_LINEAL last=0.07464 · río=WS · estado=ACECHANDO · manos=OFF · pid=6220 · bridge=PROPIO
[RANGO] AUSDT_LINEAL last=0.07464 · río=WS · estado=ACECHANDO · manos=OFF · pid=6220 · bridge=PROPIO
[RANGO] AUSDT_LINEAL last=0.07464 · río=WS · estado=ACECHANDO · manos=OFF · pid=6220 · bridge=PROPIO
[RANGO] AUSDT_LINEAL last=0.07464 · río=WS · estado=ACECHANDO · manos=OFF · pid=6220 · bridge=PROPIO
[RANGO] AUSDT_LINEAL last=0.07464 · río=WS · estado=ACECHANDO · manos=OFF · pid=6220 · bridge=PROPIO
[RANGO] AUSDT_LINEAL last=0.07464 · río=WS · estado=ACECHANDO · manos=OFF · pid=6220 · bridge=PROPIO
[RANGO] AUSDT_LINEAL last=0.07464 · río=WS · estado=ACECHANDO · manos=OFF · pid=6220 · bridge=PROPIO
[RANGO] AUSDT_LINEAL last=0.07464 · río=WS · estado=ACECHANDO · manos=OFF · pid=6220 · bridge=PROPIO
[RANGO] AUSDT_LINEAL last=0.07464 · río=WS · estado=ACECHANDO · manos=OFF · pid=6220 · bridge=PROPIO
[RANGO] AUSDT_LINEAL last=0.07464 · río=WS · estado=ACECHANDO · manos=OFF · pid=6220 · bridge=PROPIO
[RANGO] AUSDT_LINEAL last=0.07464 · río=WS · estado=ACECHANDO · manos=OFF · pid=6220 · bridge=PROPIO
[RANGO] AUSDT_LINEAL last=0.07464 · río=WS · estado=ACECHANDO · manos=OFF · pid=6220 · bridge=PROPIO
[RANGO] AUSDT_LINEAL last=0.07464 · río=WS · estado=ACECHANDO · manos=OFF · pid=6220 · bridge=PROPIO
[RANGO] AUSDT_LINEAL last=0.07464 · río=WS · estado=ACECHANDO · manos=OFF · pid=6220 · bridge=PROPIO
[RANGO] AUSDT_LINEAL last=0.07464 · río=WS · estado=ACECHANDO · manos=OFF · pid=6220 · bridge=PROPIO
[RANGO] AUSDT_LINEAL last=0.07464 · río=WS · estado=ACECHANDO · manos=OFF · pid=6220 · bridge=PROPIO
[RANGO] AUSDT_LINEAL last=0.07464 · río=WS · estado=ACECHANDO · manos=OFF · pid=6220 · bridge=PROPIO
[RANGO] AUSDT_LINEAL last=0.07464 · río=WS · estado=ACECHANDO · manos=OFF · pid=6220 · bridge=PROPIO
[RANGO] AUSDT_LINEAL last=0.07464 · río=WS · estado=ACECHANDO · manos=OFF · pid=6220 · bridge=PROPIO
[RANGO] AUSDT_LINEAL last=0.07461 · río=WS · estado=ACECHANDO · manos=OFF · pid=6220 · bridge=PROPIO
[RANGO] AUSDT_LINEAL last=0.07461 · río=WS · estado=ACECHANDO · manos=OFF · pid=6220 · bridge=PROPIO
[RANGO] AUSDT_LINEAL last=0.07461 · río=WS · estado=ACECHANDO · manos=OFF · pid=6220 · bridge=PROPIO
[RANGO] AUSDT_LINEAL last=0.07461 · río=WS · estado=ACECHANDO · manos=OFF · pid=6220 · bridge=PROPIO
[RANGO] AUSDT_LINEAL last=0.07461 · río=WS · estado=ACECHANDO · manos=OFF · pid=6220 · bridge=PROPIO
[RANGO] AUSDT_LINEAL last=0.07461 · río=WS · estado=ACECHANDO · manos=OFF · pid=6220 · bridge=PROPIO
[RANGO] AUSDT_LINEAL last=0.07468 · río=WS · estado=ACECHANDO · manos=OFF · pid=6220 · bridge=PROPIO
[RANGO] AUSDT_LINEAL last=0.07468 · río=WS · estado=ACECHANDO · manos=OFF · pid=6220 · bridge=PROPIO
[RANGO] AUSDT_LINEAL last=0.07468 · río=WS · estado=ACECHANDO · manos=OFF · pid=6220 · bridge=PROPIO
[RANGO] AUSDT_LINEAL last=0.07468 · río=WS · estado=ACECHANDO · manos=OFF · pid=6220 · bridge=PROPIO
[RANGO] AUSDT_LINEAL last=0.07468 · río=WS · estado=ACECHANDO · manos=OFF · pid=6220 · bridge=PROPIO
[RANGO] AUSDT_LINEAL last=0.07468 · río=WS · estado=ACECHANDO · manos=OFF · pid=6220 · bridge=PROPIO
[RANGO] AUSDT_LINEAL last=0.07468 · río=WS · estado=ACECHANDO · manos=OFF · pid=6220 · bridge=PROPIO
[RANGO] AUSDT_LINEAL last=0.07468 · río=WS · estado=ACECHANDO · manos=OFF · pid=6220 · bridge=PROPIO
[RANGO] AUSDT_LINEAL last=0.07468 · río=WS · estado=ACECHANDO · manos=OFF · pid=6220 · bridge=PROPIO
[RANGO] AUSDT_LINEAL last=0.07464 · río=WS · estado=ACECHANDO · manos=OFF · pid=6220 · bridge=PROPIO
[RANGO] AUSDT_LINEAL last=0.07464 · río=WS · estado=ACECHANDO · manos=OFF · pid=6220 · bridge=PROPIO
[RANGO] AUSDT_LINEAL last=0.07464 · río=WS · estado=ACECHANDO · manos=OFF · pid=6220 · bridge=PROPIO
[RANGO] AUSDT_LINEAL last=0.07464 · río=WS · estado=ACECHANDO · manos=OFF · pid=6220 · bridge=PROPIO
[RANGO] AUSDT_LINEAL last=0.07464 · río=WS · estado=ACECHANDO · manos=OFF · pid=6220 · bridge=PROPIO
[RANGO] AUSDT_LINEAL last=0.07464 · río=WS · estado=ACECHANDO · manos=OFF · pid=6220 · bridge=PROPIO
[RANGO] AUSDT_LINEAL last=0.07464 · río=WS · estado=ACECHANDO · manos=OFF · pid=6220 · bridge=PROPIO
[RANGO] AUSDT_LINEAL last=0.07464 · río=WS · estado=ACECHANDO · manos=OFF · pid=6220 · bridge=PROPIO
[RANGO] AUSDT_LINEAL last=0.07464 · río=WS · estado=ACECHANDO · manos=OFF · pid=6220 · bridge=PROPIO
[RANGO] AUSDT_LINEAL last=0.07464 · río=WS · estado=ACECHANDO · manos=OFF · pid=6220 · bridge=PROPIO
[RANGO] AUSDT_LINEAL last=0.0746 · río=WS · estado=ACECHANDO · manos=OFF · pid=6220 · bridge=PROPIO
[RANGO] AUSDT_LINEAL last=0.0746 · río=WS · estado=ACECHANDO · manos=OFF · pid=6220 · bridge=PROPIO
[RANGO] AUSDT_LINEAL last=0.07459 · río=WS · estado=ACECHANDO · manos=OFF · pid=6220 · bridge=PROPIO
[RANGO] AUSDT_LINEAL last=0.07459 · río=WS · estado=ACECHANDO · manos=OFF · pid=6220 · bridge=PROPIO
[RANGO] AUSDT_LINEAL last=0.07459 · río=WS · estado=ACECHANDO · manos=OFF · pid=6220 · bridge=PROPIO
[RANGO] AUSDT_LINEAL last=0.07468 · río=WS · estado=ACECHANDO · manos=OFF · pid=6220 · bridge=PROPIO
[RANGO] AUSDT_LINEAL last=0.07459 · río=WS · estado=ACECHANDO · manos=OFF · pid=6220 · bridge=PROPIO
[RANGO] AUSDT_LINEAL last=0.07459 · río=WS · estado=ACECHANDO · manos=OFF · pid=6220 · bridge=PROPIO
[RANGO] AUSDT_LINEAL last=0.07459 · río=WS · estado=ACECHANDO · manos=OFF · pid=6220 · bridge=PROPIO
[RANGO] AUSDT_LINEAL last=0.07459 · río=WS · estado=ACECHANDO · manos=OFF · pid=6220 · bridge=PROPIO
[RANGO] AUSDT_LINEAL last=0.07459 · río=WS · estado=ACECHANDO · manos=OFF · pid=6220 · bridge=PROPIO
[RANGO] AUSDT_LINEAL last=0.07459 · río=WS · estado=ACECHANDO · manos=OFF · pid=6220 · bridge=PROPIO
[RANGO] AUSDT_LINEAL last=0.07463 · río=WS · estado=ACECHANDO · manos=OFF · pid=6220 · bridge=PROPIO
[RANGO] AUSDT_LINEAL last=0.07463 · río=WS · estado=ACECHANDO · manos=OFF · pid=6220 · bridge=PROPIO
[RANGO] AUSDT_LINEAL last=0.07463 · río=WS · estado=ACECHANDO · manos=OFF · pid=6220 · bridge=PROPIO
[RANGO] AUSDT_LINEAL last=0.07463 · río=WS · estado=ACECHANDO · manos=OFF · pid=6220 · bridge=PROPIO
[RANGO] AUSDT_LINEAL last=0.07463 · río=WS · estado=ACECHANDO · manos=OFF · pid=6220 · bridge=PROPIO
[RANGO] AUSDT_LINEAL last=0.07463 · río=WS · estado=ACECHANDO · manos=OFF · pid=6220 · bridge=PROPIO
[RANGO] AUSDT_LINEAL last=0.07463 · río=WS · estado=ACECHANDO · manos=OFF · pid=6220 · bridge=PROPIO
[RANGO] AUSDT_LINEAL last=0.07463 · río=WS · estado=ACECHANDO · manos=OFF · pid=6220 · bridge=PROPIO
[RANGO] AUSDT_LINEAL last=0.07463 · río=WS · estado=ACECHANDO · manos=OFF · pid=6220 · bridge=PROPIO
[RANGO] AUSDT_LINEAL last=0.07463 · río=WS · estado=ACECHANDO · manos=OFF · pid=6220 · bridge=PROPIO
[RANGO] AUSDT_LINEAL last=0.07463 · río=WS · estado=ACECHANDO · manos=OFF · pid=6220 · bridge=PROPIO
[RANGO] AUSDT_LINEAL last=0.07456 · río=WS · estado=ACECHANDO · manos=OFF · pid=6220 · bridge=PROPIO
[RANGO] AUSDT_LINEAL last=0.07453 · río=WS · estado=ACECHANDO · manos=OFF · pid=6220 · bridge=PROPIO
[RANGO] AUSDT_LINEAL last=0.07453 · río=WS · estado=ACECHANDO · manos=OFF · pid=6220 · bridge=PROPIO
[RANGO] AUSDT_LINEAL last=0.07453 · río=WS · estado=ACECHANDO · manos=OFF · pid=6220 · bridge=PROPIO
[RANGO] AUSDT_LINEAL last=0.07453 · río=WS · estado=ACECHANDO · manos=OFF · pid=6220 · bridge=PROPIO
[RANGO] AUSDT_LINEAL last=0.07453 · río=WS · estado=ACECHANDO · manos=OFF · pid=6220 · bridge=PROPIO
[RANGO] AUSDT_LINEAL last=0.07453 · río=WS · estado=ACECHANDO · manos=OFF · pid=6220 · bridge=PROPIO
[RANGO] AUSDT_LINEAL last=0.07484 · río=WS · estado=ACECHANDO · manos=OFF · pid=6220 · bridge=PROPIO
[RANGO] AUSDT_LINEAL last=0.07484 · río=WS · estado=ACECHANDO · manos=OFF · pid=6220 · bridge=PROPIO
[RANGO] AUSDT_LINEAL last=0.07497 · río=WS · estado=ACECHANDO · manos=OFF · pid=6220 · bridge=PROPIO
[RANGO] AUSDT_LINEAL last=0.075 · río=WS · estado=ACECHANDO · manos=OFF · pid=6220 · bridge=PROPIO
[RANGO] AUSDT_LINEAL last=0.07492 · río=WS · estado=ACECHANDO · manos=OFF · pid=6220 · bridge=PROPIO
[RANGO] AUSDT_LINEAL last=0.07492 · río=WS · estado=ACECHANDO · manos=OFF · pid=6220 · bridge=PROPIO
[RANGO] AUSDT_LINEAL last=0.07492 · río=WS · estado=ACECHANDO · manos=OFF · pid=6220 · bridge=PROPIO
[RANGO] AUSDT_LINEAL last=0.07492 · río=WS · estado=ACECHANDO · manos=OFF · pid=6220 · bridge=PROPIO
[RANGO] AUSDT_LINEAL last=0.07492 · río=WS · estado=ACECHANDO · manos=OFF · pid=6220 · bridge=PROPIO
[RANGO] AUSDT_LINEAL last=0.07492 · río=WS · estado=ACECHANDO · manos=OFF · pid=6220 · bridge=PROPIO
[RANGO] AUSDT_LINEAL last=0.07492 · río=WS · estado=ACECHANDO · manos=OFF · pid=6220 · bridge=PROPIO
[RANGO] AUSDT_LINEAL last=0.07491 · río=WS · estado=ACECHANDO · manos=OFF · pid=6220 · bridge=PROPIO
[RANGO] AUSDT_LINEAL last=0.07491 · río=WS · estado=ACECHANDO · manos=OFF · pid=6220 · bridge=PROPIO
[RANGO] AUSDT_LINEAL last=0.07491 · río=WS · estado=ACECHANDO · manos=OFF · pid=6220 · bridge=PROPIO
[RANGO] AUSDT_LINEAL last=0.07491 · río=WS · estado=ACECHANDO · manos=OFF · pid=6220 · bridge=PROPIO
[RANGO] AUSDT_LINEAL last=0.07494 · río=WS · estado=ACECHANDO · manos=OFF · pid=6220 · bridge=PROPIO
[RANGO] AUSDT_LINEAL last=0.07494 · río=WS · estado=ACECHANDO · manos=OFF · pid=6220 · bridge=PROPIO
[RANGO] AUSDT_LINEAL last=0.07494 · río=WS · estado=ACECHANDO · manos=OFF · pid=6220 · bridge=PROPIO
[RANGO] AUSDT_LINEAL last=0.07494 · río=WS · estado=ACECHANDO · manos=OFF · pid=6220 · bridge=PROPIO
[RANGO] AUSDT_LINEAL last=0.07501 · río=WS · estado=ACECHANDO · manos=OFF · pid=6220 · bridge=PROPIO
[RANGO] AUSDT_LINEAL last=0.07501 · río=WS · estado=ACECHANDO · manos=OFF · pid=6220 · bridge=PROPIO
[RANGO] AUSDT_LINEAL last=0.07501 · río=WS · estado=ACECHANDO · manos=OFF · pid=6220 · bridge=PROPIO
[RANGO] AUSDT_LINEAL last=0.07501 · río=WS · estado=ACECHANDO · manos=OFF · pid=6220 · bridge=PROPIO
[RANGO] AUSDT_LINEAL last=0.07501 · río=WS · estado=ACECHANDO · manos=OFF · pid=6220 · bridge=PROPIO
[RANGO] AUSDT_LINEAL last=0.07501 · río=WS · estado=ACECHANDO · manos=OFF · pid=6220 · bridge=PROPIO
[RANGO] AUSDT_LINEAL last=0.07501 · río=WS · estado=ACECHANDO · manos=OFF · pid=6220 · bridge=PROPIO
[RANGO] AUSDT_LINEAL last=0.07501 · río=WS · estado=ACECHANDO · manos=OFF · pid=6220 · bridge=PROPIO
[RANGO] AUSDT_LINEAL last=0.07501 · río=WS · estado=ACECHANDO · manos=OFF · pid=6220 · bridge=PROPIO
[RANGO] AUSDT_LINEAL last=0.07501 · río=WS · estado=ACECHANDO · manos=OFF · pid=6220 · bridge=PROPIO
[RANGO] AUSDT_LINEAL last=0.07501 · río=WS · estado=ACECHANDO · manos=OFF · pid=6220 · bridge=PROPIO
[RANGO] AUSDT_LINEAL last=0.07501 · río=WS · estado=ACECHANDO · manos=OFF · pid=6220 · bridge=PROPIO
[RANGO] AUSDT_LINEAL last=0.07501 · río=WS · estado=ACECHANDO · manos=OFF · pid=6220 · bridge=PROPIO
[RANGO] AUSDT_LINEAL last=0.07501 · río=WS · estado=ACECHANDO · manos=OFF · pid=6220 · bridge=PROPIO
[RANGO] AUSDT_LINEAL last=0.07501 · río=WS · estado=ACECHANDO · manos=OFF · pid=6220 · bridge=PROPIO
[RANGO] AUSDT_LINEAL last=0.07501 · río=WS · estado=ACECHANDO · manos=OFF · pid=6220 · bridge=PROPIO
[RANGO] AUSDT_LINEAL last=0.07501 · río=WS · estado=ACECHANDO · manos=OFF · pid=6220 · bridge=PROPIO
[RANGO] AUSDT_LINEAL last=0.07501 · río=WS · estado=ACECHANDO · manos=OFF · pid=6220 · bridge=PROPIO
[RANGO] AUSDT_LINEAL last=0.07502 · río=WS · estado=ACECHANDO · manos=OFF · pid=6220 · bridge=PROPIO
[RANGO] AUSDT_LINEAL last=0.07502 · río=WS · estado=ACECHANDO · manos=OFF · pid=6220 · bridge=PROPIO
[RANGO] AUSDT_LINEAL last=0.07502 · río=WS · estado=ACECHANDO · manos=OFF · pid=6220 · bridge=PROPIO
[RANGO] AUSDT_LINEAL last=0.07502 · río=WS · estado=ACECHANDO · manos=OFF · pid=6220 · bridge=PROPIO
[RANGO] AUSDT_LINEAL last=0.07502 · río=WS · estado=ACECHANDO · manos=OFF · pid=6220 · bridge=PROPIO
[RANGO] AUSDT_LINEAL last=0.07502 · río=WS · estado=ACECHANDO · manos=OFF · pid=6220 · bridge=PROPIO
[RANGO] AUSDT_LINEAL last=0.07502 · río=WS · estado=ACECHANDO · manos=OFF · pid=6220 · bridge=PROPIO
[RANGO] AUSDT_LINEAL last=0.07502 · río=WS · estado=ACECHANDO · manos=OFF · pid=6220 · bridge=PROPIO
[RANGO] AUSDT_LINEAL last=0.07502 · río=WS · estado=ACECHANDO · manos=OFF · pid=6220 · bridge=PROPIO
[RANGO] AUSDT_LINEAL last=0.07502 · río=WS · estado=ACECHANDO · manos=OFF · pid=6220 · bridge=PROPIO
[RANGO] AUSDT_LINEAL last=0.07502 · río=WS · estado=ACECHANDO · manos=OFF · pid=6220 · bridge=PROPIO
[RANGO] AUSDT_LINEAL last=0.07513 · río=WS · estado=ACECHANDO · manos=OFF · pid=6220 · bridge=PROPIO
[2026-09-01 22:22:35] [BERU_RANGO] ARMAR: RANGO_A_R1_2cf555 RED → trailing SHORT Oz @0.074990 (0,2 detrás de extremo 0.075140) Red @0.000000 ($0.50).
[BERU_RANGO] ARMAR RANGO_A_R1_2cf555 RED direccion=SHORT oz_adan=0.07498972 red_adan=0.0 masa_usd=0.5 trail_extremo=0.07514
[RANGO] A → ARMAR_RED
[RANGO] AUSDT_LINEAL last=0.07521 · río=WS · estado=CAZANDO · manos=OFF · pid=6220 · bridge=PROPIO
[RANGO] AUSDT_LINEAL last=0.07508 · río=WS · estado=CAZANDO · manos=OFF · pid=6220 · bridge=PROPIO
[RANGO] AUSDT_LINEAL last=0.07506 · río=WS · estado=CAZANDO · manos=OFF · pid=6220 · bridge=PROPIO
[RANGO] AUSDT_LINEAL last=0.07506 · río=WS · estado=CAZANDO · manos=OFF · pid=6220 · bridge=PROPIO
[RANGO] AUSDT_LINEAL last=0.07506 · río=WS · estado=CAZANDO · manos=OFF · pid=6220 · bridge=PROPIO
[RANGO] AUSDT_LINEAL last=0.07506 · río=WS · estado=CAZANDO · manos=OFF · pid=6220 · bridge=PROPIO
[RANGO] AUSDT_LINEAL last=0.07506 · río=WS · estado=CAZANDO · manos=OFF · pid=6220 · bridge=PROPIO
[RANGO] AUSDT_LINEAL last=0.07506 · río=WS · estado=CAZANDO · manos=OFF · pid=6220 · bridge=PROPIO
[RANGO] AUSDT_LINEAL last=0.07506 · río=WS · estado=CAZANDO · manos=OFF · pid=6220 · bridge=PROPIO
[RANGO] AUSDT_LINEAL last=0.07506 · río=WS · estado=CAZANDO · manos=OFF · pid=6220 · bridge=PROPIO
[RANGO] AUSDT_LINEAL last=0.07506 · río=WS · estado=CAZANDO · manos=OFF · pid=6220 · bridge=PROPIO
[RANGO] AUSDT_LINEAL last=0.07506 · río=WS · estado=CAZANDO · manos=OFF · pid=6220 · bridge=PROPIO
[RANGO] AUSDT_LINEAL last=0.07513 · río=WS · estado=CAZANDO · manos=OFF · pid=6220 · bridge=PROPIO
[RANGO] AUSDT_LINEAL last=0.07513 · río=WS · estado=CAZANDO · manos=OFF · pid=6220 · bridge=PROPIO
[RANGO] AUSDT_LINEAL last=0.07514 · río=WS · estado=CAZANDO · manos=OFF · pid=6220 · bridge=PROPIO
[RANGO] AUSDT_LINEAL last=0.07514 · río=WS · estado=CAZANDO · manos=OFF · pid=6220 · bridge=PROPIO
[RANGO] AUSDT_LINEAL last=0.07514 · río=WS · estado=CAZANDO · manos=OFF · pid=6220 · bridge=PROPIO
[RANGO] AUSDT_LINEAL last=0.07514 · río=WS · estado=CAZANDO · manos=OFF · pid=6220 · bridge=PROPIO
[RANGO] AUSDT_LINEAL last=0.07508 · río=WS · estado=CAZANDO · manos=OFF · pid=6220 · bridge=PROPIO
[RANGO] AUSDT_LINEAL last=0.07508 · río=WS · estado=CAZANDO · manos=OFF · pid=6220 · bridge=PROPIO
[RANGO] AUSDT_LINEAL last=0.07508 · río=WS · estado=CAZANDO · manos=OFF · pid=6220 · bridge=PROPIO
[RANGO] AUSDT_LINEAL last=0.07508 · río=WS · estado=CAZANDO · manos=OFF · pid=6220 · bridge=PROPIO
[RANGO] AUSDT_LINEAL last=0.07508 · río=WS · estado=CAZANDO · manos=OFF · pid=6220 · bridge=PROPIO
[RANGO] AUSDT_LINEAL last=0.07508 · río=WS · estado=CAZANDO · manos=OFF · pid=6220 · bridge=PROPIO
[RANGO] AUSDT_LINEAL last=0.07508 · río=WS · estado=CAZANDO · manos=OFF · pid=6220 · bridge=PROPIO
[RANGO] AUSDT_LINEAL last=0.07508 · río=WS · estado=CAZANDO · manos=OFF · pid=6220 · bridge=PROPIO
[RANGO] AUSDT_LINEAL last=0.07508 · río=WS · estado=CAZANDO · manos=OFF · pid=6220 · bridge=PROPIO
[RANGO] AUSDT_LINEAL last=0.07508 · río=WS · estado=CAZANDO · manos=OFF · pid=6220 · bridge=PROPIO
[RANGO] AUSDT_LINEAL last=0.07508 · río=WS · estado=CAZANDO · manos=OFF · pid=6220 · bridge=PROPIO
[RANGO] AUSDT_LINEAL last=0.07508 · río=WS · estado=CAZANDO · manos=OFF · pid=6220 · bridge=PROPIO
[RANGO] AUSDT_LINEAL last=0.07508 · río=WS · estado=CAZANDO · manos=OFF · pid=6220 · bridge=PROPIO
[RANGO] AUSDT_LINEAL last=0.07508 · río=WS · estado=CAZANDO · manos=OFF · pid=6220 · bridge=PROPIO
[RANGO] AUSDT_LINEAL last=0.07508 · río=WS · estado=CAZANDO · manos=OFF · pid=6220 · bridge=PROPIO
[RANGO] AUSDT_LINEAL last=0.07508 · río=WS · estado=CAZANDO · manos=OFF · pid=6220 · bridge=PROPIO
[RANGO] AUSDT_LINEAL last=0.07508 · río=WS · estado=CAZANDO · manos=OFF · pid=6220 · bridge=PROPIO
[RANGO] AUSDT_LINEAL last=0.07508 · río=WS · estado=CAZANDO · manos=OFF · pid=6220 · bridge=PROPIO
[RANGO] AUSDT_LINEAL last=0.07508 · río=WS · estado=CAZANDO · manos=OFF · pid=6220 · bridge=PROPIO
[RANGO] AUSDT_LINEAL last=0.07517 · río=WS · estado=CAZANDO · manos=OFF · pid=6220 · bridge=PROPIO
[RANGO] AUSDT_LINEAL last=0.07517 · río=WS · estado=CAZANDO · manos=OFF · pid=6220 · bridge=PROPIO
[RANGO] AUSDT_LINEAL last=0.07517 · río=WS · estado=CAZANDO · manos=OFF · pid=6220 · bridge=PROPIO
[RANGO] AUSDT_LINEAL last=0.07517 · río=WS · estado=CAZANDO · manos=OFF · pid=6220 · bridge=PROPIO
[RANGO] AUSDT_LINEAL last=0.07517 · río=WS · estado=CAZANDO · manos=OFF · pid=6220 · bridge=PROPIO
[RANGO] AUSDT_LINEAL last=0.07531 · río=WS · estado=CAZANDO · manos=OFF · pid=6220 · bridge=PROPIO
[RANGO] AUSDT_LINEAL last=0.07531 · río=WS · estado=CAZANDO · manos=OFF · pid=6220 · bridge=PROPIO
[RANGO] AUSDT_LINEAL last=0.07539 · río=WS · estado=CAZANDO · manos=OFF · pid=6220 · bridge=PROPIO
[RANGO] AUSDT_LINEAL last=0.07531 · río=WS · estado=CAZANDO · manos=OFF · pid=6220 · bridge=PROPIO
[RANGO] AUSDT_LINEAL last=0.07531 · río=WS · estado=CAZANDO · manos=OFF · pid=6220 · bridge=PROPIO
[RANGO] AUSDT_LINEAL last=0.07531 · río=WS · estado=CAZANDO · manos=OFF · pid=6220 · bridge=PROPIO
[RANGO] AUSDT_LINEAL last=0.07531 · río=WS · estado=CAZANDO · manos=OFF · pid=6220 · bridge=PROPIO
[RANGO] AUSDT_LINEAL last=0.07531 · río=WS · estado=CAZANDO · manos=OFF · pid=6220 · bridge=PROPIO
[RANGO] AUSDT_LINEAL last=0.07531 · río=WS · estado=CAZANDO · manos=OFF · pid=6220 · bridge=PROPIO
[RANGO] AUSDT_LINEAL last=0.07531 · río=WS · estado=CAZANDO · manos=OFF · pid=6220 · bridge=PROPIO
[RANGO] AUSDT_LINEAL last=0.07531 · río=WS · estado=CAZANDO · manos=OFF · pid=6220 · bridge=PROPIO
[RANGO] AUSDT_LINEAL last=0.07538 · río=WS · estado=CAZANDO · manos=OFF · pid=6220 · bridge=PROPIO
[RANGO] AUSDT_LINEAL last=0.07538 · río=WS · estado=CAZANDO · manos=OFF · pid=6220 · bridge=PROPIO
[RANGO] AUSDT_LINEAL last=0.07538 · río=WS · estado=CAZANDO · manos=OFF · pid=6220 · bridge=PROPIO
[RANGO] AUSDT_LINEAL last=0.07538 · río=WS · estado=CAZANDO · manos=OFF · pid=6220 · bridge=PROPIO
[RANGO] AUSDT_LINEAL last=0.07526 · río=WS · estado=CAZANDO · manos=OFF · pid=6220 · bridge=PROPIO
[RANGO] AUSDT_LINEAL last=0.07526 · río=WS · estado=CAZANDO · manos=OFF · pid=6220 · bridge=PROPIO
[RANGO] AUSDT_LINEAL last=0.07533 · río=WS · estado=CAZANDO · manos=OFF · pid=6220 · bridge=PROPIO
[RANGO] AUSDT_LINEAL last=0.07533 · río=WS · estado=CAZANDO · manos=OFF · pid=6220 · bridge=PROPIO
[RANGO] AUSDT_LINEAL last=0.07533 · río=WS · estado=CAZANDO · manos=OFF · pid=6220 · bridge=PROPIO
[RANGO] AUSDT_LINEAL last=0.07533 · río=WS · estado=CAZANDO · manos=OFF · pid=6220 · bridge=PROPIO
[RANGO] AUSDT_LINEAL last=0.07533 · río=WS · estado=CAZANDO · manos=OFF · pid=6220 · bridge=PROPIO
[RANGO] AUSDT_LINEAL last=0.07533 · río=WS · estado=CAZANDO · manos=OFF · pid=6220 · bridge=PROPIO
