
════════════════════════════════════════════════════════
    RITUAL OJOS — Beru rango MULTI (lineal USDT)
    Santos: 1 · manos OFF · bridge PROPIO por Santo
    1INCH
    FASE: HIERRO | SIM=True
    Oído: tratos públicos ON (mecha trato a trato) · libros OFF
════════════════════════════════════════════════════════

[RANGO] Levantando 1 puentes independientes (sin fila compartida)…
[RANGO] Flota multi 1 · cada uno pide a la API · sin disparos. Ctrl+C sella.

[2026-09-01 20:13:18] [BERU_RANGO] WAKE: RANGO_1INCH_0964ab92 0=0.088330 Vacío ±1.2% → trailing Oz 0.2% · masa $0.20 · Red→$0.
[BERU_RANGO] WAKE RANGO_1INCH_0964ab92 0=0.08833 precio=0.08833 masa_usd=0.2
[RANGO] Wake 1INCH 0=0.08833 · manos=OFF · bridge=PROPIO · pid=1084
[TANK] Trinidad 22 activos | pentiverso ['LTC', 'BTC'] | beru ['ETHUSDT_SPOT'] | ref: BTC (HIERRO).
[2026-09-01 20:13:18] [OKX_BRIDGE] OJOS: WS tickers SWAP · 1 inst · bases=1INCH
[RANGO] 1INCHUSDT_LINEAL last=0.08833 · río=WS · estado=ACECHANDO · manos=OFF · pid=1084 · bridge=PROPIO
[RANGO] 1INCHUSDT_LINEAL last=0.08824 · río=WS · estado=ACECHANDO · manos=OFF · pid=1084 · bridge=PROPIO
[RANGO] 1INCHUSDT_LINEAL last=0.08825 · río=WS · estado=ACECHANDO · manos=OFF · pid=1084 · bridge=PROPIO
[RANGO] 1INCHUSDT_LINEAL last=0.08825 · río=WS · estado=ACECHANDO · manos=OFF · pid=1084 · bridge=PROPIO
[RANGO] 1INCHUSDT_LINEAL last=0.08825 · río=WS · estado=ACECHANDO · manos=OFF · pid=1084 · bridge=PROPIO
[RANGO] 1INCHUSDT_LINEAL last=0.08825 · río=WS · estado=ACECHANDO · manos=OFF · pid=1084 · bridge=PROPIO
[RANGO] 1INCHUSDT_LINEAL last=0.08825 · río=WS · estado=ACECHANDO · manos=OFF · pid=1084 · bridge=PROPIO
[RANGO] 1INCHUSDT_LINEAL last=0.08822 · río=WS · estado=ACECHANDO · manos=OFF · pid=1084 · bridge=PROPIO
[RANGO] 1INCHUSDT_LINEAL last=0.08822 · río=WS · estado=ACECHANDO · manos=OFF · pid=1084 · bridge=PROPIO
[RANGO] 1INCHUSDT_LINEAL last=0.08825 · río=WS · estado=ACECHANDO · manos=OFF · pid=1084 · bridge=PROPIO
[RANGO] 1INCHUSDT_LINEAL last=0.08825 · río=WS · estado=ACECHANDO · manos=OFF · pid=1084 · bridge=PROPIO
[RANGO] 1INCHUSDT_LINEAL last=0.08829 · río=WS · estado=ACECHANDO · manos=OFF · pid=1084 · bridge=PROPIO
[RANGO] 1INCHUSDT_LINEAL last=0.08829 · río=WS · estado=ACECHANDO · manos=OFF · pid=1084 · bridge=PROPIO
[RANGO] 1INCHUSDT_LINEAL last=0.0883 · río=WS · estado=ACECHANDO · manos=OFF · pid=1084 · bridge=PROPIO
[RANGO] 1INCHUSDT_LINEAL last=0.08833 · río=WS · estado=ACECHANDO · manos=OFF · pid=1084 · bridge=PROPIO
[RANGO] 1INCHUSDT_LINEAL last=0.08826 · río=WS · estado=ACECHANDO · manos=OFF · pid=1084 · bridge=PROPIO
[RANGO] 1INCHUSDT_LINEAL last=0.08828 · río=WS · estado=ACECHANDO · manos=OFF · pid=1084 · bridge=PROPIO
[RANGO] 1INCHUSDT_LINEAL last=0.08831 · río=WS · estado=ACECHANDO · manos=OFF · pid=1084 · bridge=PROPIO
[RANGO] 1INCHUSDT_LINEAL last=0.08826 · río=WS · estado=ACECHANDO · manos=OFF · pid=1084 · bridge=PROPIO
[RANGO] 1INCHUSDT_LINEAL last=0.08825 · río=WS · estado=ACECHANDO · manos=OFF · pid=1084 · bridge=PROPIO
[RANGO] 1INCHUSDT_LINEAL last=0.08825 · río=WS · estado=ACECHANDO · manos=OFF · pid=1084 · bridge=PROPIO
[RANGO] 1INCHUSDT_LINEAL last=0.08825 · río=WS · estado=ACECHANDO · manos=OFF · pid=1084 · bridge=PROPIO
[RANGO] 1INCHUSDT_LINEAL last=0.08828 · río=WS · estado=ACECHANDO · manos=OFF · pid=1084 · bridge=PROPIO
[RANGO] 1INCHUSDT_LINEAL last=0.08828 · río=WS · estado=ACECHANDO · manos=OFF · pid=1084 · bridge=PROPIO
[RANGO] 1INCHUSDT_LINEAL last=0.08822 · río=WS · estado=ACECHANDO · manos=OFF · pid=1084 · bridge=PROPIO
[RANGO] 1INCHUSDT_LINEAL last=0.0883 · río=WS · estado=ACECHANDO · manos=OFF · pid=1084 · bridge=PROPIO
[RANGO] 1INCHUSDT_LINEAL last=0.08833 · río=WS · estado=ACECHANDO · manos=OFF · pid=1084 · bridge=PROPIO
[RANGO] 1INCHUSDT_LINEAL last=0.08833 · río=WS · estado=ACECHANDO · manos=OFF · pid=1084 · bridge=PROPIO
[RANGO] 1INCHUSDT_LINEAL last=0.08858 · río=WS · estado=ACECHANDO · manos=OFF · pid=1084 · bridge=PROPIO
[RANGO] 1INCHUSDT_LINEAL last=0.08852 · río=WS · estado=ACECHANDO · manos=OFF · pid=1084 · bridge=PROPIO
[RANGO] 1INCHUSDT_LINEAL last=0.08858 · río=WS · estado=ACECHANDO · manos=OFF · pid=1084 · bridge=PROPIO
[RANGO] 1INCHUSDT_LINEAL last=0.08858 · río=WS · estado=ACECHANDO · manos=OFF · pid=1084 · bridge=PROPIO
[RANGO] 1INCHUSDT_LINEAL last=0.08858 · río=WS · estado=ACECHANDO · manos=OFF · pid=1084 · bridge=PROPIO
[RANGO] 1INCHUSDT_LINEAL last=0.08858 · río=WS · estado=ACECHANDO · manos=OFF · pid=1084 · bridge=PROPIO
[RANGO] 1INCHUSDT_LINEAL last=0.08856 · río=WS · estado=ACECHANDO · manos=OFF · pid=1084 · bridge=PROPIO
[RANGO] 1INCHUSDT_LINEAL last=0.08864 · río=WS · estado=ACECHANDO · manos=OFF · pid=1084 · bridge=PROPIO
[RANGO] 1INCHUSDT_LINEAL last=0.08864 · río=WS · estado=ACECHANDO · manos=OFF · pid=1084 · bridge=PROPIO
[RANGO] 1INCHUSDT_LINEAL last=0.08864 · río=WS · estado=ACECHANDO · manos=OFF · pid=1084 · bridge=PROPIO
[RANGO] 1INCHUSDT_LINEAL last=0.08856 · río=WS · estado=ACECHANDO · manos=OFF · pid=1084 · bridge=PROPIO
[RANGO] 1INCHUSDT_LINEAL last=0.08856 · río=WS · estado=ACECHANDO · manos=OFF · pid=1084 · bridge=PROPIO
[RANGO] 1INCHUSDT_LINEAL last=0.08856 · río=WS · estado=ACECHANDO · manos=OFF · pid=1084 · bridge=PROPIO
[RANGO] 1INCHUSDT_LINEAL last=0.08856 · río=WS · estado=ACECHANDO · manos=OFF · pid=1084 · bridge=PROPIO
[RANGO] 1INCHUSDT_LINEAL last=0.0886 · río=WS · estado=ACECHANDO · manos=OFF · pid=1084 · bridge=PROPIO
[RANGO] 1INCHUSDT_LINEAL last=0.08862 · río=WS · estado=ACECHANDO · manos=OFF · pid=1084 · bridge=PROPIO
[RANGO] 1INCHUSDT_LINEAL last=0.08868 · río=WS · estado=ACECHANDO · manos=OFF · pid=1084 · bridge=PROPIO
[RANGO] 1INCHUSDT_LINEAL last=0.08868 · río=WS · estado=ACECHANDO · manos=OFF · pid=1084 · bridge=PROPIO
[RANGO] 1INCHUSDT_LINEAL last=0.08868 · río=WS · estado=ACECHANDO · manos=OFF · pid=1084 · bridge=PROPIO
[RANGO] 1INCHUSDT_LINEAL last=0.08868 · río=WS · estado=ACECHANDO · manos=OFF · pid=1084 · bridge=PROPIO
[RANGO] 1INCHUSDT_LINEAL last=0.08868 · río=WS · estado=ACECHANDO · manos=OFF · pid=1084 · bridge=PROPIO
[RANGO] 1INCHUSDT_LINEAL last=0.08862 · río=WS · estado=ACECHANDO · manos=OFF · pid=1084 · bridge=PROPIO
[RANGO] 1INCHUSDT_LINEAL last=0.08859 · río=WS · estado=ACECHANDO · manos=OFF · pid=1084 · bridge=PROPIO
[RANGO] 1INCHUSDT_LINEAL last=0.08856 · río=WS · estado=ACECHANDO · manos=OFF · pid=1084 · bridge=PROPIO
[RANGO] 1INCHUSDT_LINEAL last=0.08856 · río=WS · estado=ACECHANDO · manos=OFF · pid=1084 · bridge=PROPIO
[RANGO] 1INCHUSDT_LINEAL last=0.08859 · río=WS · estado=ACECHANDO · manos=OFF · pid=1084 · bridge=PROPIO
[RANGO] 1INCHUSDT_LINEAL last=0.08859 · río=WS · estado=ACECHANDO · manos=OFF · pid=1084 · bridge=PROPIO
[RANGO] 1INCHUSDT_LINEAL last=0.08862 · río=WS · estado=ACECHANDO · manos=OFF · pid=1084 · bridge=PROPIO
[RANGO] 1INCHUSDT_LINEAL last=0.08861 · río=WS · estado=ACECHANDO · manos=OFF · pid=1084 · bridge=PROPIO
[RANGO] 1INCHUSDT_LINEAL last=0.08862 · río=WS · estado=ACECHANDO · manos=OFF · pid=1084 · bridge=PROPIO
[RANGO] 1INCHUSDT_LINEAL last=0.08862 · río=WS · estado=ACECHANDO · manos=OFF · pid=1084 · bridge=PROPIO
[RANGO] 1INCHUSDT_LINEAL last=0.08868 · río=WS · estado=ACECHANDO · manos=OFF · pid=1084 · bridge=PROPIO
[RANGO] 1INCHUSDT_LINEAL last=0.08876 · río=WS · estado=ACECHANDO · manos=OFF · pid=1084 · bridge=PROPIO
[RANGO] 1INCHUSDT_LINEAL last=0.08881 · río=WS · estado=ACECHANDO · manos=OFF · pid=1084 · bridge=PROPIO
[RANGO] 1INCHUSDT_LINEAL last=0.08881 · río=WS · estado=ACECHANDO · manos=OFF · pid=1084 · bridge=PROPIO
[RANGO] 1INCHUSDT_LINEAL last=0.08881 · río=WS · estado=ACECHANDO · manos=OFF · pid=1084 · bridge=PROPIO
[RANGO] 1INCHUSDT_LINEAL last=0.08876 · río=WS · estado=ACECHANDO · manos=OFF · pid=1084 · bridge=PROPIO
[RANGO] 1INCHUSDT_LINEAL last=0.0887 · río=WS · estado=ACECHANDO · manos=OFF · pid=1084 · bridge=PROPIO
[RANGO] 1INCHUSDT_LINEAL last=0.08867 · río=WS · estado=ACECHANDO · manos=OFF · pid=1084 · bridge=PROPIO
[RANGO] 1INCHUSDT_LINEAL last=0.08873 · río=WS · estado=ACECHANDO · manos=OFF · pid=1084 · bridge=PROPIO
[RANGO] 1INCHUSDT_LINEAL last=0.08864 · río=WS · estado=ACECHANDO · manos=OFF · pid=1084 · bridge=PROPIO
[RANGO] 1INCHUSDT_LINEAL last=0.08864 · río=WS · estado=ACECHANDO · manos=OFF · pid=1084 · bridge=PROPIO
[RANGO] 1INCHUSDT_LINEAL last=0.08862 · río=WS · estado=ACECHANDO · manos=OFF · pid=1084 · bridge=PROPIO
[RANGO] 1INCHUSDT_LINEAL last=0.0886 · río=WS · estado=ACECHANDO · manos=OFF · pid=1084 · bridge=PROPIO
[RANGO] 1INCHUSDT_LINEAL last=0.08858 · río=WS · estado=ACECHANDO · manos=OFF · pid=1084 · bridge=PROPIO
[RANGO] 1INCHUSDT_LINEAL last=0.08864 · río=WS · estado=ACECHANDO · manos=OFF · pid=1084 · bridge=PROPIO
[RANGO] 1INCHUSDT_LINEAL last=0.08864 · río=WS · estado=ACECHANDO · manos=OFF · pid=1084 · bridge=PROPIO
[RANGO] 1INCHUSDT_LINEAL last=0.08867 · río=WS · estado=ACECHANDO · manos=OFF · pid=1084 · bridge=PROPIO
[RANGO] 1INCHUSDT_LINEAL last=0.08867 · río=WS · estado=ACECHANDO · manos=OFF · pid=1084 · bridge=PROPIO
[RANGO] 1INCHUSDT_LINEAL last=0.08859 · río=WS · estado=ACECHANDO · manos=OFF · pid=1084 · bridge=PROPIO
[RANGO] 1INCHUSDT_LINEAL last=0.0886 · río=WS · estado=ACECHANDO · manos=OFF · pid=1084 · bridge=PROPIO
[RANGO] 1INCHUSDT_LINEAL last=0.08867 · río=WS · estado=ACECHANDO · manos=OFF · pid=1084 · bridge=PROPIO
[RANGO] 1INCHUSDT_LINEAL last=0.08867 · río=WS · estado=ACECHANDO · manos=OFF · pid=1084 · bridge=PROPIO
[RANGO] 1INCHUSDT_LINEAL last=0.08868 · río=WS · estado=ACECHANDO · manos=OFF · pid=1084 · bridge=PROPIO
[RANGO] 1INCHUSDT_LINEAL last=0.08868 · río=WS · estado=ACECHANDO · manos=OFF · pid=1084 · bridge=PROPIO
[RANGO] 1INCHUSDT_LINEAL last=0.08868 · río=WS · estado=ACECHANDO · manos=OFF · pid=1084 · bridge=PROPIO
[RANGO] 1INCHUSDT_LINEAL last=0.08868 · río=WS · estado=ACECHANDO · manos=OFF · pid=1084 · bridge=PROPIO
[RANGO] 1INCHUSDT_LINEAL last=0.08868 · río=WS · estado=ACECHANDO · manos=OFF · pid=1084 · bridge=PROPIO
[RANGO] 1INCHUSDT_LINEAL last=0.08868 · río=WS · estado=ACECHANDO · manos=OFF · pid=1084 · bridge=PROPIO
[RANGO] 1INCHUSDT_LINEAL last=0.08871 · río=WS · estado=ACECHANDO · manos=OFF · pid=1084 · bridge=PROPIO
[RANGO] 1INCHUSDT_LINEAL last=0.08862 · río=WS · estado=ACECHANDO · manos=OFF · pid=1084 · bridge=PROPIO
[RANGO] 1INCHUSDT_LINEAL last=0.08862 · río=WS · estado=ACECHANDO · manos=OFF · pid=1084 · bridge=PROPIO
[RANGO] 1INCHUSDT_LINEAL last=0.08872 · río=WS · estado=ACECHANDO · manos=OFF · pid=1084 · bridge=PROPIO
[RANGO] 1INCHUSDT_LINEAL last=0.08869 · río=WS · estado=ACECHANDO · manos=OFF · pid=1084 · bridge=PROPIO
[RANGO] 1INCHUSDT_LINEAL last=0.08871 · río=WS · estado=ACECHANDO · manos=OFF · pid=1084 · bridge=PROPIO
[RANGO] 1INCHUSDT_LINEAL last=0.08875 · río=WS · estado=ACECHANDO · manos=OFF · pid=1084 · bridge=PROPIO
[RANGO] 1INCHUSDT_LINEAL last=0.0887 · río=WS · estado=ACECHANDO · manos=OFF · pid=1084 · bridge=PROPIO
[RANGO] 1INCHUSDT_LINEAL last=0.0887 · río=WS · estado=ACECHANDO · manos=OFF · pid=1084 · bridge=PROPIO
[RANGO] 1INCHUSDT_LINEAL last=0.08874 · río=WS · estado=ACECHANDO · manos=OFF · pid=1084 · bridge=PROPIO
[RANGO] 1INCHUSDT_LINEAL last=0.08874 · río=WS · estado=ACECHANDO · manos=OFF · pid=1084 · bridge=PROPIO
[RANGO] 1INCHUSDT_LINEAL last=0.08867 · río=WS · estado=ACECHANDO · manos=OFF · pid=1084 · bridge=PROPIO
[RANGO] 1INCHUSDT_LINEAL last=0.08867 · río=WS · estado=ACECHANDO · manos=OFF · pid=1084 · bridge=PROPIO
[RANGO] 1INCHUSDT_LINEAL last=0.08874 · río=WS · estado=ACECHANDO · manos=OFF · pid=1084 · bridge=PROPIO
[RANGO] 1INCHUSDT_LINEAL last=0.08874 · río=WS · estado=ACECHANDO · manos=OFF · pid=1084 · bridge=PROPIO
[RANGO] 1INCHUSDT_LINEAL last=0.08871 · río=WS · estado=ACECHANDO · manos=OFF · pid=1084 · bridge=PROPIO
[RANGO] 1INCHUSDT_LINEAL last=0.08871 · río=WS · estado=ACECHANDO · manos=OFF · pid=1084 · bridge=PROPIO
[RANGO] 1INCHUSDT_LINEAL last=0.08869 · río=WS · estado=ACECHANDO · manos=OFF · pid=1084 · bridge=PROPIO
[RANGO] 1INCHUSDT_LINEAL last=0.08869 · río=WS · estado=ACECHANDO · manos=OFF · pid=1084 · bridge=PROPIO
[RANGO] 1INCHUSDT_LINEAL last=0.08869 · río=WS · estado=ACECHANDO · manos=OFF · pid=1084 · bridge=PROPIO
[RANGO] 1INCHUSDT_LINEAL last=0.08874 · río=WS · estado=ACECHANDO · manos=OFF · pid=1084 · bridge=PROPIO
[RANGO] 1INCHUSDT_LINEAL last=0.0887 · río=WS · estado=ACECHANDO · manos=OFF · pid=1084 · bridge=PROPIO
[RANGO] 1INCHUSDT_LINEAL last=0.0887 · río=WS · estado=ACECHANDO · manos=OFF · pid=1084 · bridge=PROPIO
[RANGO] 1INCHUSDT_LINEAL last=0.0887 · río=WS · estado=ACECHANDO · manos=OFF · pid=1084 · bridge=PROPIO
[RANGO] 1INCHUSDT_LINEAL last=0.08857 · río=WS · estado=ACECHANDO · manos=OFF · pid=1084 · bridge=PROPIO
[RANGO] 1INCHUSDT_LINEAL last=0.08864 · río=WS · estado=ACECHANDO · manos=OFF · pid=1084 · bridge=PROPIO
[RANGO] 1INCHUSDT_LINEAL last=0.08865 · río=WS · estado=ACECHANDO · manos=OFF · pid=1084 · bridge=PROPIO
[RANGO] 1INCHUSDT_LINEAL last=0.08865 · río=WS · estado=ACECHANDO · manos=OFF · pid=1084 · bridge=PROPIO
[RANGO] 1INCHUSDT_LINEAL last=0.08865 · río=WS · estado=ACECHANDO · manos=OFF · pid=1084 · bridge=PROPIO
[RANGO] 1INCHUSDT_LINEAL last=0.08865 · río=WS · estado=ACECHANDO · manos=OFF · pid=1084 · bridge=PROPIO
[RANGO] 1INCHUSDT_LINEAL last=0.08867 · río=WS · estado=ACECHANDO · manos=OFF · pid=1084 · bridge=PROPIO
[RANGO] 1INCHUSDT_LINEAL last=0.08851 · río=WS · estado=ACECHANDO · manos=OFF · pid=1084 · bridge=PROPIO
[RANGO] 1INCHUSDT_LINEAL last=0.08857 · río=WS · estado=ACECHANDO · manos=OFF · pid=1084 · bridge=PROPIO
[RANGO] 1INCHUSDT_LINEAL last=0.08864 · río=WS · estado=ACECHANDO · manos=OFF · pid=1084 · bridge=PROPIO
[RANGO] 1INCHUSDT_LINEAL last=0.08864 · río=WS · estado=ACECHANDO · manos=OFF · pid=1084 · bridge=PROPIO
[RANGO] 1INCHUSDT_LINEAL last=0.08864 · río=WS · estado=ACECHANDO · manos=OFF · pid=1084 · bridge=PROPIO
[RANGO] 1INCHUSDT_LINEAL last=0.08862 · río=WS · estado=ACECHANDO · manos=OFF · pid=1084 · bridge=PROPIO
[RANGO] 1INCHUSDT_LINEAL last=0.08862 · río=WS · estado=ACECHANDO · manos=OFF · pid=1084 · bridge=PROPIO
[RANGO] 1INCHUSDT_LINEAL last=0.08862 · río=WS · estado=ACECHANDO · manos=OFF · pid=1084 · bridge=PROPIO
[RANGO] 1INCHUSDT_LINEAL last=0.08864 · río=WS · estado=ACECHANDO · manos=OFF · pid=1084 · bridge=PROPIO
[RANGO] 1INCHUSDT_LINEAL last=0.08865 · río=WS · estado=ACECHANDO · manos=OFF · pid=1084 · bridge=PROPIO
[RANGO] 1INCHUSDT_LINEAL last=0.08865 · río=WS · estado=ACECHANDO · manos=OFF · pid=1084 · bridge=PROPIO
[RANGO] 1INCHUSDT_LINEAL last=0.08865 · río=WS · estado=ACECHANDO · manos=OFF · pid=1084 · bridge=PROPIO
[RANGO] 1INCHUSDT_LINEAL last=0.08863 · río=WS · estado=ACECHANDO · manos=OFF · pid=1084 · bridge=PROPIO
[RANGO] 1INCHUSDT_LINEAL last=0.08866 · río=WS · estado=ACECHANDO · manos=OFF · pid=1084 · bridge=PROPIO
[RANGO] 1INCHUSDT_LINEAL last=0.08866 · río=WS · estado=ACECHANDO · manos=OFF · pid=1084 · bridge=PROPIO
[RANGO] 1INCHUSDT_LINEAL last=0.08866 · río=WS · estado=ACECHANDO · manos=OFF · pid=1084 · bridge=PROPIO
[RANGO] 1INCHUSDT_LINEAL last=0.08866 · río=WS · estado=ACECHANDO · manos=OFF · pid=1084 · bridge=PROPIO
[RANGO] 1INCHUSDT_LINEAL last=0.08873 · río=WS · estado=ACECHANDO · manos=OFF · pid=1084 · bridge=PROPIO
[RANGO] 1INCHUSDT_LINEAL last=0.08864 · río=WS · estado=ACECHANDO · manos=OFF · pid=1084 · bridge=PROPIO
[RANGO] 1INCHUSDT_LINEAL last=0.08864 · río=WS · estado=ACECHANDO · manos=OFF · pid=1084 · bridge=PROPIO
[RANGO] 1INCHUSDT_LINEAL last=0.08862 · río=WS · estado=ACECHANDO · manos=OFF · pid=1084 · bridge=PROPIO
[RANGO] 1INCHUSDT_LINEAL last=0.08862 · río=WS · estado=ACECHANDO · manos=OFF · pid=1084 · bridge=PROPIO
[RANGO] 1INCHUSDT_LINEAL last=0.08862 · río=WS · estado=ACECHANDO · manos=OFF · pid=1084 · bridge=PROPIO
[RANGO] 1INCHUSDT_LINEAL last=0.08862 · río=WS · estado=ACECHANDO · manos=OFF · pid=1084 · bridge=PROPIO
[RANGO] 1INCHUSDT_LINEAL last=0.08862 · río=WS · estado=ACECHANDO · manos=OFF · pid=1084 · bridge=PROPIO
[RANGO] 1INCHUSDT_LINEAL last=0.08862 · río=WS · estado=ACECHANDO · manos=OFF · pid=1084 · bridge=PROPIO
[RANGO] 1INCHUSDT_LINEAL last=0.08863 · río=WS · estado=ACECHANDO · manos=OFF · pid=1084 · bridge=PROPIO
[RANGO] 1INCHUSDT_LINEAL last=0.08864 · río=WS · estado=ACECHANDO · manos=OFF · pid=1084 · bridge=PROPIO
[RANGO] 1INCHUSDT_LINEAL last=0.08864 · río=WS · estado=ACECHANDO · manos=OFF · pid=1084 · bridge=PROPIO
[RANGO] 1INCHUSDT_LINEAL last=0.08864 · río=WS · estado=ACECHANDO · manos=OFF · pid=1084 · bridge=PROPIO
[RANGO] 1INCHUSDT_LINEAL last=0.08866 · río=WS · estado=ACECHANDO · manos=OFF · pid=1084 · bridge=PROPIO
[RANGO] 1INCHUSDT_LINEAL last=0.08864 · río=WS · estado=ACECHANDO · manos=OFF · pid=1084 · bridge=PROPIO
[RANGO] 1INCHUSDT_LINEAL last=0.08864 · río=WS · estado=ACECHANDO · manos=OFF · pid=1084 · bridge=PROPIO
[RANGO] 1INCHUSDT_LINEAL last=0.08862 · río=WS · estado=ACECHANDO · manos=OFF · pid=1084 · bridge=PROPIO
[RANGO] 1INCHUSDT_LINEAL last=0.08862 · río=WS · estado=ACECHANDO · manos=OFF · pid=1084 · bridge=PROPIO
[RANGO] 1INCHUSDT_LINEAL last=0.08866 · río=WS · estado=ACECHANDO · manos=OFF · pid=1084 · bridge=PROPIO
[RANGO] 1INCHUSDT_LINEAL last=0.08866 · río=WS · estado=ACECHANDO · manos=OFF · pid=1084 · bridge=PROPIO
[RANGO] 1INCHUSDT_LINEAL last=0.08866 · río=WS · estado=ACECHANDO · manos=OFF · pid=1084 · bridge=PROPIO
[RANGO] 1INCHUSDT_LINEAL last=0.08868 · río=WS · estado=ACECHANDO · manos=OFF · pid=1084 · bridge=PROPIO
[RANGO] 1INCHUSDT_LINEAL last=0.08865 · río=WS · estado=ACECHANDO · manos=OFF · pid=1084 · bridge=PROPIO
[RANGO] 1INCHUSDT_LINEAL last=0.08865 · río=WS · estado=ACECHANDO · manos=OFF · pid=1084 · bridge=PROPIO
[RANGO] 1INCHUSDT_LINEAL last=0.08872 · río=WS · estado=ACECHANDO · manos=OFF · pid=1084 · bridge=PROPIO
[RANGO] 1INCHUSDT_LINEAL last=0.08872 · río=WS · estado=ACECHANDO · manos=OFF · pid=1084 · bridge=PROPIO
[RANGO] 1INCHUSDT_LINEAL last=0.0887 · río=WS · estado=ACECHANDO · manos=OFF · pid=1084 · bridge=PROPIO
[RANGO] 1INCHUSDT_LINEAL last=0.08868 · río=WS · estado=ACECHANDO · manos=OFF · pid=1084 · bridge=PROPIO
[RANGO] 1INCHUSDT_LINEAL last=0.08868 · río=WS · estado=ACECHANDO · manos=OFF · pid=1084 · bridge=PROPIO
[RANGO] 1INCHUSDT_LINEAL last=0.08868 · río=WS · estado=ACECHANDO · manos=OFF · pid=1084 · bridge=PROPIO
[RANGO] 1INCHUSDT_LINEAL last=0.08868 · río=WS · estado=ACECHANDO · manos=OFF · pid=1084 · bridge=PROPIO
[RANGO] 1INCHUSDT_LINEAL last=0.08864 · río=WS · estado=ACECHANDO · manos=OFF · pid=1084 · bridge=PROPIO
[RANGO] 1INCHUSDT_LINEAL last=0.08864 · río=WS · estado=ACECHANDO · manos=OFF · pid=1084 · bridge=PROPIO
[RANGO] 1INCHUSDT_LINEAL last=0.08864 · río=WS · estado=ACECHANDO · manos=OFF · pid=1084 · bridge=PROPIO
[RANGO] 1INCHUSDT_LINEAL last=0.0887 · río=WS · estado=ACECHANDO · manos=OFF · pid=1084 · bridge=PROPIO
[RANGO] 1INCHUSDT_LINEAL last=0.0887 · río=WS · estado=ACECHANDO · manos=OFF · pid=1084 · bridge=PROPIO
[RANGO] 1INCHUSDT_LINEAL last=0.0887 · río=WS · estado=ACECHANDO · manos=OFF · pid=1084 · bridge=PROPIO
[RANGO] 1INCHUSDT_LINEAL last=0.08871 · río=WS · estado=ACECHANDO · manos=OFF · pid=1084 · bridge=PROPIO
[RANGO] 1INCHUSDT_LINEAL last=0.08871 · río=WS · estado=ACECHANDO · manos=OFF · pid=1084 · bridge=PROPIO
[RANGO] 1INCHUSDT_LINEAL last=0.08871 · río=WS · estado=ACECHANDO · manos=OFF · pid=1084 · bridge=PROPIO
[RANGO] 1INCHUSDT_LINEAL last=0.08866 · río=WS · estado=ACECHANDO · manos=OFF · pid=1084 · bridge=PROPIO
[RANGO] 1INCHUSDT_LINEAL last=0.0887 · río=WS · estado=ACECHANDO · manos=OFF · pid=1084 · bridge=PROPIO
[RANGO] 1INCHUSDT_LINEAL last=0.08871 · río=WS · estado=ACECHANDO · manos=OFF · pid=1084 · bridge=PROPIO
[RANGO] 1INCHUSDT_LINEAL last=0.08871 · río=WS · estado=ACECHANDO · manos=OFF · pid=1084 · bridge=PROPIO
[RANGO] 1INCHUSDT_LINEAL last=0.08871 · río=WS · estado=ACECHANDO · manos=OFF · pid=1084 · bridge=PROPIO
[RANGO] 1INCHUSDT_LINEAL last=0.08866 · río=WS · estado=ACECHANDO · manos=OFF · pid=1084 · bridge=PROPIO
[RANGO] 1INCHUSDT_LINEAL last=0.08872 · río=WS · estado=ACECHANDO · manos=OFF · pid=1084 · bridge=PROPIO
[RANGO] 1INCHUSDT_LINEAL last=0.08872 · río=WS · estado=ACECHANDO · manos=OFF · pid=1084 · bridge=PROPIO
[RANGO] 1INCHUSDT_LINEAL last=0.08872 · río=WS · estado=ACECHANDO · manos=OFF · pid=1084 · bridge=PROPIO
[RANGO] 1INCHUSDT_LINEAL last=0.08872 · río=WS · estado=ACECHANDO · manos=OFF · pid=1084 · bridge=PROPIO
[RANGO] 1INCHUSDT_LINEAL last=0.08872 · río=WS · estado=ACECHANDO · manos=OFF · pid=1084 · bridge=PROPIO
[RANGO] 1INCHUSDT_LINEAL last=0.08878 · río=WS · estado=ACECHANDO · manos=OFF · pid=1084 · bridge=PROPIO
[RANGO] 1INCHUSDT_LINEAL last=0.08876 · río=WS · estado=ACECHANDO · manos=OFF · pid=1084 · bridge=PROPIO
[RANGO] 1INCHUSDT_LINEAL last=0.0888 · río=WS · estado=ACECHANDO · manos=OFF · pid=1084 · bridge=PROPIO
[RANGO] 1INCHUSDT_LINEAL last=0.08886 · río=WS · estado=ACECHANDO · manos=OFF · pid=1084 · bridge=PROPIO
[RANGO] 1INCHUSDT_LINEAL last=0.08899 · río=WS · estado=ACECHANDO · manos=OFF · pid=1084 · bridge=PROPIO
[RANGO] 1INCHUSDT_LINEAL last=0.08893 · río=WS · estado=ACECHANDO · manos=OFF · pid=1084 · bridge=PROPIO
[RANGO] 1INCHUSDT_LINEAL last=0.08895 · río=WS · estado=ACECHANDO · manos=OFF · pid=1084 · bridge=PROPIO
[RANGO] 1INCHUSDT_LINEAL last=0.08897 · río=WS · estado=ACECHANDO · manos=OFF · pid=1084 · bridge=PROPIO
[RANGO] 1INCHUSDT_LINEAL last=0.0889 · río=WS · estado=ACECHANDO · manos=OFF · pid=1084 · bridge=PROPIO
[RANGO] 1INCHUSDT_LINEAL last=0.0889 · río=WS · estado=ACECHANDO · manos=OFF · pid=1084 · bridge=PROPIO
[RANGO] 1INCHUSDT_LINEAL last=0.08891 · río=WS · estado=ACECHANDO · manos=OFF · pid=1084 · bridge=PROPIO
[RANGO] 1INCHUSDT_LINEAL last=0.08889 · río=WS · estado=ACECHANDO · manos=OFF · pid=1084 · bridge=PROPIO
[RANGO] 1INCHUSDT_LINEAL last=0.08889 · río=WS · estado=ACECHANDO · manos=OFF · pid=1084 · bridge=PROPIO
[RANGO] 1INCHUSDT_LINEAL last=0.08911 · río=WS · estado=ACECHANDO · manos=OFF · pid=1084 · bridge=PROPIO
[RANGO] 1INCHUSDT_LINEAL last=0.08913 · río=WS · estado=ACECHANDO · manos=OFF · pid=1084 · bridge=PROPIO
[RANGO] 1INCHUSDT_LINEAL last=0.08911 · río=WS · estado=ACECHANDO · manos=OFF · pid=1084 · bridge=PROPIO
[RANGO] 1INCHUSDT_LINEAL last=0.08911 · río=WS · estado=ACECHANDO · manos=OFF · pid=1084 · bridge=PROPIO
[RANGO] 1INCHUSDT_LINEAL last=0.08904 · río=WS · estado=ACECHANDO · manos=OFF · pid=1084 · bridge=PROPIO
[RANGO] 1INCHUSDT_LINEAL last=0.08901 · río=WS · estado=ACECHANDO · manos=OFF · pid=1084 · bridge=PROPIO
[RANGO] 1INCHUSDT_LINEAL last=0.08901 · río=WS · estado=ACECHANDO · manos=OFF · pid=1084 · bridge=PROPIO
[RANGO] 1INCHUSDT_LINEAL last=0.08901 · río=WS · estado=ACECHANDO · manos=OFF · pid=1084 · bridge=PROPIO
[RANGO] 1INCHUSDT_LINEAL last=0.08912 · río=WS · estado=ACECHANDO · manos=OFF · pid=1084 · bridge=PROPIO
[RANGO] 1INCHUSDT_LINEAL last=0.08912 · río=WS · estado=ACECHANDO · manos=OFF · pid=1084 · bridge=PROPIO
[RANGO] 1INCHUSDT_LINEAL last=0.08912 · río=WS · estado=ACECHANDO · manos=OFF · pid=1084 · bridge=PROPIO
[RANGO] 1INCHUSDT_LINEAL last=0.08912 · río=WS · estado=ACECHANDO · manos=OFF · pid=1084 · bridge=PROPIO
[RANGO] 1INCHUSDT_LINEAL last=0.08904 · río=WS · estado=ACECHANDO · manos=OFF · pid=1084 · bridge=PROPIO
[RANGO] 1INCHUSDT_LINEAL last=0.08901 · río=WS · estado=ACECHANDO · manos=OFF · pid=1084 · bridge=PROPIO
[RANGO] 1INCHUSDT_LINEAL last=0.08901 · río=WS · estado=ACECHANDO · manos=OFF · pid=1084 · bridge=PROPIO
[RANGO] 1INCHUSDT_LINEAL last=0.08901 · río=WS · estado=ACECHANDO · manos=OFF · pid=1084 · bridge=PROPIO
[RANGO] 1INCHUSDT_LINEAL last=0.08901 · río=WS · estado=ACECHANDO · manos=OFF · pid=1084 · bridge=PROPIO
[RANGO] 1INCHUSDT_LINEAL last=0.08905 · río=WS · estado=ACECHANDO · manos=OFF · pid=1084 · bridge=PROPIO
[RANGO] 1INCHUSDT_LINEAL last=0.08904 · río=WS · estado=ACECHANDO · manos=OFF · pid=1084 · bridge=PROPIO
[RANGO] 1INCHUSDT_LINEAL last=0.08905 · río=WS · estado=ACECHANDO · manos=OFF · pid=1084 · bridge=PROPIO
[RANGO] 1INCHUSDT_LINEAL last=0.08904 · río=WS · estado=ACECHANDO · manos=OFF · pid=1084 · bridge=PROPIO
[RANGO] 1INCHUSDT_LINEAL last=0.08904 · río=WS · estado=ACECHANDO · manos=OFF · pid=1084 · bridge=PROPIO
[RANGO] 1INCHUSDT_LINEAL last=0.08904 · río=WS · estado=ACECHANDO · manos=OFF · pid=1084 · bridge=PROPIO
[RANGO] 1INCHUSDT_LINEAL last=0.08904 · río=WS · estado=ACECHANDO · manos=OFF · pid=1084 · bridge=PROPIO
[RANGO] 1INCHUSDT_LINEAL last=0.08903 · río=WS · estado=ACECHANDO · manos=OFF · pid=1084 · bridge=PROPIO
[RANGO] 1INCHUSDT_LINEAL last=0.08903 · río=WS · estado=ACECHANDO · manos=OFF · pid=1084 · bridge=PROPIO
[RANGO] 1INCHUSDT_LINEAL last=0.08903 · río=WS · estado=ACECHANDO · manos=OFF · pid=1084 · bridge=PROPIO
[RANGO] 1INCHUSDT_LINEAL last=0.08903 · río=WS · estado=ACECHANDO · manos=OFF · pid=1084 · bridge=PROPIO
[RANGO] 1INCHUSDT_LINEAL last=0.08903 · río=WS · estado=ACECHANDO · manos=OFF · pid=1084 · bridge=PROPIO
[RANGO] 1INCHUSDT_LINEAL last=0.08903 · río=WS · estado=ACECHANDO · manos=OFF · pid=1084 · bridge=PROPIO
[RANGO] 1INCHUSDT_LINEAL last=0.08911 · río=WS · estado=ACECHANDO · manos=OFF · pid=1084 · bridge=PROPIO
[RANGO] 1INCHUSDT_LINEAL last=0.08911 · río=WS · estado=ACECHANDO · manos=OFF · pid=1084 · bridge=PROPIO
[RANGO] 1INCHUSDT_LINEAL last=0.08912 · río=WS · estado=ACECHANDO · manos=OFF · pid=1084 · bridge=PROPIO
[RANGO] 1INCHUSDT_LINEAL last=0.08922 · río=WS · estado=ACECHANDO · manos=OFF · pid=1084 · bridge=PROPIO
[RANGO] 1INCHUSDT_LINEAL last=0.08922 · río=WS · estado=ACECHANDO · manos=OFF · pid=1084 · bridge=PROPIO
[RANGO] 1INCHUSDT_LINEAL last=0.08915 · río=WS · estado=ACECHANDO · manos=OFF · pid=1084 · bridge=PROPIO
[RANGO] 1INCHUSDT_LINEAL last=0.08915 · río=WS · estado=ACECHANDO · manos=OFF · pid=1084 · bridge=PROPIO
[RANGO] 1INCHUSDT_LINEAL last=0.0891 · río=WS · estado=ACECHANDO · manos=OFF · pid=1084 · bridge=PROPIO
[RANGO] 1INCHUSDT_LINEAL last=0.08908 · río=WS · estado=ACECHANDO · manos=OFF · pid=1084 · bridge=PROPIO
[RANGO] 1INCHUSDT_LINEAL last=0.08909 · río=WS · estado=ACECHANDO · manos=OFF · pid=1084 · bridge=PROPIO
[RANGO] 1INCHUSDT_LINEAL last=0.08909 · río=WS · estado=ACECHANDO · manos=OFF · pid=1084 · bridge=PROPIO
[RANGO] 1INCHUSDT_LINEAL last=0.08909 · río=WS · estado=ACECHANDO · manos=OFF · pid=1084 · bridge=PROPIO
[RANGO] 1INCHUSDT_LINEAL last=0.08909 · río=WS · estado=ACECHANDO · manos=OFF · pid=1084 · bridge=PROPIO
[RANGO] 1INCHUSDT_LINEAL last=0.08909 · río=WS · estado=ACECHANDO · manos=OFF · pid=1084 · bridge=PROPIO
[RANGO] 1INCHUSDT_LINEAL last=0.08909 · río=WS · estado=ACECHANDO · manos=OFF · pid=1084 · bridge=PROPIO
[RANGO] 1INCHUSDT_LINEAL last=0.08909 · río=WS · estado=ACECHANDO · manos=OFF · pid=1084 · bridge=PROPIO
[RANGO] 1INCHUSDT_LINEAL last=0.08909 · río=WS · estado=ACECHANDO · manos=OFF · pid=1084 · bridge=PROPIO
[RANGO] 1INCHUSDT_LINEAL last=0.08909 · río=WS · estado=ACECHANDO · manos=OFF · pid=1084 · bridge=PROPIO
[RANGO] 1INCHUSDT_LINEAL last=0.08909 · río=WS · estado=ACECHANDO · manos=OFF · pid=1084 · bridge=PROPIO
[RANGO] 1INCHUSDT_LINEAL last=0.08909 · río=WS · estado=ACECHANDO · manos=OFF · pid=1084 · bridge=PROPIO
[RANGO] 1INCHUSDT_LINEAL last=0.08909 · río=WS · estado=ACECHANDO · manos=OFF · pid=1084 · bridge=PROPIO
[RANGO] 1INCHUSDT_LINEAL last=0.08909 · río=WS · estado=ACECHANDO · manos=OFF · pid=1084 · bridge=PROPIO
[RANGO] 1INCHUSDT_LINEAL last=0.08909 · río=WS · estado=ACECHANDO · manos=OFF · pid=1084 · bridge=PROPIO
[RANGO] 1INCHUSDT_LINEAL last=0.08909 · río=WS · estado=ACECHANDO · manos=OFF · pid=1084 · bridge=PROPIO
[RANGO] 1INCHUSDT_LINEAL last=0.08909 · río=WS · estado=ACECHANDO · manos=OFF · pid=1084 · bridge=PROPIO
[RANGO] 1INCHUSDT_LINEAL last=0.08911 · río=WS · estado=ACECHANDO · manos=OFF · pid=1084 · bridge=PROPIO
[RANGO] 1INCHUSDT_LINEAL last=0.08911 · río=WS · estado=ACECHANDO · manos=OFF · pid=1084 · bridge=PROPIO
[RANGO] 1INCHUSDT_LINEAL last=0.08911 · río=WS · estado=ACECHANDO · manos=OFF · pid=1084 · bridge=PROPIO
[RANGO] 1INCHUSDT_LINEAL last=0.08912 · río=WS · estado=ACECHANDO · manos=OFF · pid=1084 · bridge=PROPIO
[RANGO] 1INCHUSDT_LINEAL last=0.0893 · río=WS · estado=ACECHANDO · manos=OFF · pid=1084 · bridge=PROPIO
[RANGO] 1INCHUSDT_LINEAL last=0.08932 · río=WS · estado=ACECHANDO · manos=OFF · pid=1084 · bridge=PROPIO
[RANGO] 1INCHUSDT_LINEAL last=0.08932 · río=WS · estado=ACECHANDO · manos=OFF · pid=1084 · bridge=PROPIO
[RANGO] 1INCHUSDT_LINEAL last=0.08933 · río=WS · estado=ACECHANDO · manos=OFF · pid=1084 · bridge=PROPIO
[RANGO] 1INCHUSDT_LINEAL last=0.08924 · río=WS · estado=ACECHANDO · manos=OFF · pid=1084 · bridge=PROPIO
[RANGO] 1INCHUSDT_LINEAL last=0.08929 · río=WS · estado=ACECHANDO · manos=OFF · pid=1084 · bridge=PROPIO
[RANGO] 1INCHUSDT_LINEAL last=0.08933 · río=WS · estado=ACECHANDO · manos=OFF · pid=1084 · bridge=PROPIO
[RANGO] 1INCHUSDT_LINEAL last=0.08929 · río=WS · estado=ACECHANDO · manos=OFF · pid=1084 · bridge=PROPIO
[RANGO] 1INCHUSDT_LINEAL last=0.08922 · río=WS · estado=ACECHANDO · manos=OFF · pid=1084 · bridge=PROPIO
[RANGO] 1INCHUSDT_LINEAL last=0.08933 · río=WS · estado=ACECHANDO · manos=OFF · pid=1084 · bridge=PROPIO
[RANGO] 1INCHUSDT_LINEAL last=0.08933 · río=WS · estado=ACECHANDO · manos=OFF · pid=1084 · bridge=PROPIO
[RANGO] 1INCHUSDT_LINEAL last=0.08933 · río=WS · estado=ACECHANDO · manos=OFF · pid=1084 · bridge=PROPIO
[RANGO] 1INCHUSDT_LINEAL last=0.08928 · río=WS · estado=ACECHANDO · manos=OFF · pid=1084 · bridge=PROPIO
[RANGO] 1INCHUSDT_LINEAL last=0.08928 · río=WS · estado=ACECHANDO · manos=OFF · pid=1084 · bridge=PROPIO
[RANGO] 1INCHUSDT_LINEAL last=0.08928 · río=WS · estado=ACECHANDO · manos=OFF · pid=1084 · bridge=PROPIO
[RANGO] 1INCHUSDT_LINEAL last=0.08928 · río=WS · estado=ACECHANDO · manos=OFF · pid=1084 · bridge=PROPIO
[RANGO] 1INCHUSDT_LINEAL last=0.08928 · río=WS · estado=ACECHANDO · manos=OFF · pid=1084 · bridge=PROPIO
[RANGO] 1INCHUSDT_LINEAL last=0.08928 · río=WS · estado=ACECHANDO · manos=OFF · pid=1084 · bridge=PROPIO
[RANGO] 1INCHUSDT_LINEAL last=0.08928 · río=WS · estado=ACECHANDO · manos=OFF · pid=1084 · bridge=PROPIO
[RANGO] 1INCHUSDT_LINEAL last=0.08928 · río=WS · estado=ACECHANDO · manos=OFF · pid=1084 · bridge=PROPIO
[RANGO] 1INCHUSDT_LINEAL last=0.08928 · río=WS · estado=ACECHANDO · manos=OFF · pid=1084 · bridge=PROPIO
[RANGO] 1INCHUSDT_LINEAL last=0.08928 · río=WS · estado=ACECHANDO · manos=OFF · pid=1084 · bridge=PROPIO
[RANGO] 1INCHUSDT_LINEAL last=0.08928 · río=WS · estado=ACECHANDO · manos=OFF · pid=1084 · bridge=PROPIO
[RANGO] 1INCHUSDT_LINEAL last=0.08928 · río=WS · estado=ACECHANDO · manos=OFF · pid=1084 · bridge=PROPIO
[RANGO] 1INCHUSDT_LINEAL last=0.08924 · río=WS · estado=ACECHANDO · manos=OFF · pid=1084 · bridge=PROPIO
[RANGO] 1INCHUSDT_LINEAL last=0.08924 · río=WS · estado=ACECHANDO · manos=OFF · pid=1084 · bridge=PROPIO
[RANGO] 1INCHUSDT_LINEAL last=0.08924 · río=WS · estado=ACECHANDO · manos=OFF · pid=1084 · bridge=PROPIO
[RANGO] 1INCHUSDT_LINEAL last=0.08924 · río=WS · estado=ACECHANDO · manos=OFF · pid=1084 · bridge=PROPIO
[RANGO] 1INCHUSDT_LINEAL last=0.08924 · río=WS · estado=ACECHANDO · manos=OFF · pid=1084 · bridge=PROPIO
[RANGO] 1INCHUSDT_LINEAL last=0.08924 · río=WS · estado=ACECHANDO · manos=OFF · pid=1084 · bridge=PROPIO
[RANGO] 1INCHUSDT_LINEAL last=0.08924 · río=WS · estado=ACECHANDO · manos=OFF · pid=1084 · bridge=PROPIO
[RANGO] 1INCHUSDT_LINEAL last=0.08931 · río=WS · estado=ACECHANDO · manos=OFF · pid=1084 · bridge=PROPIO
[RANGO] 1INCHUSDT_LINEAL last=0.08938 · río=WS · estado=ACECHANDO · manos=OFF · pid=1084 · bridge=PROPIO
[2026-09-01 21:26:07] [BERU_RANGO] ARMAR: RANGO_1INCH_0964ab92 VACIO_ARRIBA → trailing SHORT Oz @0.089201 (0,2 detrás de extremo 0.089380) Red @0.000000 ($0.30).
[BERU_RANGO] ARMAR RANGO_1INCH_0964ab92 VACIO_ARRIBA direccion=SHORT oz_adan=0.08920124 red_adan=0.0 masa_usd=0.3 trail_extremo=0.08938
[RANGO] 1INCH → ARMAR_ARRIBA
[RANGO] 1INCHUSDT_LINEAL last=0.08945 · río=WS · estado=CAZANDO · manos=OFF · pid=1084 · bridge=PROPIO
[RANGO] 1INCHUSDT_LINEAL last=0.08945 · río=WS · estado=CAZANDO · manos=OFF · pid=1084 · bridge=PROPIO
[RANGO] 1INCHUSDT_LINEAL last=0.08941 · río=WS · estado=CAZANDO · manos=OFF · pid=1084 · bridge=PROPIO
[RANGO] 1INCHUSDT_LINEAL last=0.08942 · río=WS · estado=CAZANDO · manos=OFF · pid=1084 · bridge=PROPIO
[RANGO] 1INCHUSDT_LINEAL last=0.08942 · río=WS · estado=CAZANDO · manos=OFF · pid=1084 · bridge=PROPIO
[RANGO] 1INCHUSDT_LINEAL last=0.08939 · río=WS · estado=CAZANDO · manos=OFF · pid=1084 · bridge=PROPIO
[RANGO] 1INCHUSDT_LINEAL last=0.08946 · río=WS · estado=CAZANDO · manos=OFF · pid=1084 · bridge=PROPIO
[RANGO] 1INCHUSDT_LINEAL last=0.0894 · río=WS · estado=CAZANDO · manos=OFF · pid=1084 · bridge=PROPIO
[RANGO] 1INCHUSDT_LINEAL last=0.0894 · río=WS · estado=CAZANDO · manos=OFF · pid=1084 · bridge=PROPIO
[RANGO] 1INCHUSDT_LINEAL last=0.08933 · río=WS · estado=CAZANDO · manos=OFF · pid=1084 · bridge=PROPIO
[RANGO] 1INCHUSDT_LINEAL last=0.08933 · río=WS · estado=CAZANDO · manos=OFF · pid=1084 · bridge=PROPIO
[RANGO] 1INCHUSDT_LINEAL last=0.08938 · río=WS · estado=CAZANDO · manos=OFF · pid=1084 · bridge=PROPIO
[RANGO] 1INCHUSDT_LINEAL last=0.0894 · río=WS · estado=CAZANDO · manos=OFF · pid=1084 · bridge=PROPIO
[RANGO] 1INCHUSDT_LINEAL last=0.08941 · río=WS · estado=CAZANDO · manos=OFF · pid=1084 · bridge=PROPIO
[RANGO] 1INCHUSDT_LINEAL last=0.08941 · río=WS · estado=CAZANDO · manos=OFF · pid=1084 · bridge=PROPIO
[RANGO] 1INCHUSDT_LINEAL last=0.08941 · río=WS · estado=CAZANDO · manos=OFF · pid=1084 · bridge=PROPIO
[RANGO] 1INCHUSDT_LINEAL last=0.08941 · río=WS · estado=CAZANDO · manos=OFF · pid=1084 · bridge=PROPIO
[RANGO] 1INCHUSDT_LINEAL last=0.08938 · río=WS · estado=CAZANDO · manos=OFF · pid=1084 · bridge=PROPIO
[RANGO] 1INCHUSDT_LINEAL last=0.08938 · río=WS · estado=CAZANDO · manos=OFF · pid=1084 · bridge=PROPIO
[RANGO] 1INCHUSDT_LINEAL last=0.08938 · río=WS · estado=CAZANDO · manos=OFF · pid=1084 · bridge=PROPIO
[RANGO] 1INCHUSDT_LINEAL last=0.08938 · río=WS · estado=CAZANDO · manos=OFF · pid=1084 · bridge=PROPIO
[RANGO] 1INCHUSDT_LINEAL last=0.08936 · río=WS · estado=CAZANDO · manos=OFF · pid=1084 · bridge=PROPIO
[RANGO] 1INCHUSDT_LINEAL last=0.08936 · río=WS · estado=CAZANDO · manos=OFF · pid=1084 · bridge=PROPIO
[2026-09-01 21:32:01] [BERU_RANGO] OZ_COSECHA: RANGO_1INCH_0964ab92 Oz peldaño @0.089281 fill @0.089281 · wake=0.088330 · sangre act. ABAJO 1.2% · Red trailing act. @0.089995 (callback 0.2% · $0) · extremo=0.089460.
[BERU_RANGO] OZ_COSECHA RANGO_1INCH_0964ab92 wake=0.08833 oz=0.08928108 fill=0.08928108 sangre=ABAJO red=0.08999532864 extremo=0.08946 precio=0.08928108 masa_usd=0.3
[RANGO] 1INCH → OZ_COSECHA
[RANGO] 1INCHUSDT_LINEAL last=0.08926 · río=WS · estado=ACECHANDO · manos=OFF · pid=1084 · bridge=PROPIO
[RANGO] 1INCHUSDT_LINEAL last=0.08928 · río=WS · estado=ACECHANDO · manos=OFF · pid=1084 · bridge=PROPIO
[RANGO] 1INCHUSDT_LINEAL last=0.08928 · río=WS · estado=ACECHANDO · manos=OFF · pid=1084 · bridge=PROPIO
[RANGO] 1INCHUSDT_LINEAL last=0.08928 · río=WS · estado=ACECHANDO · manos=OFF · pid=1084 · bridge=PROPIO
[RANGO] 1INCHUSDT_LINEAL last=0.08928 · río=WS · estado=ACECHANDO · manos=OFF · pid=1084 · bridge=PROPIO
[RANGO] 1INCHUSDT_LINEAL last=0.08923 · río=WS · estado=ACECHANDO · manos=OFF · pid=1084 · bridge=PROPIO
[RANGO] 1INCHUSDT_LINEAL last=0.0893 · río=WS · estado=ACECHANDO · manos=OFF · pid=1084 · bridge=PROPIO
[RANGO] 1INCHUSDT_LINEAL last=0.0893 · río=WS · estado=ACECHANDO · manos=OFF · pid=1084 · bridge=PROPIO
[RANGO] 1INCHUSDT_LINEAL last=0.0892 · río=WS · estado=ACECHANDO · manos=OFF · pid=1084 · bridge=PROPIO
[RANGO] 1INCHUSDT_LINEAL last=0.08921 · río=WS · estado=ACECHANDO · manos=OFF · pid=1084 · bridge=PROPIO
[RANGO] 1INCHUSDT_LINEAL last=0.08921 · río=WS · estado=ACECHANDO · manos=OFF · pid=1084 · bridge=PROPIO
[RANGO] 1INCHUSDT_LINEAL last=0.08922 · río=WS · estado=ACECHANDO · manos=OFF · pid=1084 · bridge=PROPIO
[RANGO] 1INCHUSDT_LINEAL last=0.08922 · río=WS · estado=ACECHANDO · manos=OFF · pid=1084 · bridge=PROPIO
[RANGO] 1INCHUSDT_LINEAL last=0.08917 · río=WS · estado=ACECHANDO · manos=OFF · pid=1084 · bridge=PROPIO
[RANGO] 1INCHUSDT_LINEAL last=0.08917 · río=WS · estado=ACECHANDO · manos=OFF · pid=1084 · bridge=PROPIO
[RANGO] 1INCHUSDT_LINEAL last=0.08917 · río=WS · estado=ACECHANDO · manos=OFF · pid=1084 · bridge=PROPIO
[RANGO] 1INCHUSDT_LINEAL last=0.08917 · río=WS · estado=ACECHANDO · manos=OFF · pid=1084 · bridge=PROPIO
[RANGO] 1INCHUSDT_LINEAL last=0.08917 · río=WS · estado=ACECHANDO · manos=OFF · pid=1084 · bridge=PROPIO
[RANGO] 1INCHUSDT_LINEAL last=0.08924 · río=WS · estado=ACECHANDO · manos=OFF · pid=1084 · bridge=PROPIO
[RANGO] 1INCHUSDT_LINEAL last=0.08924 · río=WS · estado=ACECHANDO · manos=OFF · pid=1084 · bridge=PROPIO
[RANGO] 1INCHUSDT_LINEAL last=0.08924 · río=WS · estado=ACECHANDO · manos=OFF · pid=1084 · bridge=PROPIO
[RANGO] 1INCHUSDT_LINEAL last=0.0893 · río=WS · estado=ACECHANDO · manos=OFF · pid=1084 · bridge=PROPIO
[RANGO] 1INCHUSDT_LINEAL last=0.0893 · río=WS · estado=ACECHANDO · manos=OFF · pid=1084 · bridge=PROPIO
[RANGO] 1INCHUSDT_LINEAL last=0.08937 · río=WS · estado=ACECHANDO · manos=OFF · pid=1084 · bridge=PROPIO
[RANGO] 1INCHUSDT_LINEAL last=0.08937 · río=WS · estado=ACECHANDO · manos=OFF · pid=1084 · bridge=PROPIO
[RANGO] 1INCHUSDT_LINEAL last=0.08928 · río=WS · estado=ACECHANDO · manos=OFF · pid=1084 · bridge=PROPIO
[RANGO] 1INCHUSDT_LINEAL last=0.0893 · río=WS · estado=ACECHANDO · manos=OFF · pid=1084 · bridge=PROPIO
[RANGO] 1INCHUSDT_LINEAL last=0.08934 · río=WS · estado=ACECHANDO · manos=OFF · pid=1084 · bridge=PROPIO
[RANGO] 1INCHUSDT_LINEAL last=0.08932 · río=WS · estado=ACECHANDO · manos=OFF · pid=1084 · bridge=PROPIO
[RANGO] 1INCHUSDT_LINEAL last=0.08938 · río=WS · estado=ACECHANDO · manos=OFF · pid=1084 · bridge=PROPIO
[RANGO] 1INCHUSDT_LINEAL last=0.08938 · río=WS · estado=ACECHANDO · manos=OFF · pid=1084 · bridge=PROPIO
[RANGO] 1INCHUSDT_LINEAL last=0.08938 · río=WS · estado=ACECHANDO · manos=OFF · pid=1084 · bridge=PROPIO
[RANGO] 1INCHUSDT_LINEAL last=0.08949 · río=WS · estado=ACECHANDO · manos=OFF · pid=1084 · bridge=PROPIO
[RANGO] 1INCHUSDT_LINEAL last=0.08949 · río=WS · estado=ACECHANDO · manos=OFF · pid=1084 · bridge=PROPIO
[RANGO] 1INCHUSDT_LINEAL last=0.08943 · río=WS · estado=ACECHANDO · manos=OFF · pid=1084 · bridge=PROPIO
[RANGO] 1INCHUSDT_LINEAL last=0.08944 · río=WS · estado=ACECHANDO · manos=OFF · pid=1084 · bridge=PROPIO
[RANGO] 1INCHUSDT_LINEAL last=0.08944 · río=WS · estado=ACECHANDO · manos=OFF · pid=1084 · bridge=PROPIO
[RANGO] 1INCHUSDT_LINEAL last=0.08941 · río=WS · estado=ACECHANDO · manos=OFF · pid=1084 · bridge=PROPIO
[RANGO] 1INCHUSDT_LINEAL last=0.08945 · río=WS · estado=ACECHANDO · manos=OFF · pid=1084 · bridge=PROPIO
[RANGO] 1INCHUSDT_LINEAL last=0.08945 · río=WS · estado=ACECHANDO · manos=OFF · pid=1084 · bridge=PROPIO
[RANGO] 1INCHUSDT_LINEAL last=0.08946 · río=WS · estado=ACECHANDO · manos=OFF · pid=1084 · bridge=PROPIO
[RANGO] 1INCHUSDT_LINEAL last=0.08947 · río=WS · estado=ACECHANDO · manos=OFF · pid=1084 · bridge=PROPIO
[RANGO] 1INCHUSDT_LINEAL last=0.08947 · río=WS · estado=ACECHANDO · manos=OFF · pid=1084 · bridge=PROPIO
[RANGO] 1INCHUSDT_LINEAL last=0.08938 · río=WS · estado=ACECHANDO · manos=OFF · pid=1084 · bridge=PROPIO
[RANGO] 1INCHUSDT_LINEAL last=0.08936 · río=WS · estado=ACECHANDO · manos=OFF · pid=1084 · bridge=PROPIO
[RANGO] 1INCHUSDT_LINEAL last=0.08932 · río=WS · estado=ACECHANDO · manos=OFF · pid=1084 · bridge=PROPIO
[RANGO] 1INCHUSDT_LINEAL last=0.08932 · río=WS · estado=ACECHANDO · manos=OFF · pid=1084 · bridge=PROPIO
[RANGO] 1INCHUSDT_LINEAL last=0.08933 · río=WS · estado=ACECHANDO · manos=OFF · pid=1084 · bridge=PROPIO
[RANGO] 1INCHUSDT_LINEAL last=0.08924 · río=WS · estado=ACECHANDO · manos=OFF · pid=1084 · bridge=PROPIO
[RANGO] 1INCHUSDT_LINEAL last=0.08927 · río=WS · estado=ACECHANDO · manos=OFF · pid=1084 · bridge=PROPIO
[RANGO] 1INCHUSDT_LINEAL last=0.08933 · río=WS · estado=ACECHANDO · manos=OFF · pid=1084 · bridge=PROPIO
[RANGO] 1INCHUSDT_LINEAL last=0.08936 · río=WS · estado=ACECHANDO · manos=OFF · pid=1084 · bridge=PROPIO
[RANGO] 1INCHUSDT_LINEAL last=0.08934 · río=WS · estado=ACECHANDO · manos=OFF · pid=1084 · bridge=PROPIO
[RANGO] 1INCHUSDT_LINEAL last=0.08928 · río=WS · estado=ACECHANDO · manos=OFF · pid=1084 · bridge=PROPIO
[RANGO] 1INCHUSDT_LINEAL last=0.0893 · río=WS · estado=ACECHANDO · manos=OFF · pid=1084 · bridge=PROPIO
[RANGO] 1INCHUSDT_LINEAL last=0.0893 · río=WS · estado=ACECHANDO · manos=OFF · pid=1084 · bridge=PROPIO
[RANGO] 1INCHUSDT_LINEAL last=0.0893 · río=WS · estado=ACECHANDO · manos=OFF · pid=1084 · bridge=PROPIO
[RANGO] 1INCHUSDT_LINEAL last=0.08935 · río=WS · estado=ACECHANDO · manos=OFF · pid=1084 · bridge=PROPIO
[RANGO] 1INCHUSDT_LINEAL last=0.08929 · río=WS · estado=ACECHANDO · manos=OFF · pid=1084 · bridge=PROPIO
[RANGO] 1INCHUSDT_LINEAL last=0.08931 · río=WS · estado=ACECHANDO · manos=OFF · pid=1084 · bridge=PROPIO
[RANGO] 1INCHUSDT_LINEAL last=0.08931 · río=WS · estado=ACECHANDO · manos=OFF · pid=1084 · bridge=PROPIO
[RANGO] 1INCHUSDT_LINEAL last=0.08931 · río=WS · estado=ACECHANDO · manos=OFF · pid=1084 · bridge=PROPIO
[RANGO] 1INCHUSDT_LINEAL last=0.08926 · río=WS · estado=ACECHANDO · manos=OFF · pid=1084 · bridge=PROPIO
[RANGO] 1INCHUSDT_LINEAL last=0.08926 · río=WS · estado=ACECHANDO · manos=OFF · pid=1084 · bridge=PROPIO
[RANGO] 1INCHUSDT_LINEAL last=0.08926 · río=WS · estado=ACECHANDO · manos=OFF · pid=1084 · bridge=PROPIO
[RANGO] 1INCHUSDT_LINEAL last=0.08933 · río=WS · estado=ACECHANDO · manos=OFF · pid=1084 · bridge=PROPIO
[RANGO] 1INCHUSDT_LINEAL last=0.08933 · río=WS · estado=ACECHANDO · manos=OFF · pid=1084 · bridge=PROPIO
[RANGO] 1INCHUSDT_LINEAL last=0.08933 · río=WS · estado=ACECHANDO · manos=OFF · pid=1084 · bridge=PROPIO
[RANGO] 1INCHUSDT_LINEAL last=0.08942 · río=WS · estado=ACECHANDO · manos=OFF · pid=1084 · bridge=PROPIO
[RANGO] 1INCHUSDT_LINEAL last=0.08942 · río=WS · estado=ACECHANDO · manos=OFF · pid=1084 · bridge=PROPIO
[RANGO] 1INCHUSDT_LINEAL last=0.08928 · río=WS · estado=ACECHANDO · manos=OFF · pid=1084 · bridge=PROPIO
[RANGO] 1INCHUSDT_LINEAL last=0.08926 · río=WS · estado=ACECHANDO · manos=OFF · pid=1084 · bridge=PROPIO
[RANGO] 1INCHUSDT_LINEAL last=0.08928 · río=WS · estado=ACECHANDO · manos=OFF · pid=1084 · bridge=PROPIO
[RANGO] 1INCHUSDT_LINEAL last=0.08924 · río=WS · estado=ACECHANDO · manos=OFF · pid=1084 · bridge=PROPIO
[RANGO] 1INCHUSDT_LINEAL last=0.08928 · río=WS · estado=ACECHANDO · manos=OFF · pid=1084 · bridge=PROPIO
[RANGO] 1INCHUSDT_LINEAL last=0.08928 · río=WS · estado=ACECHANDO · manos=OFF · pid=1084 · bridge=PROPIO
[RANGO] 1INCHUSDT_LINEAL last=0.08928 · río=WS · estado=ACECHANDO · manos=OFF · pid=1084 · bridge=PROPIO
[RANGO] 1INCHUSDT_LINEAL last=0.08927 · río=WS · estado=ACECHANDO · manos=OFF · pid=1084 · bridge=PROPIO
[RANGO] 1INCHUSDT_LINEAL last=0.08922 · río=WS · estado=ACECHANDO · manos=OFF · pid=1084 · bridge=PROPIO
[RANGO] 1INCHUSDT_LINEAL last=0.0892 · río=WS · estado=ACECHANDO · manos=OFF · pid=1084 · bridge=PROPIO
[RANGO] 1INCHUSDT_LINEAL last=0.08919 · río=WS · estado=ACECHANDO · manos=OFF · pid=1084 · bridge=PROPIO
[RANGO] 1INCHUSDT_LINEAL last=0.08928 · río=WS · estado=ACECHANDO · manos=OFF · pid=1084 · bridge=PROPIO
[RANGO] 1INCHUSDT_LINEAL last=0.08933 · río=WS · estado=ACECHANDO · manos=OFF · pid=1084 · bridge=PROPIO
[RANGO] 1INCHUSDT_LINEAL last=0.08933 · río=WS · estado=ACECHANDO · manos=OFF · pid=1084 · bridge=PROPIO
[RANGO] 1INCHUSDT_LINEAL last=0.08933 · río=WS · estado=ACECHANDO · manos=OFF · pid=1084 · bridge=PROPIO
[RANGO] 1INCHUSDT_LINEAL last=0.08933 · río=WS · estado=ACECHANDO · manos=OFF · pid=1084 · bridge=PROPIO
[RANGO] 1INCHUSDT_LINEAL last=0.0893 · río=WS · estado=ACECHANDO · manos=OFF · pid=1084 · bridge=PROPIO
[RANGO] 1INCHUSDT_LINEAL last=0.08924 · río=WS · estado=ACECHANDO · manos=OFF · pid=1084 · bridge=PROPIO
[RANGO] 1INCHUSDT_LINEAL last=0.08924 · río=WS · estado=ACECHANDO · manos=OFF · pid=1084 · bridge=PROPIO
[RANGO] 1INCHUSDT_LINEAL last=0.08929 · río=WS · estado=ACECHANDO · manos=OFF · pid=1084 · bridge=PROPIO
[RANGO] 1INCHUSDT_LINEAL last=0.08929 · río=WS · estado=ACECHANDO · manos=OFF · pid=1084 · bridge=PROPIO
[RANGO] 1INCHUSDT_LINEAL last=0.08929 · río=WS · estado=ACECHANDO · manos=OFF · pid=1084 · bridge=PROPIO
[RANGO] 1INCHUSDT_LINEAL last=0.08929 · río=WS · estado=ACECHANDO · manos=OFF · pid=1084 · bridge=PROPIO
[RANGO] 1INCHUSDT_LINEAL last=0.08929 · río=WS · estado=ACECHANDO · manos=OFF · pid=1084 · bridge=PROPIO
[RANGO] 1INCHUSDT_LINEAL last=0.08929 · río=WS · estado=ACECHANDO · manos=OFF · pid=1084 · bridge=PROPIO
[RANGO] 1INCHUSDT_LINEAL last=0.08929 · río=WS · estado=ACECHANDO · manos=OFF · pid=1084 · bridge=PROPIO
[RANGO] 1INCHUSDT_LINEAL last=0.08927 · río=WS · estado=ACECHANDO · manos=OFF · pid=1084 · bridge=PROPIO
[RANGO] 1INCHUSDT_LINEAL last=0.08927 · río=WS · estado=ACECHANDO · manos=OFF · pid=1084 · bridge=PROPIO
[RANGO] 1INCHUSDT_LINEAL last=0.08927 · río=WS · estado=ACECHANDO · manos=OFF · pid=1084 · bridge=PROPIO
[RANGO] 1INCHUSDT_LINEAL last=0.08927 · río=WS · estado=ACECHANDO · manos=OFF · pid=1084 · bridge=PROPIO
[RANGO] 1INCHUSDT_LINEAL last=0.0892 · río=WS · estado=ACECHANDO · manos=OFF · pid=1084 · bridge=PROPIO
[RANGO] 1INCHUSDT_LINEAL last=0.0892 · río=WS · estado=ACECHANDO · manos=OFF · pid=1084 · bridge=PROPIO
[RANGO] 1INCHUSDT_LINEAL last=0.0892 · río=WS · estado=ACECHANDO · manos=OFF · pid=1084 · bridge=PROPIO
[RANGO] 1INCHUSDT_LINEAL last=0.0892 · río=WS · estado=ACECHANDO · manos=OFF · pid=1084 · bridge=PROPIO
[RANGO] 1INCHUSDT_LINEAL last=0.08933 · río=WS · estado=ACECHANDO · manos=OFF · pid=1084 · bridge=PROPIO
[RANGO] 1INCHUSDT_LINEAL last=0.08938 · río=WS · estado=ACECHANDO · manos=OFF · pid=1084 · bridge=PROPIO
[RANGO] 1INCHUSDT_LINEAL last=0.08938 · río=WS · estado=ACECHANDO · manos=OFF · pid=1084 · bridge=PROPIO
[RANGO] 1INCHUSDT_LINEAL last=0.08941 · río=WS · estado=ACECHANDO · manos=OFF · pid=1084 · bridge=PROPIO
[RANGO] 1INCHUSDT_LINEAL last=0.08941 · río=WS · estado=ACECHANDO · manos=OFF · pid=1084 · bridge=PROPIO
[RANGO] 1INCHUSDT_LINEAL last=0.08941 · río=WS · estado=ACECHANDO · manos=OFF · pid=1084 · bridge=PROPIO
[RANGO] 1INCHUSDT_LINEAL last=0.08941 · río=WS · estado=ACECHANDO · manos=OFF · pid=1084 · bridge=PROPIO
[RANGO] 1INCHUSDT_LINEAL last=0.08937 · río=WS · estado=ACECHANDO · manos=OFF · pid=1084 · bridge=PROPIO
[RANGO] 1INCHUSDT_LINEAL last=0.08937 · río=WS · estado=ACECHANDO · manos=OFF · pid=1084 · bridge=PROPIO
[RANGO] 1INCHUSDT_LINEAL last=0.08932 · río=WS · estado=ACECHANDO · manos=OFF · pid=1084 · bridge=PROPIO
[RANGO] 1INCHUSDT_LINEAL last=0.08932 · río=WS · estado=ACECHANDO · manos=OFF · pid=1084 · bridge=PROPIO
[RANGO] 1INCHUSDT_LINEAL last=0.08932 · río=WS · estado=ACECHANDO · manos=OFF · pid=1084 · bridge=PROPIO
[RANGO] 1INCHUSDT_LINEAL last=0.08937 · río=WS · estado=ACECHANDO · manos=OFF · pid=1084 · bridge=PROPIO
[RANGO] 1INCHUSDT_LINEAL last=0.08937 · río=WS · estado=ACECHANDO · manos=OFF · pid=1084 · bridge=PROPIO
[RANGO] 1INCHUSDT_LINEAL last=0.08942 · río=WS · estado=ACECHANDO · manos=OFF · pid=1084 · bridge=PROPIO
[RANGO] 1INCHUSDT_LINEAL last=0.08942 · río=WS · estado=ACECHANDO · manos=OFF · pid=1084 · bridge=PROPIO
[RANGO] 1INCHUSDT_LINEAL last=0.08946 · río=WS · estado=ACECHANDO · manos=OFF · pid=1084 · bridge=PROPIO
[RANGO] 1INCHUSDT_LINEAL last=0.0895 · río=WS · estado=ACECHANDO · manos=OFF · pid=1084 · bridge=PROPIO
[RANGO] 1INCHUSDT_LINEAL last=0.08996 · río=WS · estado=ACECHANDO · manos=OFF · pid=1084 · bridge=PROPIO
[2026-09-01 22:02:35] [BERU_RANGO] ARMAR: RANGO_1INCH_R1_91babe RED → trailing SHORT Oz @0.089820 (0,2 detrás de extremo 0.090000) Red @0.000000 ($0.80).
[BERU_RANGO] ARMAR RANGO_1INCH_R1_91babe RED direccion=SHORT oz_adan=0.08982 red_adan=0.0 masa_usd=0.8 trail_extremo=0.09
[RANGO] 1INCH → ARMAR_RED
[RANGO] 1INCHUSDT_LINEAL last=0.09003 · río=WS · estado=CAZANDO · manos=OFF · pid=1084 · bridge=PROPIO
[2026-09-01 22:03:02] [BERU_RANGO] OZ_COSECHA: RANGO_1INCH_R1_91babe Oz peldaño @0.089880 fill @0.089880 · wake=0.088330 · sangre act. ABAJO 1.2% · Red trailing act. @0.090599 (callback 0.2% · $0) · extremo=0.090060.
[BERU_RANGO] OZ_COSECHA RANGO_1INCH_R1_91babe wake=0.08833 oz=0.08987988 fill=0.08987988 sangre=ABAJO red=0.09059891903999999 extremo=0.09006 precio=0.08987988 masa_usd=0.8
[RANGO] 1INCH → OZ_COSECHA
[RANGO] 1INCHUSDT_LINEAL last=0.08976 · río=WS · estado=ACECHANDO · manos=OFF · pid=1084 · bridge=PROPIO
[RANGO] 1INCHUSDT_LINEAL last=0.08984 · río=WS · estado=ACECHANDO · manos=OFF · pid=1084 · bridge=PROPIO
[RANGO] 1INCHUSDT_LINEAL last=0.08986 · río=WS · estado=ACECHANDO · manos=OFF · pid=1084 · bridge=PROPIO
[RANGO] 1INCHUSDT_LINEAL last=0.08983 · río=WS · estado=ACECHANDO · manos=OFF · pid=1084 · bridge=PROPIO
[RANGO] 1INCHUSDT_LINEAL last=0.08991 · río=WS · estado=ACECHANDO · manos=OFF · pid=1084 · bridge=PROPIO
[RANGO] 1INCHUSDT_LINEAL last=0.08985 · río=WS · estado=ACECHANDO · manos=OFF · pid=1084 · bridge=PROPIO
[RANGO] 1INCHUSDT_LINEAL last=0.0899 · río=WS · estado=ACECHANDO · manos=OFF · pid=1084 · bridge=PROPIO
[RANGO] 1INCHUSDT_LINEAL last=0.0899 · río=WS · estado=ACECHANDO · manos=OFF · pid=1084 · bridge=PROPIO
[RANGO] 1INCHUSDT_LINEAL last=0.08982 · río=WS · estado=ACECHANDO · manos=OFF · pid=1084 · bridge=PROPIO
[RANGO] 1INCHUSDT_LINEAL last=0.08982 · río=WS · estado=ACECHANDO · manos=OFF · pid=1084 · bridge=PROPIO
[RANGO] 1INCHUSDT_LINEAL last=0.08988 · río=WS · estado=ACECHANDO · manos=OFF · pid=1084 · bridge=PROPIO
[RANGO] 1INCHUSDT_LINEAL last=0.08978 · río=WS · estado=ACECHANDO · manos=OFF · pid=1084 · bridge=PROPIO
[RANGO] 1INCHUSDT_LINEAL last=0.08975 · río=WS · estado=ACECHANDO · manos=OFF · pid=1084 · bridge=PROPIO
[RANGO] 1INCHUSDT_LINEAL last=0.0897 · río=WS · estado=ACECHANDO · manos=OFF · pid=1084 · bridge=PROPIO
[RANGO] 1INCHUSDT_LINEAL last=0.0897 · río=WS · estado=ACECHANDO · manos=OFF · pid=1084 · bridge=PROPIO
[RANGO] 1INCHUSDT_LINEAL last=0.0897 · río=WS · estado=ACECHANDO · manos=OFF · pid=1084 · bridge=PROPIO
[RANGO] 1INCHUSDT_LINEAL last=0.08966 · río=WS · estado=ACECHANDO · manos=OFF · pid=1084 · bridge=PROPIO
[RANGO] 1INCHUSDT_LINEAL last=0.08953 · río=WS · estado=ACECHANDO · manos=OFF · pid=1084 · bridge=PROPIO
[RANGO] 1INCHUSDT_LINEAL last=0.08956 · río=WS · estado=ACECHANDO · manos=OFF · pid=1084 · bridge=PROPIO
[RANGO] 1INCHUSDT_LINEAL last=0.08956 · río=WS · estado=ACECHANDO · manos=OFF · pid=1084 · bridge=PROPIO
[RANGO] 1INCHUSDT_LINEAL last=0.0896 · río=WS · estado=ACECHANDO · manos=OFF · pid=1084 · bridge=PROPIO
[RANGO] 1INCHUSDT_LINEAL last=0.0896 · río=WS · estado=ACECHANDO · manos=OFF · pid=1084 · bridge=PROPIO
[RANGO] 1INCHUSDT_LINEAL last=0.0896 · río=WS · estado=ACECHANDO · manos=OFF · pid=1084 · bridge=PROPIO
[RANGO] 1INCHUSDT_LINEAL last=0.08956 · río=WS · estado=ACECHANDO · manos=OFF · pid=1084 · bridge=PROPIO
[RANGO] 1INCHUSDT_LINEAL last=0.08956 · río=WS · estado=ACECHANDO · manos=OFF · pid=1084 · bridge=PROPIO
[RANGO] 1INCHUSDT_LINEAL last=0.08959 · río=WS · estado=ACECHANDO · manos=OFF · pid=1084 · bridge=PROPIO
[RANGO] 1INCHUSDT_LINEAL last=0.08959 · río=WS · estado=ACECHANDO · manos=OFF · pid=1084 · bridge=PROPIO
[RANGO] 1INCHUSDT_LINEAL last=0.08952 · río=WS · estado=ACECHANDO · manos=OFF · pid=1084 · bridge=PROPIO
[RANGO] 1INCHUSDT_LINEAL last=0.08949 · río=WS · estado=ACECHANDO · manos=OFF · pid=1084 · bridge=PROPIO
[RANGO] 1INCHUSDT_LINEAL last=0.08949 · río=WS · estado=ACECHANDO · manos=OFF · pid=1084 · bridge=PROPIO
[RANGO] 1INCHUSDT_LINEAL last=0.08949 · río=WS · estado=ACECHANDO · manos=OFF · pid=1084 · bridge=PROPIO
[RANGO] 1INCHUSDT_LINEAL last=0.08951 · río=WS · estado=ACECHANDO · manos=OFF · pid=1084 · bridge=PROPIO
[RANGO] 1INCHUSDT_LINEAL last=0.08954 · río=WS · estado=ACECHANDO · manos=OFF · pid=1084 · bridge=PROPIO
[RANGO] 1INCHUSDT_LINEAL last=0.08954 · río=WS · estado=ACECHANDO · manos=OFF · pid=1084 · bridge=PROPIO
[RANGO] 1INCHUSDT_LINEAL last=0.08954 · río=WS · estado=ACECHANDO · manos=OFF · pid=1084 · bridge=PROPIO
[RANGO] 1INCHUSDT_LINEAL last=0.08949 · río=WS · estado=ACECHANDO · manos=OFF · pid=1084 · bridge=PROPIO
[RANGO] 1INCHUSDT_LINEAL last=0.08948 · río=WS · estado=ACECHANDO · manos=OFF · pid=1084 · bridge=PROPIO
[RANGO] 1INCHUSDT_LINEAL last=0.08948 · río=WS · estado=ACECHANDO · manos=OFF · pid=1084 · bridge=PROPIO
[RANGO] 1INCHUSDT_LINEAL last=0.08942 · río=WS · estado=ACECHANDO · manos=OFF · pid=1084 · bridge=PROPIO
[RANGO] 1INCHUSDT_LINEAL last=0.08942 · río=WS · estado=ACECHANDO · manos=OFF · pid=1084 · bridge=PROPIO
[RANGO] 1INCHUSDT_LINEAL last=0.08943 · río=WS · estado=ACECHANDO · manos=OFF · pid=1084 · bridge=PROPIO
[RANGO] 1INCHUSDT_LINEAL last=0.08942 · río=WS · estado=ACECHANDO · manos=OFF · pid=1084 · bridge=PROPIO
[RANGO] 1INCHUSDT_LINEAL last=0.08943 · río=WS · estado=ACECHANDO · manos=OFF · pid=1084 · bridge=PROPIO
[RANGO] 1INCHUSDT_LINEAL last=0.08936 · río=WS · estado=ACECHANDO · manos=OFF · pid=1084 · bridge=PROPIO
[RANGO] 1INCHUSDT_LINEAL last=0.08939 · río=WS · estado=ACECHANDO · manos=OFF · pid=1084 · bridge=PROPIO
[RANGO] 1INCHUSDT_LINEAL last=0.0893 · río=WS · estado=ACECHANDO · manos=OFF · pid=1084 · bridge=PROPIO
[RANGO] 1INCHUSDT_LINEAL last=0.08927 · río=WS · estado=ACECHANDO · manos=OFF · pid=1084 · bridge=PROPIO
[RANGO] 1INCHUSDT_LINEAL last=0.08934 · río=WS · estado=ACECHANDO · manos=OFF · pid=1084 · bridge=PROPIO
[RANGO] 1INCHUSDT_LINEAL last=0.08934 · río=WS · estado=ACECHANDO · manos=OFF · pid=1084 · bridge=PROPIO
[RANGO] 1INCHUSDT_LINEAL last=0.08934 · río=WS · estado=ACECHANDO · manos=OFF · pid=1084 · bridge=PROPIO
[RANGO] 1INCHUSDT_LINEAL last=0.08932 · río=WS · estado=ACECHANDO · manos=OFF · pid=1084 · bridge=PROPIO
[RANGO] 1INCHUSDT_LINEAL last=0.08932 · río=WS · estado=ACECHANDO · manos=OFF · pid=1084 · bridge=PROPIO
[RANGO] 1INCHUSDT_LINEAL last=0.08928 · río=WS · estado=ACECHANDO · manos=OFF · pid=1084 · bridge=PROPIO
[RANGO] 1INCHUSDT_LINEAL last=0.08932 · río=WS · estado=ACECHANDO · manos=OFF · pid=1084 · bridge=PROPIO
[RANGO] 1INCHUSDT_LINEAL last=0.08932 · río=WS · estado=ACECHANDO · manos=OFF · pid=1084 · bridge=PROPIO
[RANGO] 1INCHUSDT_LINEAL last=0.08925 · río=WS · estado=ACECHANDO · manos=OFF · pid=1084 · bridge=PROPIO
[RANGO] 1INCHUSDT_LINEAL last=0.08916 · río=WS · estado=ACECHANDO · manos=OFF · pid=1084 · bridge=PROPIO
[RANGO] 1INCHUSDT_LINEAL last=0.08916 · río=WS · estado=ACECHANDO · manos=OFF · pid=1084 · bridge=PROPIO
[RANGO] 1INCHUSDT_LINEAL last=0.08916 · río=WS · estado=ACECHANDO · manos=OFF · pid=1084 · bridge=PROPIO
[RANGO] 1INCHUSDT_LINEAL last=0.08916 · río=WS · estado=ACECHANDO · manos=OFF · pid=1084 · bridge=PROPIO
[RANGO] 1INCHUSDT_LINEAL last=0.08911 · río=WS · estado=ACECHANDO · manos=OFF · pid=1084 · bridge=PROPIO
[RANGO] 1INCHUSDT_LINEAL last=0.08912 · río=WS · estado=ACECHANDO · manos=OFF · pid=1084 · bridge=PROPIO
[RANGO] 1INCHUSDT_LINEAL last=0.08916 · río=WS · estado=ACECHANDO · manos=OFF · pid=1084 · bridge=PROPIO
[RANGO] 1INCHUSDT_LINEAL last=0.0892 · río=WS · estado=ACECHANDO · manos=OFF · pid=1084 · bridge=PROPIO
[RANGO] 1INCHUSDT_LINEAL last=0.0892 · río=WS · estado=ACECHANDO · manos=OFF · pid=1084 · bridge=PROPIO
[RANGO] 1INCHUSDT_LINEAL last=0.08919 · río=WS · estado=ACECHANDO · manos=OFF · pid=1084 · bridge=PROPIO
[RANGO] 1INCHUSDT_LINEAL last=0.08919 · río=WS · estado=ACECHANDO · manos=OFF · pid=1084 · bridge=PROPIO
[RANGO] 1INCHUSDT_LINEAL last=0.08911 · río=WS · estado=ACECHANDO · manos=OFF · pid=1084 · bridge=PROPIO
[RANGO] 1INCHUSDT_LINEAL last=0.08918 · río=WS · estado=ACECHANDO · manos=OFF · pid=1084 · bridge=PROPIO
[RANGO] 1INCHUSDT_LINEAL last=0.08916 · río=WS · estado=ACECHANDO · manos=OFF · pid=1084 · bridge=PROPIO
[RANGO] 1INCHUSDT_LINEAL last=0.08915 · río=WS · estado=ACECHANDO · manos=OFF · pid=1084 · bridge=PROPIO
[RANGO] 1INCHUSDT_LINEAL last=0.08915 · río=WS · estado=ACECHANDO · manos=OFF · pid=1084 · bridge=PROPIO
[RANGO] 1INCHUSDT_LINEAL last=0.08915 · río=WS · estado=ACECHANDO · manos=OFF · pid=1084 · bridge=PROPIO
[RANGO] 1INCHUSDT_LINEAL last=0.08921 · río=WS · estado=ACECHANDO · manos=OFF · pid=1084 · bridge=PROPIO
[RANGO] 1INCHUSDT_LINEAL last=0.08921 · río=WS · estado=ACECHANDO · manos=OFF · pid=1084 · bridge=PROPIO
[RANGO] 1INCHUSDT_LINEAL last=0.08921 · río=WS · estado=ACECHANDO · manos=OFF · pid=1084 · bridge=PROPIO
[RANGO] 1INCHUSDT_LINEAL last=0.08926 · río=WS · estado=ACECHANDO · manos=OFF · pid=1084 · bridge=PROPIO
[RANGO] 1INCHUSDT_LINEAL last=0.08933 · río=WS · estado=ACECHANDO · manos=OFF · pid=1084 · bridge=PROPIO
[RANGO] 1INCHUSDT_LINEAL last=0.08933 · río=WS · estado=ACECHANDO · manos=OFF · pid=1084 · bridge=PROPIO
[RANGO] 1INCHUSDT_LINEAL last=0.08933 · río=WS · estado=ACECHANDO · manos=OFF · pid=1084 · bridge=PROPIO
[RANGO] 1INCHUSDT_LINEAL last=0.08918 · río=WS · estado=ACECHANDO · manos=OFF · pid=1084 · bridge=PROPIO
[RANGO] 1INCHUSDT_LINEAL last=0.08922 · río=WS · estado=ACECHANDO · manos=OFF · pid=1084 · bridge=PROPIO
[RANGO] 1INCHUSDT_LINEAL last=0.08922 · río=WS · estado=ACECHANDO · manos=OFF · pid=1084 · bridge=PROPIO
[RANGO] 1INCHUSDT_LINEAL last=0.08922 · río=WS · estado=ACECHANDO · manos=OFF · pid=1084 · bridge=PROPIO
[RANGO] 1INCHUSDT_LINEAL last=0.08922 · río=WS · estado=ACECHANDO · manos=OFF · pid=1084 · bridge=PROPIO
[RANGO] 1INCHUSDT_LINEAL last=0.08922 · río=WS · estado=ACECHANDO · manos=OFF · pid=1084 · bridge=PROPIO
[RANGO] 1INCHUSDT_LINEAL last=0.08928 · río=WS · estado=ACECHANDO · manos=OFF · pid=1084 · bridge=PROPIO
[RANGO] 1INCHUSDT_LINEAL last=0.08928 · río=WS · estado=ACECHANDO · manos=OFF · pid=1084 · bridge=PROPIO
[RANGO] 1INCHUSDT_LINEAL last=0.0893 · río=WS · estado=ACECHANDO · manos=OFF · pid=1084 · bridge=PROPIO
[RANGO] 1INCHUSDT_LINEAL last=0.08933 · río=WS · estado=ACECHANDO · manos=OFF · pid=1084 · bridge=PROPIO
[RANGO] 1INCHUSDT_LINEAL last=0.08927 · río=WS · estado=ACECHANDO · manos=OFF · pid=1084 · bridge=PROPIO
[RANGO] 1INCHUSDT_LINEAL last=0.08927 · río=WS · estado=ACECHANDO · manos=OFF · pid=1084 · bridge=PROPIO
[RANGO] 1INCHUSDT_LINEAL last=0.08922 · río=WS · estado=ACECHANDO · manos=OFF · pid=1084 · bridge=PROPIO
[RANGO] 1INCHUSDT_LINEAL last=0.08922 · río=WS · estado=ACECHANDO · manos=OFF · pid=1084 · bridge=PROPIO
[RANGO] 1INCHUSDT_LINEAL last=0.08922 · río=WS · estado=ACECHANDO · manos=OFF · pid=1084 · bridge=PROPIO
[RANGO] 1INCHUSDT_LINEAL last=0.08926 · río=WS · estado=ACECHANDO · manos=OFF · pid=1084 · bridge=PROPIO
[RANGO] 1INCHUSDT_LINEAL last=0.08929 · río=WS · estado=ACECHANDO · manos=OFF · pid=1084 · bridge=PROPIO
[RANGO] 1INCHUSDT_LINEAL last=0.08929 · río=WS · estado=ACECHANDO · manos=OFF · pid=1084 · bridge=PROPIO
[RANGO] 1INCHUSDT_LINEAL last=0.08929 · río=WS · estado=ACECHANDO · manos=OFF · pid=1084 · bridge=PROPIO
[RANGO] 1INCHUSDT_LINEAL last=0.08929 · río=WS · estado=ACECHANDO · manos=OFF · pid=1084 · bridge=PROPIO
[RANGO] 1INCHUSDT_LINEAL last=0.0893 · río=WS · estado=ACECHANDO · manos=OFF · pid=1084 · bridge=PROPIO
[RANGO] 1INCHUSDT_LINEAL last=0.0893 · río=WS · estado=ACECHANDO · manos=OFF · pid=1084 · bridge=PROPIO
[RANGO] 1INCHUSDT_LINEAL last=0.08932 · río=WS · estado=ACECHANDO · manos=OFF · pid=1084 · bridge=PROPIO
[RANGO] 1INCHUSDT_LINEAL last=0.08932 · río=WS · estado=ACECHANDO · manos=OFF · pid=1084 · bridge=PROPIO
[RANGO] 1INCHUSDT_LINEAL last=0.08944 · río=WS · estado=ACECHANDO · manos=OFF · pid=1084 · bridge=PROPIO
[RANGO] 1INCHUSDT_LINEAL last=0.08954 · río=WS · estado=ACECHANDO · manos=OFF · pid=1084 · bridge=PROPIO
[RANGO] 1INCHUSDT_LINEAL last=0.08952 · río=WS · estado=ACECHANDO · manos=OFF · pid=1084 · bridge=PROPIO
[RANGO] 1INCHUSDT_LINEAL last=0.08952 · río=WS · estado=ACECHANDO · manos=OFF · pid=1084 · bridge=PROPIO
[RANGO] 1INCHUSDT_LINEAL last=0.08951 · río=WS · estado=ACECHANDO · manos=OFF · pid=1084 · bridge=PROPIO
[RANGO] 1INCHUSDT_LINEAL last=0.08951 · río=WS · estado=ACECHANDO · manos=OFF · pid=1084 · bridge=PROPIO
[RANGO] 1INCHUSDT_LINEAL last=0.08951 · río=WS · estado=ACECHANDO · manos=OFF · pid=1084 · bridge=PROPIO
[RANGO] 1INCHUSDT_LINEAL last=0.08951 · río=WS · estado=ACECHANDO · manos=OFF · pid=1084 · bridge=PROPIO
[RANGO] 1INCHUSDT_LINEAL last=0.08954 · río=WS · estado=ACECHANDO · manos=OFF · pid=1084 · bridge=PROPIO
[RANGO] 1INCHUSDT_LINEAL last=0.08954 · río=WS · estado=ACECHANDO · manos=OFF · pid=1084 · bridge=PROPIO
[RANGO] 1INCHUSDT_LINEAL last=0.08954 · río=WS · estado=ACECHANDO · manos=OFF · pid=1084 · bridge=PROPIO
[RANGO] 1INCHUSDT_LINEAL last=0.08954 · río=WS · estado=ACECHANDO · manos=OFF · pid=1084 · bridge=PROPIO
[RANGO] 1INCHUSDT_LINEAL last=0.08955 · río=WS · estado=ACECHANDO · manos=OFF · pid=1084 · bridge=PROPIO
[RANGO] 1INCHUSDT_LINEAL last=0.08958 · río=WS · estado=ACECHANDO · manos=OFF · pid=1084 · bridge=PROPIO
[RANGO] 1INCHUSDT_LINEAL last=0.0896 · río=WS · estado=ACECHANDO · manos=OFF · pid=1084 · bridge=PROPIO
[RANGO] 1INCHUSDT_LINEAL last=0.0896 · río=WS · estado=ACECHANDO · manos=OFF · pid=1084 · bridge=PROPIO
[RANGO] 1INCHUSDT_LINEAL last=0.08967 · río=WS · estado=ACECHANDO · manos=OFF · pid=1084 · bridge=PROPIO
[RANGO] 1INCHUSDT_LINEAL last=0.08959 · río=WS · estado=ACECHANDO · manos=OFF · pid=1084 · bridge=PROPIO
[RANGO] 1INCHUSDT_LINEAL last=0.08974 · río=WS · estado=ACECHANDO · manos=OFF · pid=1084 · bridge=PROPIO
[RANGO] 1INCHUSDT_LINEAL last=0.08964 · río=WS · estado=ACECHANDO · manos=OFF · pid=1084 · bridge=PROPIO
[RANGO] 1INCHUSDT_LINEAL last=0.08971 · río=WS · estado=ACECHANDO · manos=OFF · pid=1084 · bridge=PROPIO
[RANGO] 1INCHUSDT_LINEAL last=0.08971 · río=WS · estado=ACECHANDO · manos=OFF · pid=1084 · bridge=PROPIO
[RANGO] 1INCHUSDT_LINEAL last=0.09 · río=WS · estado=ACECHANDO · manos=OFF · pid=1084 · bridge=PROPIO
[RANGO] 1INCHUSDT_LINEAL last=0.08998 · río=WS · estado=ACECHANDO · manos=OFF · pid=1084 · bridge=PROPIO
[RANGO] 1INCHUSDT_LINEAL last=0.09002 · río=WS · estado=ACECHANDO · manos=OFF · pid=1084 · bridge=PROPIO
[RANGO] 1INCHUSDT_LINEAL last=0.08985 · río=WS · estado=ACECHANDO · manos=OFF · pid=1084 · bridge=PROPIO
[RANGO] 1INCHUSDT_LINEAL last=0.08984 · río=WS · estado=ACECHANDO · manos=OFF · pid=1084 · bridge=PROPIO
[RANGO] 1INCHUSDT_LINEAL last=0.08982 · río=WS · estado=ACECHANDO · manos=OFF · pid=1084 · bridge=PROPIO
[RANGO] 1INCHUSDT_LINEAL last=0.0899 · río=WS · estado=ACECHANDO · manos=OFF · pid=1084 · bridge=PROPIO
[RANGO] 1INCHUSDT_LINEAL last=0.08979 · río=WS · estado=ACECHANDO · manos=OFF · pid=1084 · bridge=PROPIO
[RANGO] 1INCHUSDT_LINEAL last=0.08979 · río=WS · estado=ACECHANDO · manos=OFF · pid=1084 · bridge=PROPIO
[RANGO] 1INCHUSDT_LINEAL last=0.08979 · río=WS · estado=ACECHANDO · manos=OFF · pid=1084 · bridge=PROPIO
[RANGO] 1INCHUSDT_LINEAL last=0.08987 · río=WS · estado=ACECHANDO · manos=OFF · pid=1084 · bridge=PROPIO
[RANGO] 1INCHUSDT_LINEAL last=0.08996 · río=WS · estado=ACECHANDO · manos=OFF · pid=1084 · bridge=PROPIO
[RANGO] 1INCHUSDT_LINEAL last=0.09 · río=WS · estado=ACECHANDO · manos=OFF · pid=1084 · bridge=PROPIO
[RANGO] 1INCHUSDT_LINEAL last=0.09 · río=WS · estado=ACECHANDO · manos=OFF · pid=1084 · bridge=PROPIO
[RANGO] 1INCHUSDT_LINEAL last=0.09004 · río=WS · estado=ACECHANDO · manos=OFF · pid=1084 · bridge=PROPIO
[RANGO] 1INCHUSDT_LINEAL last=0.09004 · río=WS · estado=ACECHANDO · manos=OFF · pid=1084 · bridge=PROPIO
[RANGO] 1INCHUSDT_LINEAL last=0.09008 · río=WS · estado=ACECHANDO · manos=OFF · pid=1084 · bridge=PROPIO
