========================================================
  VIGILANTE BTC MIL — despertar escalonado piedra OKX
  Estado: C:\Users\lenovo\ShadowHarmy\data\beru\rango\despertar_mil_btc.json
  Intervalo: 30.0s · manos_go=False · dry_run=False
  Cada cruce: 1 rojo + 1 amarillo · proceso PROPIO por Santo
========================================================

[MIL] BTC=77117.20 zona=77000 · 1 cruce(s)
  cruce z=77000 arriba -> rojo=A amarillo=1INCH
  [OJOS] A pid=6220
  [OJOS] 1INCH pid=1084
[MIL] BTC=77116.10 zona=77000 · sin cruce
[MIL] BTC=77060.10 zona=77000 · sin cruce
[MIL] BTC=77060.70 zona=77000 · sin cruce
[MIL] BTC=77075.40 zona=77000 · sin cruce
[MIL] BTC=77102.20 zona=77000 · sin cruce
[MIL] BTC=77103.10 zona=77000 · sin cruce
[MIL] BTC=77159.60 zona=77000 · sin cruce
[MIL] BTC=77134.20 zona=77000 · sin cruce
[MIL] BTC=77120.70 zona=77000 · sin cruce
[MIL] BTC=77106.60 zona=77000 · sin cruce
[MIL] BTC=77130.00 zona=77000 · sin cruce
[MIL] BTC=77080.10 zona=77000 · sin cruce
[MIL] BTC=77119.80 zona=77000 · sin cruce
[MIL] BTC=77128.90 zona=77000 · sin cruce
[MIL] BTC=77175.90 zona=77000 · sin cruce
[MIL] BTC=77208.00 zona=77000 · sin cruce
[MIL] BTC=77212.30 zona=77000 · sin cruce
[MIL] BTC=77200.10 zona=77000 · sin cruce
[MIL] BTC=77198.80 zona=77000 · sin cruce
[MIL] BTC=77171.00 zona=77000 · sin cruce
[MIL] BTC=77176.00 zona=77000 · sin cruce
[MIL] BTC=77229.80 zona=77000 · sin cruce
[MIL] BTC=77217.10 zona=77000 · sin cruce
[MIL] BTC=77243.70 zona=77000 · sin cruce
[MIL] BTC=77211.20 zona=77000 · sin cruce
[MIL] BTC=77200.00 zona=77000 · sin cruce
[MIL] BTC=77181.40 zona=77000 · sin cruce
[MIL] BTC=77220.00 zona=77000 · sin cruce
[MIL] BTC=77242.50 zona=77000 · sin cruce
[MIL] BTC=77253.80 zona=77000 · sin cruce
[MIL] BTC=77312.50 zona=77000 · sin cruce
[MIL] BTC=77280.50 zona=77000 · sin cruce
[MIL] BTC=77290.80 zona=77000 · sin cruce
[MIL] BTC=77240.90 zona=77000 · sin cruce
[MIL] BTC=77213.20 zona=77000 · sin cruce
[MIL] BTC=77200.00 zona=77000 · sin cruce
[MIL] BTC=77264.90 zona=77000 · sin cruce
[MIL] BTC=77232.90 zona=77000 · sin cruce
[MIL] BTC=77242.80 zona=77000 · sin cruce
[MIL] BTC=77244.70 zona=77000 · sin cruce
[MIL] BTC=77239.50 zona=77000 · sin cruce
[MIL] BTC=77205.40 zona=77000 · sin cruce
[MIL] BTC=77243.70 zona=77000 · sin cruce
[MIL] BTC=77196.80 zona=77000 · sin cruce
[MIL] BTC=77230.00 zona=77000 · sin cruce
[MIL] BTC=77257.60 zona=77000 · sin cruce
[MIL] BTC=77231.90 zona=77000 · sin cruce
[MIL] BTC=77236.60 zona=77000 · sin cruce
[MIL] BTC=77172.30 zona=77000 · sin cruce
[MIL] BTC=77181.20 zona=77000 · sin cruce
[MIL] BTC=77196.50 zona=77000 · sin cruce
[MIL] BTC=77191.10 zona=77000 · sin cruce
[MIL] BTC=77188.90 zona=77000 · sin cruce
[MIL] BTC=77179.50 zona=77000 · sin cruce
[MIL] BTC=77157.70 zona=77000 · sin cruce
[MIL] BTC=77159.90 zona=77000 · sin cruce
[MIL] BTC=77154.90 zona=77000 · sin cruce
[MIL] BTC=77176.00 zona=77000 · sin cruce
[MIL] BTC=77134.50 zona=77000 · sin cruce
[MIL] BTC=77162.00 zona=77000 · sin cruce
[MIL] BTC=77171.20 zona=77000 · sin cruce
[MIL] BTC=77166.50 zona=77000 · sin cruce
[MIL] BTC=77171.30 zona=77000 · sin cruce
[MIL] BTC=77173.20 zona=77000 · sin cruce
[MIL] BTC=77190.20 zona=77000 · sin cruce
[MIL] BTC=77194.60 zona=77000 · sin cruce
[MIL] BTC=77194.00 zona=77000 · sin cruce
[MIL] BTC=77190.60 zona=77000 · sin cruce
[MIL] BTC=77211.50 zona=77000 · sin cruce
[MIL] BTC=77220.00 zona=77000 · sin cruce
[MIL] BTC=77200.00 zona=77000 · sin cruce
[MIL] BTC=77202.30 zona=77000 · sin cruce
[MIL] BTC=77214.20 zona=77000 · sin cruce
[MIL] BTC=77213.30 zona=77000 · sin cruce
[MIL] BTC=77202.20 zona=77000 · sin cruce
[MIL] BTC=77229.30 zona=77000 · sin cruce
[MIL] BTC=77248.90 zona=77000 · sin cruce
[MIL] BTC=77229.90 zona=77000 · sin cruce
[MIL] BTC=77231.70 zona=77000 · sin cruce
[MIL] BTC=77223.10 zona=77000 · sin cruce
[MIL] BTC=77239.30 zona=77000 · sin cruce
[MIL] BTC=77228.40 zona=77000 · sin cruce
[MIL] BTC=77200.00 zona=77000 · sin cruce
[MIL] BTC=77239.90 zona=77000 · sin cruce
[MIL] BTC=77239.00 zona=77000 · sin cruce
[MIL] BTC=77235.40 zona=77000 · sin cruce
[MIL] BTC=77241.80 zona=77000 · sin cruce
[MIL] BTC=77266.70 zona=77000 · sin cruce
[MIL] BTC=77279.70 zona=77000 · sin cruce
[MIL] BTC=77252.60 zona=77000 · sin cruce
[MIL] BTC=77285.10 zona=77000 · sin cruce
[MIL] BTC=77297.90 zona=77000 · sin cruce
[MIL] BTC=77272.90 zona=77000 · sin cruce
[MIL] BTC=77298.00 zona=77000 · sin cruce
[MIL] BTC=77358.80 zona=77000 · sin cruce
[MIL] BTC=77395.70 zona=77000 · sin cruce
[MIL] BTC=77370.50 zona=77000 · sin cruce
[MIL] BTC=77372.10 zona=77000 · sin cruce
[MIL] BTC=77369.90 zona=77000 · sin cruce
[MIL] BTC=77390.90 zona=77000 · sin cruce
[MIL] BTC=77397.30 zona=77000 · sin cruce
[MIL] BTC=77430.00 zona=77000 · sin cruce
[MIL] BTC=77441.70 zona=77000 · sin cruce
[MIL] BTC=77414.80 zona=77000 · sin cruce
[MIL] BTC=77403.90 zona=77000 · sin cruce
[MIL] BTC=77410.70 zona=77000 · sin cruce
[MIL] BTC=77428.10 zona=77000 · sin cruce
[MIL] BTC=77391.30 zona=77000 · sin cruce
[MIL] BTC=77426.80 zona=77000 · sin cruce
[MIL] BTC=77426.80 zona=77000 · sin cruce
[MIL] BTC=77388.20 zona=77000 · sin cruce
[MIL] BTC=77392.00 zona=77000 · sin cruce
[MIL] BTC=77420.10 zona=77000 · sin cruce
[MIL] BTC=77456.60 zona=77000 · sin cruce
[MIL] BTC=77545.00 zona=77000 · sin cruce
[MIL] BTC=77464.30 zona=77000 · sin cruce
[MIL] BTC=77448.50 zona=77000 · sin cruce
[MIL] BTC=77454.40 zona=77000 · sin cruce
[MIL] BTC=77449.90 zona=77000 · sin cruce
[MIL] BTC=77437.50 zona=77000 · sin cruce
[MIL] BTC=77460.70 zona=77000 · sin cruce
[MIL] BTC=77479.70 zona=77000 · sin cruce
[MIL] BTC=77470.10 zona=77000 · sin cruce
[MIL] BTC=77465.80 zona=77000 · sin cruce
[MIL] BTC=77464.10 zona=77000 · sin cruce
[MIL] BTC=77481.00 zona=77000 · sin cruce
[MIL] BTC=77507.90 zona=77000 · sin cruce
[MIL] BTC=77549.70 zona=77000 · sin cruce
[MIL] BTC=77567.40 zona=77000 · sin cruce
[MIL] BTC=77573.70 zona=77000 · sin cruce
[MIL] BTC=77555.00 zona=77000 · sin cruce
[MIL] BTC=77525.20 zona=77000 · sin cruce
[MIL] BTC=77550.80 zona=77000 · sin cruce
[MIL] BTC=77539.90 zona=77000 · sin cruce
[MIL] BTC=77516.70 zona=77000 · sin cruce
[MIL] BTC=77504.20 zona=77000 · sin cruce
[MIL] BTC=77485.60 zona=77000 · sin cruce
[MIL] BTC=77497.30 zona=77000 · sin cruce
[MIL] BTC=77509.90 zona=77000 · sin cruce
[MIL] BTC=77499.30 zona=77000 · sin cruce
[MIL] BTC=77499.30 zona=77000 · sin cruce
[MIL] BTC=77522.00 zona=77000 · sin cruce
[MIL] BTC=77539.70 zona=77000 · sin cruce
[MIL] BTC=77688.00 zona=77000 · sin cruce
[MIL] BTC=77755.70 zona=77000 · sin cruce
[MIL] BTC=77704.80 zona=77000 · sin cruce
[MIL] BTC=77672.60 zona=77000 · sin cruce
[MIL] BTC=77659.50 zona=77000 · sin cruce
[MIL] BTC=77626.70 zona=77000 · sin cruce
[MIL] BTC=77649.00 zona=77000 · sin cruce
[MIL] BTC=77639.80 zona=77000 · sin cruce
[MIL] BTC=77603.10 zona=77000 · sin cruce
[MIL] BTC=77592.30 zona=77000 · sin cruce
[MIL] BTC=77549.30 zona=77000 · sin cruce
[MIL] BTC=77551.20 zona=77000 · sin cruce
[MIL] BTC=77518.60 zona=77000 · sin cruce
[MIL] BTC=77525.50 zona=77000 · sin cruce
[MIL] BTC=77519.10 zona=77000 · sin cruce
[MIL] BTC=77513.40 zona=77000 · sin cruce
[MIL] BTC=77507.40 zona=77000 · sin cruce
[MIL] BTC=77496.30 zona=77000 · sin cruce
[MIL] BTC=77488.40 zona=77000 · sin cruce
[MIL] BTC=77490.60 zona=77000 · sin cruce
[MIL] BTC=77484.90 zona=77000 · sin cruce
[MIL] BTC=77490.60 zona=77000 · sin cruce
[MIL] BTC=77496.30 zona=77000 · sin cruce
[MIL] BTC=77499.90 zona=77000 · sin cruce
[MIL] BTC=77477.50 zona=77000 · sin cruce
[MIL] BTC=77498.70 zona=77000 · sin cruce
[MIL] BTC=77517.90 zona=77000 · sin cruce
[MIL] BTC=77562.40 zona=77000 · sin cruce
[MIL] BTC=77608.90 zona=77000 · sin cruce
[MIL] BTC=77582.70 zona=77000 · sin cruce
[MIL] BTC=77610.40 zona=77000 · sin cruce
[MIL] BTC=77567.80 zona=77000 · sin cruce
[MIL] BTC=77542.60 zona=77000 · sin cruce
[MIL] BTC=77522.30 zona=77000 · sin cruce
[MIL] BTC=77499.90 zona=77000 · sin cruce
[MIL] BTC=77487.00 zona=77000 · sin cruce
[MIL] BTC=77487.40 zona=77000 · sin cruce
[MIL] BTC=77526.20 zona=77000 · sin cruce
[MIL] BTC=77530.00 zona=77000 · sin cruce
[MIL] BTC=77560.00 zona=77000 · sin cruce
[MIL] BTC=77552.50 zona=77000 · sin cruce
[MIL] BTC=77580.20 zona=77000 · sin cruce
[MIL] BTC=77574.10 zona=77000 · sin cruce
[MIL] BTC=77598.30 zona=77000 · sin cruce
[MIL] BTC=77571.70 zona=77000 · sin cruce
[MIL] BTC=77588.10 zona=77000 · sin cruce
[MIL] BTC=77594.00 zona=77000 · sin cruce
[MIL] BTC=77600.00 zona=77000 · sin cruce
[MIL] BTC=77571.30 zona=77000 · sin cruce
[MIL] BTC=77573.10 zona=77000 · sin cruce
[MIL] BTC=77571.30 zona=77000 · sin cruce
[MIL] BTC=77534.50 zona=77000 · sin cruce
[MIL] BTC=77559.20 zona=77000 · sin cruce
[MIL] BTC=77556.50 zona=77000 · sin cruce
[MIL] BTC=77549.90 zona=77000 · sin cruce
[MIL] BTC=77549.90 zona=77000 · sin cruce
[MIL] BTC=77550.00 zona=77000 · sin cruce
[MIL] BTC=77549.90 zona=77000 · sin cruce
[MIL] BTC=77555.30 zona=77000 · sin cruce
[MIL] BTC=77530.10 zona=77000 · sin cruce
[MIL] BTC=77525.10 zona=77000 · sin cruce
[MIL] BTC=77490.10 zona=77000 · sin cruce
[MIL] BTC=77479.40 zona=77000 · sin cruce
[MIL] BTC=77512.30 zona=77000 · sin cruce
[MIL] BTC=77524.90 zona=77000 · sin cruce
[MIL] BTC=77540.00 zona=77000 · sin cruce
[MIL] BTC=77524.20 zona=77000 · sin cruce
[MIL] BTC=77530.60 zona=77000 · sin cruce
[MIL] BTC=77516.10 zona=77000 · sin cruce
[MIL] BTC=77487.10 zona=77000 · sin cruce
[MIL] BTC=77487.20 zona=77000 · sin cruce
[MIL] BTC=77477.40 zona=77000 · sin cruce
[MIL] BTC=77461.50 zona=77000 · sin cruce
[MIL] BTC=77465.50 zona=77000 · sin cruce
[MIL] BTC=77469.90 zona=77000 · sin cruce
[MIL] BTC=77489.30 zona=77000 · sin cruce
[MIL] BTC=77490.30 zona=77000 · sin cruce
[MIL] BTC=77476.80 zona=77000 · sin cruce
[MIL] BTC=77476.80 zona=77000 · sin cruce
[MIL] BTC=77440.20 zona=77000 · sin cruce
[MIL] BTC=77443.80 zona=77000 · sin cruce
[MIL] BTC=77443.70 zona=77000 · sin cruce
[MIL] BTC=77440.10 zona=77000 · sin cruce
[MIL] BTC=77404.30 zona=77000 · sin cruce
[MIL] BTC=77385.00 zona=77000 · sin cruce
[MIL] BTC=77392.40 zona=77000 · sin cruce
[MIL] BTC=77369.80 zona=77000 · sin cruce
[MIL] BTC=77351.20 zona=77000 · sin cruce
[MIL] BTC=77340.70 zona=77000 · sin cruce
[MIL] BTC=77340.60 zona=77000 · sin cruce
[MIL] BTC=77331.50 zona=77000 · sin cruce
[MIL] BTC=77324.60 zona=77000 · sin cruce
[MIL] BTC=77331.60 zona=77000 · sin cruce
[MIL] BTC=77331.60 zona=77000 · sin cruce
[MIL] BTC=77324.50 zona=77000 · sin cruce
[MIL] BTC=77350.30 zona=77000 · sin cruce
[MIL] BTC=77340.60 zona=77000 · sin cruce
[MIL] BTC=77328.80 zona=77000 · sin cruce
[MIL] BTC=77337.10 zona=77000 · sin cruce
[MIL] BTC=77337.30 zona=77000 · sin cruce
[MIL] BTC=77309.40 zona=77000 · sin cruce
[MIL] BTC=77270.50 zona=77000 · sin cruce
[MIL] BTC=77268.40 zona=77000 · sin cruce
[MIL] BTC=77283.70 zona=77000 · sin cruce
[MIL] BTC=77349.40 zona=77000 · sin cruce
[MIL] BTC=77346.20 zona=77000 · sin cruce
[MIL] BTC=77363.00 zona=77000 · sin cruce
[MIL] BTC=77363.00 zona=77000 · sin cruce
[MIL] BTC=77371.00 zona=77000 · sin cruce
[MIL] BTC=77372.90 zona=77000 · sin cruce
[MIL] BTC=77389.60 zona=77000 · sin cruce
[MIL] BTC=77374.10 zona=77000 · sin cruce
[MIL] BTC=77386.40 zona=77000 · sin cruce
[MIL] BTC=77366.40 zona=77000 · sin cruce
[MIL] BTC=77361.60 zona=77000 · sin cruce
[MIL] BTC=77361.70 zona=77000 · sin cruce
[MIL] BTC=77384.10 zona=77000 · sin cruce
[MIL] BTC=77392.20 zona=77000 · sin cruce
[MIL] BTC=77380.00 zona=77000 · sin cruce
[MIL] BTC=77357.00 zona=77000 · sin cruce
[MIL] BTC=77383.20 zona=77000 · sin cruce
[MIL] BTC=77391.60 zona=77000 · sin cruce
[MIL] BTC=77397.40 zona=77000 · sin cruce
[MIL] BTC=77394.80 zona=77000 · sin cruce
[MIL] BTC=77411.80 zona=77000 · sin cruce
[MIL] BTC=77382.50 zona=77000 · sin cruce
[MIL] BTC=77404.00 zona=77000 · sin cruce
[MIL] BTC=77398.50 zona=77000 · sin cruce
[MIL] BTC=77402.40 zona=77000 · sin cruce
[MIL] BTC=77438.00 zona=77000 · sin cruce
[MIL] BTC=77438.20 zona=77000 · sin cruce
[MIL] BTC=77462.40 zona=77000 · sin cruce
[MIL] BTC=77452.80 zona=77000 · sin cruce
[MIL] BTC=77452.90 zona=77000 · sin cruce
[MIL] BTC=77430.10 zona=77000 · sin cruce
[MIL] BTC=77450.80 zona=77000 · sin cruce
[MIL] BTC=77470.50 zona=77000 · sin cruce
[MIL] BTC=77451.20 zona=77000 · sin cruce
[MIL] BTC=77444.40 zona=77000 · sin cruce
[MIL] BTC=77446.60 zona=77000 · sin cruce
[MIL] BTC=77446.50 zona=77000 · sin cruce
[MIL] BTC=77469.90 zona=77000 · sin cruce
[MIL] BTC=77454.60 zona=77000 · sin cruce
[MIL] BTC=77459.90 zona=77000 · sin cruce
