Traceback (most recent call last):
  File "C:\Users\lenovo\ShadowHarmy\scripts\arise_beru_rango_manos.py", line 533, in ritual
    raise RuntimeError(f"Sin last {MERCADO} {act} para wake")
RuntimeError: Sin last linear SYSTEM.COLLECTIONS.HASHTABLE para wake
Traceback (most recent call last):
  File "C:\Users\lenovo\ShadowHarmy\scripts\arise_beru_rango_manos.py", line 727, in <module>
    raise SystemExit(main())
                     ~~~~^^
  File "C:\Users\lenovo\ShadowHarmy\scripts\arise_beru_rango_manos.py", line 714, in main
    asyncio.run(
    ~~~~~~~~~~~^
        ritual(
        ^^^^^^^
    ...<5 lines>...
        )
        ^
    )
    ^
  File "C:\Users\lenovo\AppData\Local\Python\pythoncore-3.14-64\Lib\asyncio\runners.py", line 204, in run
    return runner.run(main)
           ~~~~~~~~~~^^^^^^
  File "C:\Users\lenovo\AppData\Local\Python\pythoncore-3.14-64\Lib\asyncio\runners.py", line 127, in run
    return self._loop.run_until_complete(task)
           ~~~~~~~~~~~~~~~~~~~~~~~~~~~~~^^^^^^
  File "C:\Users\lenovo\AppData\Local\Python\pythoncore-3.14-64\Lib\asyncio\base_events.py", line 719, in run_until_complete
    return future.result()
           ~~~~~~~~~~~~~^^
  File "C:\Users\lenovo\ShadowHarmy\scripts\arise_beru_rango_manos.py", line 533, in ritual
    raise RuntimeError(f"Sin last {MERCADO} {act} para wake")
RuntimeError: Sin last linear SYSTEM.COLLECTIONS.HASHTABLE para wake
