2026-08-29 18:00:58 - pybit._http_manager - ERROR - Too many visits. Exceeded the API Rate Limit. (ErrCode: 10006). Hit the API rate limit on https://api.bybit.com/v5/position/list?category=inverse. Sleeping then trying again.
2026-08-29 18:00:58 - pybit._http_manager - ERROR - API rate limit will reset at 18:00:59.751. Sleeping for 806 ms. Retrying...
2026-08-30 15:02026-08-30 17:17:15 - pybit._http_manager - ERROR - Too many visits. Exceeded the API Rate Limit. (ErrCode: 10006). Hit the API rate limit on https://api.bybit.com/v5/order/create. Sleeping then trying again.
2026-08-30 17:17:15 - pybit._http_manager - ERROR - API rate limit will reset at 17:17:16.313. Sleeping for 865 ms. Retrying...
2026-08-30 17:46:07 - pybit._http_manager - ERROR - Too many visits. Exceeded the API Rate Limit. (ErrCode: 10006). Hit the API rate limit on https://api.bybit.com/v5/order/create. Sleeping then trying again.
2026-08-30 17:46:07 - pybit._http_manager - ERROR - API rate limit will reset at 17:46:08.440. Sleeping for 883 ms. Retrying...
2026-08-30 17:46:08 - pybit._http_manager - ERROR - Too many visits. Exceeded the API Rate Limit. (ErrCode: 10006). Hit the API rate limit on https://api.bybit.com/v5/order/create. Sleeping then trying again.
2026-08-30 17:46:08 - pybit._http_manager - ERROR - API rate limit will reset at 17:46:09.593. Sleeping for 887 ms. Retrying...
2026-08-30 17:46:09 - pybit._http_manager - ERROR - Too many visits. Exceeded the API Rate Limit. (ErrCode: 10006). Hit the API rate limit on https://api.bybit.com/v5/order/create. Sleeping then trying again.
2026-08-30 17:46:09 - pybit._http_manager - ERROR - API rate limit will reset at 17:46:10.744. Sleeping for 887 ms. Retrying...
2026-08-30 17:46:12 - pybit._http_manager - ERROR - Too many visits. Exceeded the API Rate Limit. (ErrCode: 10006). Hit the API rate limit on https://api.bybit.com/v5/order/create. Sleeping then trying again.
2026-08-30 17:46:12 - pybit._http_manager - ERROR - API rate limit will reset at 17:46:13.241. Sleeping for 887 ms. Retrying...
2026-08-30 17:46:13 - pybit._http_manager - ERROR - Too many visits. Exceeded the API Rate Limit. (ErrCode: 10006). Hit the API rate limit on https://api.bybit.com/v5/order/create. Sleeping then trying again.
2026-08-30 17:46:13 - pybit._http_manager - ERROR - API rate limit will reset at 17:46:14.690. Sleeping for 888 ms. Retrying...
2026-08-30 17:46:15 - pybit._http_manager - ERROR - Too many visits. Exceeded the API Rate Limit. (ErrCode: 10006). Hit the API rate limit on https://api.bybit.com/v5/order/create. Sleeping then trying again.
2026-08-30 17:46:15 - pybit._http_manager - ERROR - API rate limit will reset at 17:46:15.926. Sleeping for 881 ms. Retrying...
6:10 - pybit._http_manager - ERROR - Too many visits. Exceeded the API Rate Limit. (ErrCode: 10006). Hit the API rate limit on https://api.bybit.com/v5/order/create. Sleeping then trying again.
2026-08-30 17:46:10 - pybit._http_manager - ERROR - API rate limit will reset at 17:46:11.836. Sleeping for 886 ms. Retrying...
2026-08-30 17:46:12 - pybit._http_manager - ERROR - Too many visits. Exceeded the API Rate Limit. (ErrCode: 10006). Hit the API rate limit on https://api.bybit.com/v5/order/create. Sleeping then trying again.
2026-08-30 17:46:12 - pybit._http_manager - ERROR - API rate limit will reset at 17:46:13.276. Sleeping for 885 ms. Retrying...
2026-08-30 17:46:13 - pybit._http_manager - ERROR - Too many visits. Exceeded the API Rate Limit. (ErrCode: 10006). Hit the API rate limit on https://api.bybit.com/v5/order/create. Sleeping then trying again.
2026-08-30 17:46:13 - pybit._http_manager - ERROR - API rate limit will reset at 17:46:14.428. Sleeping for 880 ms. Retrying...
